Archive member included to satisfy reference by file (symbol)

/opt/st/stm32cubeide_1.19.0/plugins/com.st.stm32cube.ide.mcu.externaltools.gnu-tools-for-stm32.13.3.rel1.linux64_1.0.0.202410170706/tools/bin/../lib/gcc/arm-none-eabi/13.3.1/../../../../arm-none-eabi/lib/thumb/v7e-m+fp/hard/libc_nano.a(libc_a-exit.o)
                              /opt/st/stm32cubeide_1.19.0/plugins/com.st.stm32cube.ide.mcu.externaltools.gnu-tools-for-stm32.13.3.rel1.linux64_1.0.0.202410170706/tools/bin/../lib/gcc/arm-none-eabi/13.3.1/../../../../arm-none-eabi/lib/thumb/v7e-m+fp/hard/crt0.o (exit)
/opt/st/stm32cubeide_1.19.0/plugins/com.st.stm32cube.ide.mcu.externaltools.gnu-tools-for-stm32.13.3.rel1.linux64_1.0.0.202410170706/tools/bin/../lib/gcc/arm-none-eabi/13.3.1/../../../../arm-none-eabi/lib/thumb/v7e-m+fp/hard/libc_nano.a(libc_a-findfp.o)
                              ./ThirdParty/FreeRTOS/tasks.o (__sf)
/opt/st/stm32cubeide_1.19.0/plugins/com.st.stm32cube.ide.mcu.externaltools.gnu-tools-for-stm32.13.3.rel1.linux64_1.0.0.202410170706/tools/bin/../lib/gcc/arm-none-eabi/13.3.1/../../../../arm-none-eabi/lib/thumb/v7e-m+fp/hard/libc_nano.a(libc_a-fwalk.o)
                              /opt/st/stm32cubeide_1.19.0/plugins/com.st.stm32cube.ide.mcu.externaltools.gnu-tools-for-stm32.13.3.rel1.linux64_1.0.0.202410170706/tools/bin/../lib/gcc/arm-none-eabi/13.3.1/../../../../arm-none-eabi/lib/thumb/v7e-m+fp/hard/libc_nano.a(libc_a-findfp.o) (_fwalk_sglue)
/opt/st/stm32cubeide_1.19.0/plugins/com.st.stm32cube.ide.mcu.externaltools.gnu-tools-for-stm32.13.3.rel1.linux64_1.0.0.202410170706/tools/bin/../lib/gcc/arm-none-eabi/13.3.1/../../../../arm-none-eabi/lib/thumb/v7e-m+fp/hard/libc_nano.a(libc_a-stdio.o)
                              /opt/st/stm32cubeide_1.19.0/plugins/com.st.stm32cube.ide.mcu.externaltools.gnu-tools-for-stm32.13.3.rel1.linux64_1.0.0.202410170706/tools/bin/../lib/gcc/arm-none-eabi/13.3.1/../../../../arm-none-eabi/lib/thumb/v7e-m+fp/hard/libc_nano.a(libc_a-findfp.o) (__sread)
/opt/st/stm32cubeide_1.19.0/plugins/com.st.stm32cube.ide.mcu.externaltools.gnu-tools-for-stm32.13.3.rel1.linux64_1.0.0.202410170706/tools/bin/../lib/gcc/arm-none-eabi/13.3.1/../../../../arm-none-eabi/lib/thumb/v7e-m+fp/hard/libc_nano.a(libc_a-memcmp.o)
                              ./ThirdParty/SystemView/FreeRTOSV11/SEGGER_SYSVIEW_FreeRTOS.o (memcmp)
/opt/st/stm32cubeide_1.19.0/plugins/com.st.stm32cube.ide.mcu.externaltools.gnu-tools-for-stm32.13.3.rel1.linux64_1.0.0.202410170706/tools/bin/../lib/gcc/arm-none-eabi/13.3.1/../../../../arm-none-eabi/lib/thumb/v7e-m+fp/hard/libc_nano.a(libc_a-memset.o)
                              /opt/st/stm32cubeide_1.19.0/plugins/com.st.stm32cube.ide.mcu.externaltools.gnu-tools-for-stm32.13.3.rel1.linux64_1.0.0.202410170706/tools/bin/../lib/gcc/arm-none-eabi/13.3.1/../../../../arm-none-eabi/lib/thumb/v7e-m+fp/hard/crt0.o (memset)
/opt/st/stm32cubeide_1.19.0/plugins/com.st.stm32cube.ide.mcu.externaltools.gnu-tools-for-stm32.13.3.rel1.linux64_1.0.0.202410170706/tools/bin/../lib/gcc/arm-none-eabi/13.3.1/../../../../arm-none-eabi/lib/thumb/v7e-m+fp/hard/libc_nano.a(libc_a-closer.o)
                              /opt/st/stm32cubeide_1.19.0/plugins/com.st.stm32cube.ide.mcu.externaltools.gnu-tools-for-stm32.13.3.rel1.linux64_1.0.0.202410170706/tools/bin/../lib/gcc/arm-none-eabi/13.3.1/../../../../arm-none-eabi/lib/thumb/v7e-m+fp/hard/libc_nano.a(libc_a-stdio.o) (_close_r)
/opt/st/stm32cubeide_1.19.0/plugins/com.st.stm32cube.ide.mcu.externaltools.gnu-tools-for-stm32.13.3.rel1.linux64_1.0.0.202410170706/tools/bin/../lib/gcc/arm-none-eabi/13.3.1/../../../../arm-none-eabi/lib/thumb/v7e-m+fp/hard/libc_nano.a(libc_a-reent.o)
                              ./ThirdParty/FreeRTOS/tasks.o (_reclaim_reent)
/opt/st/stm32cubeide_1.19.0/plugins/com.st.stm32cube.ide.mcu.externaltools.gnu-tools-for-stm32.13.3.rel1.linux64_1.0.0.202410170706/tools/bin/../lib/gcc/arm-none-eabi/13.3.1/../../../../arm-none-eabi/lib/thumb/v7e-m+fp/hard/libc_nano.a(libc_a-impure.o)
                              ./ThirdParty/FreeRTOS/tasks.o (_impure_ptr)
/opt/st/stm32cubeide_1.19.0/plugins/com.st.stm32cube.ide.mcu.externaltools.gnu-tools-for-stm32.13.3.rel1.linux64_1.0.0.202410170706/tools/bin/../lib/gcc/arm-none-eabi/13.3.1/../../../../arm-none-eabi/lib/thumb/v7e-m+fp/hard/libc_nano.a(libc_a-lseekr.o)
                              /opt/st/stm32cubeide_1.19.0/plugins/com.st.stm32cube.ide.mcu.externaltools.gnu-tools-for-stm32.13.3.rel1.linux64_1.0.0.202410170706/tools/bin/../lib/gcc/arm-none-eabi/13.3.1/../../../../arm-none-eabi/lib/thumb/v7e-m+fp/hard/libc_nano.a(libc_a-stdio.o) (_lseek_r)
/opt/st/stm32cubeide_1.19.0/plugins/com.st.stm32cube.ide.mcu.externaltools.gnu-tools-for-stm32.13.3.rel1.linux64_1.0.0.202410170706/tools/bin/../lib/gcc/arm-none-eabi/13.3.1/../../../../arm-none-eabi/lib/thumb/v7e-m+fp/hard/libc_nano.a(libc_a-readr.o)
[...]
Memory Configuration

Name             Origin             Length             Attributes
RAM              0x20000000         0x00020000         xrw
FLASH            0x08000000         0x00080000         xr
*default*        0x00000000         0xffffffff

Linker script and memory map

LOAD /opt/st/stm32cubeide_1.19.0/plugins/com.st.stm32cube.ide.mcu.externaltools.gnu-tools-for-stm32.13.3.rel1.linux64_1.0.0.202410170706/tools/bin/../lib/gcc/arm-none-eabi/13.3.1/thumb/v7e-m+fp/hard/crti.o
LOAD /opt/st/stm32cubeide_1.19.0/plugins/com.st.stm32cube.ide.mcu.externaltools.gnu-tools-for-stm32.13.3.rel1.linux64_1.0.0.202410170706/tools/bin/../lib/gcc/arm-none-eabi/13.3.1/thumb/v7e-m+fp/hard/crtbegin.o
LOAD /opt/st/stm32cubeide_1.19.0/plugins/com.st.stm32cube.ide.mcu.externaltools.gnu-tools-for-stm32.13.3.rel1.linux64_1.0.0.202410170706/tools/bin/../lib/gcc/arm-none-eabi/13.3.1/../../../../arm-none-eabi/lib/thumb/v7e-m+fp/hard/crt0.o
LOAD ./Common/src/i2c_busses.o
LOAD ./Core/Src/main.o
LOAD ./Core/Src/motion_planning.o
LOAD ./Core/Src/pose_estimation.o
LOAD ./Core/Src/robotto_tasks.o
LOAD ./Core/Src/stm32f4xx_hal_msp.o
LOAD ./Core/Src/stm32f4xx_hal_timebase_tim.o
LOAD ./Core/Src/stm32f4xx_it.o
LOAD ./Core/Src/syscalls.o
LOAD ./Core/Src/sysmem.o
LOAD ./Core/Src/system_stm32f4xx.o
LOAD ./Core/Src/wheels_control.o
LOAD ./Core/Startup/startup_stm32f446retx.o
LOAD ./Drivers/STM32F4xx_HAL_Driver/Src/stm32f4xx_hal.o
LOAD ./Drivers/STM32F4xx_HAL_Driver/Src/stm32f4xx_hal_cortex.o
LOAD ./Drivers/STM32F4xx_HAL_Driver/Src/stm32f4xx_hal_dma.o
LOAD ./Drivers/STM32F4xx_HAL_Driver/Src/stm32f4xx_hal_dma_ex.o
LOAD ./Drivers/STM32F4xx_HAL_Driver/Src/stm32f4xx_hal_exti.o
LOAD ./Drivers/STM32F4xx_HAL_Driver/Src/stm32f4xx_hal_flash.o
LOAD ./Drivers/STM32F4xx_HAL_Driver/Src/stm32f4xx_hal_flash_ex.o
LOAD ./Drivers/STM32F4xx_HAL_Driver/Src/stm32f4xx_hal_flash_ramfunc.o
LOAD ./Drivers/STM32F4xx_HAL_Driver/Src/stm32f4xx_hal_gpio.o
LOAD ./Drivers/STM32F4xx_HAL_Driver/Src/stm32f4xx_hal_i2c.o
LOAD ./Drivers/STM32F4xx_HAL_Driver/Src/stm32f4xx_hal_i2c_ex.o
LOAD ./Drivers/STM32F4xx_HAL_Driver/Src/stm32f4xx_hal_pwr.o
LOAD ./Drivers/STM32F4xx_HAL_Driver/Src/stm32f4xx_hal_pwr_ex.o
LOAD ./Drivers/STM32F4xx_HAL_Driver/Src/stm32f4xx_hal_rcc.o
LOAD ./Drivers/STM32F4xx_HAL_Driver/Src/stm32f4xx_hal_rcc_ex.o
LOAD ./Drivers/STM32F4xx_HAL_Driver/Src/stm32f4xx_hal_tim.o
LOAD ./Drivers/STM32F4xx_HAL_Driver/Src/stm32f4xx_hal_tim_ex.o
LOAD ./Logic/src/odometry.o
LOAD ./Logic/src/pid_motor_controller.o
LOAD ./Logic/src/wheel_status_estimator.o
LOAD ./SensorsAndActuators/src/encoder_reader.o
LOAD ./SensorsAndActuators/src/imu_reader.o
LOAD ./SensorsAndActuators/src/motor_driver.o
LOAD ./ThirdParty/FreeRTOS/croutine.o
LOAD ./ThirdParty/FreeRTOS/event_groups.o
LOAD ./ThirdParty/FreeRTOS/list.o
LOAD ./ThirdParty/FreeRTOS/queue.o
LOAD ./ThirdParty/FreeRTOS/stream_buffer.o
LOAD ./ThirdParty/FreeRTOS/tasks.o
LOAD ./ThirdParty/FreeRTOS/timers.o
LOAD ./ThirdParty/FreeRTOS/portable/GCC/ARM_CM4F/port.o
LOAD ./ThirdParty/FreeRTOS/portable/MemMang/heap_4.o
LOAD ./ThirdParty/RTT/RTT/SEGGER_RTT.o
LOAD ./ThirdParty/RTT/RTT/SEGGER_RTT_ASM_ARMv7M.o
LOAD ./ThirdParty/RTT/RTT/SEGGER_RTT_printf.o
LOAD ./ThirdParty/RTT/Syscalls/SEGGER_RTT_Syscalls_GCC.o
LOAD ./ThirdParty/SystemView/Config/SEGGER_SYSVIEW_Config_FreeRTOS.o
LOAD ./ThirdParty/SystemView/FreeRTOSV11/SEGGER_SYSVIEW_FreeRTOS.o
LOAD ./ThirdParty/SystemView/SYSVIEW/SEGGER_SYSVIEW.o
START GROUP
LOAD /opt/st/stm32cubeide_1.19.0/plugins/com.st.stm32cube.ide.mcu.externaltools.gnu-tools-for-stm32.13.3.rel1.linux64_1.0.0.202410170706/tools/bin/../lib/gcc/arm-none-eabi/13.3.1/../../../../arm-none-eabi/lib/thumb/v7e-m+fp/hard/libc_nano.a
LOAD /opt/st/stm32cubeide_1.19.0/plugins/com.st.stm32cube.ide.mcu.externaltools.gnu-tools-for-stm32.13.3.rel1.linux64_1.0.0.202410170706/tools/bin/../lib/gcc/arm-none-eabi/13.3.1/../../../../arm-none-eabi/lib/thumb/v7e-m+fp/hard/libm.a
END GROUP
START GROUP
LOAD /opt/st/stm32cubeide_1.19.0/plugins/com.st.stm32cube.ide.mcu.externaltools.gnu-tools-for-stm32.13.3.rel1.linux64_1.0.0.202410170706/tools/bin/../lib/gcc/arm-none-eabi/13.3.1/thumb/v7e-m+fp/hard/libgcc.a
LOAD /opt/st/stm32cubeide_1.19.0/plugins/com.st.stm32cube.ide.mcu.externaltools.gnu-tools-for-stm32.13.3.rel1.linux64_1.0.0.202410170706/tools/bin/../lib/gcc/arm-none-eabi/13.3.1/../../../../arm-none-eabi/lib/thumb/v7e-m+fp/hard/libc_nano.a
END GROUP
START GROUP
LOAD /opt/st/stm32cubeide_1.19.0/plugins/com.st.stm32cube.ide.mcu.externaltools.gnu-tools-for-stm32.13.3.rel1.linux64_1.0.0.202410170706/tools/bin/../lib/gcc/arm-none-eabi/13.3.1/thumb/v7e-m+fp/hard/libgcc.a
LOAD /opt/st/stm32cubeide_1.19.0/plugins/com.st.stm32cube.ide.mcu.externaltools.gnu-tools-for-stm32.13.3.rel1.linux64_1.0.0.202410170706/tools/bin/../lib/gcc/arm-none-eabi/13.3.1/../../../../arm-none-eabi/lib/thumb/v7e-m+fp/hard/libc_nano.a
LOAD /opt/st/stm32cubeide_1.19.0/plugins/com.st.stm32cube.ide.mcu.externaltools.gnu-tools-for-stm32.13.3.rel1.linux64_1.0.0.202410170706/tools/bin/../lib/gcc/arm-none-eabi/13.3.1/../../../../arm-none-eabi/lib/thumb/v7e-m+fp/hard/libnosys.a
END GROUP
START GROUP
LOAD /opt/st/stm32cubeide_1.19.0/plugins/com.st.stm32cube.ide.mcu.externaltools.gnu-tools-for-stm32.13.3.rel1.linux64_1.0.0.202410170706/tools/bin/../lib/gcc/arm-none-eabi/13.3.1/thumb/v7e-m+fp/hard/libgcc.a
LOAD /opt/st/stm32cubeide_1.19.0/plugins/com.st.stm32cube.ide.mcu.externaltools.gnu-tools-for-stm32.13.3.rel1.linux64_1.0.0.202410170706/tools/bin/../lib/gcc/arm-none-eabi/13.3.1/../../../../arm-none-eabi/lib/thumb/v7e-m+fp/hard/libc_nano.a
LOAD /opt/st/stm32cubeide_1.19.0/plugins/com.st.stm32cube.ide.mcu.externaltools.gnu-tools-for-stm32.13.3.rel1.linux64_1.0.0.202410170706/tools/bin/../lib/gcc/arm-none-eabi/13.3.1/../../../../arm-none-eabi/lib/thumb/v7e-m+fp/hard/libnosys.a
END GROUP
LOAD /opt/st/stm32cubeide_1.19.0/plugins/com.st.stm32cube.ide.mcu.externaltools.gnu-tools-for-stm32.13.3.rel1.linux64_1.0.0.202410170706/tools/bin/../lib/gcc/arm-none-eabi/13.3.1/thumb/v7e-m+fp/hard/crtend.o
LOAD /opt/st/stm32cubeide_1.19.0/plugins/com.st.stm32cube.ide.mcu.externaltools.gnu-tools-for-stm32.13.3.rel1.linux64_1.0.0.202410170706/tools/bin/../lib/gcc/arm-none-eabi/13.3.1/thumb/v7e-m+fp/hard/crtn.o
                0x20020000                        _estack = (ORIGIN (RAM) + LENGTH (RAM))
                0x00000200                        _Min_Heap_Size = 0x200
                0x00000400                        _Min_Stack_Size = 0x400

.isr_vector     0x08000000      0x1c4
                0x08000000                        . = ALIGN (0x4)
 *(.isr_vector)
 .isr_vector    0x08000000      0x1c4 ./Core/Startup/startup_stm32f446retx.o
                0x08000000                g_pfnVectors
                0x080001c4                        . = ALIGN (0x4)

.text           0x080001d0     0xce68
                0x080001d0                        . = ALIGN (0x4)
 *(.text)
 .text          0x080001d0       0x40 /opt/st/stm32cubeide_1.19.0/plugins/com.st.stm32cube.ide.mcu.externaltools.gnu-tools-for-stm32.13.3.rel1.linux64_1.0.0.202410170706/tools/bin/../lib/gcc/arm-none-eabi/13.3.1/thumb/v7e-m+fp/hard/crtbegin.o
 .text          0x08000210       0x94 ./ThirdParty/RTT/RTT/SEGGER_RTT_ASM_ARMv7M.o
                0x08000210                SEGGER_RTT_ASM_WriteSkipNoLock
 .text          0x080002a4      0x378 /opt/st/stm32cubeide_1.19.0/plugins/com.st.stm32cube.ide.mcu.externaltools.gnu-tools-for-stm32.13.3.rel1.linux64_1.0.0.202410170706/tools/bin/../lib/gcc/arm-none-eabi/13.3.1/thumb/v7e-m+fp/hard/libgcc.a(_arm_addsubdf3.o)
                0x080002a4                __aeabi_drsub
                0x080002ac                __aeabi_dsub
                0x080002ac                __subdf3
                0x080002b0                __adddf3
                0x080002b0                __aeabi_dadd
                0x08000528                __aeabi_ui2d
                0x08000528                __floatunsidf
                0x08000548                __floatsidf
                0x08000548                __aeabi_i2d
                0x0800056c                __extendsfdf2
                0x0800056c                __aeabi_f2d
                0x080005b0                __aeabi_ul2d
                0x080005b0                __floatundidf
                0x080005c0                __floatdidf
                0x080005c0                __aeabi_l2d
 .text          0x0800061c      0x424 /opt/st/stm32cubeide_1.19.0/plugins/com.st.stm32cube.ide.mcu.externaltools.gnu-tools-for-stm32.13.3.rel1.linux64_1.0.0.202410170706/tools/bin/../lib/gcc/arm-none-eabi/13.3.1/thumb/v7e-m+fp/hard/libgcc.a(_arm_muldivdf3.o)
                0x0800061c                __aeabi_dmul
                0x0800061c                __muldf3
                0x08000870                __aeabi_ddiv
                0x08000870                __divdf3
 .text          0x08000a40      0x110 /opt/st/stm32cubeide_1.19.0/plugins/com.st.stm32cube.ide.mcu.externaltools.gnu-tools-for-stm32.13.3.rel1.linux64_1.0.0.202410170706/tools/bin/../lib/gcc/arm-none-eabi/13.3.1/thumb/v7e-m+fp/hard/libgcc.a(_arm_cmpdf2.o)
                0x08000a40                __gtdf2
                0x08000a40                __gedf2
                0x08000a48                __ltdf2
                0x08000a48                __ledf2
                0x08000a50                __cmpdf2
                0x08000a50                __eqdf2
                0x08000a50                __nedf2
                0x08000acc                __aeabi_cdrcmple
                0x08000adc                __aeabi_cdcmple
                0x08000adc                __aeabi_cdcmpeq
                0x08000aec                __aeabi_dcmpeq
                0x08000b00                __aeabi_dcmplt
                0x08000b14                __aeabi_dcmple
                0x08000b28                __aeabi_dcmpge
                0x08000b3c                __aeabi_dcmpgt
 .text          0x08000b50       0xa0 /opt/st/stm32cubeide_1.19.0/plugins/com.st.stm32cube.ide.mcu.externaltools.gnu-tools-for-stm32.13.3.rel1.linux64_1.0.0.202410170706/tools/bin/../lib/gcc/arm-none-eabi/13.3.1/thumb/v7e-m+fp/hard/libgcc.a(_arm_truncdfsf2.o)
                0x08000b50                __aeabi_d2f
                0x08000b50                __truncdfsf2
 .text          0x08000bf0       0x30 /opt/st/stm32cubeide_1.19.0/plugins/com.st.stm32cube.ide.mcu.externaltools.gnu-tools-for-stm32.13.3.rel1.linux64_1.0.0.202410170706/tools/bin/../lib/gcc/arm-none-eabi/13.3.1/thumb/v7e-m+fp/hard/libgcc.a(_aeabi_uldivmod.o)
                0x08000bf0                __aeabi_uldivmod
 .text          0x08000c20      0x2f8 /opt/st/stm32cubeide_1.19.0/plugins/com.st.stm32cube.ide.mcu.externaltools.gnu-tools-for-stm32.13.3.rel1.linux64_1.0.0.202410170706/tools/bin/../lib/gcc/arm-none-eabi/13.3.1/thumb/v7e-m+fp/hard/libgcc.a(_udivmoddi4.o)
                0x08000c20                __udivmoddi4
 .text          0x08000f18        0x4 /opt/st/stm32cubeide_1.19.0/plugins/com.st.stm32cube.ide.mcu.externaltools.gnu-tools-for-stm32.13.3.rel1.linux64_1.0.0.202410170706/tools/bin/../lib/gcc/arm-none-eabi/13.3.1/thumb/v7e-m+fp/hard/libgcc.a(_dvmd_tls.o)
                0x08000f18                __aeabi_ldiv0
                0x08000f18                __aeabi_idiv0
 *(.text*)
 .text.initializeI2CMutexes
                0x08000f1c       0x28 ./Common/src/i2c_busses.o
                0x08000f1c                initializeI2CMutexes
 .text.ReadI2C  0x08000f44       0x90 ./Common/src/i2c_busses.o
                0x08000f44                ReadI2C
 .text.main     0x08000fd4       0x36 ./Core/Src/main.o
                0x08000fd4                main
 *fill*         0x0800100a        0x2 
 .text.SystemClock_Config
                0x0800100c       0xdc ./Core/Src/main.o
                0x0800100c                SystemClock_Config
 .text.MX_I2C1_Init
                0x080010e8       0x5c ./Core/Src/main.o
 .text.MX_I2C2_Init
                0x08001144       0x5c ./Core/Src/main.o
 .text.MX_TIM1_Init
                0x080011a0      0x158 ./Core/Src/main.o
 .text.MX_GPIO_Init
                0x080012f8       0xf8 ./Core/Src/main.o
 .text.HAL_TIM_PeriodElapsedCallback
                0x080013f0       0x24 ./Core/Src/main.o
                0x080013f0                HAL_TIM_PeriodElapsedCallback
 .text.Error_Handler
                0x08001414        0xc ./Core/Src/main.o
                0x08001414                Error_Handler
 .text.motionPlanningStatusInit
                0x08001420       0x68 ./Core/Src/motion_planning.o
                0x08001420                motionPlanningStatusInit
 .text.motionPlanningStatusRunning
                0x08001488       0xf4 ./Core/Src/motion_planning.o
                0x08001488                motionPlanningStatusRunning
 .text.runMotionPlanningStateMachine
                0x0800157c       0x4c ./Core/Src/motion_planning.o
                0x0800157c                runMotionPlanningStateMachine
 .text.removeBias
                0x080015c8       0x9c ./Core/Src/pose_estimation.o
                0x080015c8                removeBias
 .text.addMeasureToBias
                0x08001664      0x150 ./Core/Src/pose_estimation.o
                0x08001664                addMeasureToBias
 .text.poseEstimationStatusInit
                0x080017b4       0xa8 ./Core/Src/pose_estimation.o
                0x080017b4                poseEstimationStatusInit
 .text.poseEstimationStatusRunning
                0x0800185c      0x110 ./Core/Src/pose_estimation.o
                0x0800185c                poseEstimationStatusRunning
 .text.runPoseEstimationStateMachine
                0x0800196c       0x4c ./Core/Src/pose_estimation.o
                0x0800196c                runPoseEstimationStateMachine
 .text.HAL_GPIO_EXTI_Callback
                0x080019b8       0x74 ./Core/Src/robotto_tasks.o
                0x080019b8                HAL_GPIO_EXTI_Callback
 .text.ledBlinkTask
                0x08001a2c       0x34 ./Core/Src/robotto_tasks.o
                0x08001a2c                ledBlinkTask
 .text.buttonTask
                0x08001a60       0x58 ./Core/Src/robotto_tasks.o
                0x08001a60                buttonTask
 .text.motionPlanningTask
                0x08001ab8       0x28 ./Core/Src/robotto_tasks.o
                0x08001ab8                motionPlanningTask
 .text.wheelsControlTask
                0x08001ae0       0x28 ./Core/Src/robotto_tasks.o
                0x08001ae0                wheelsControlTask
 .text.poseEstimationTask
                0x08001b08       0x28 ./Core/Src/robotto_tasks.o
                0x08001b08                poseEstimationTask
 .text.createQueues
                0x08001b30       0x8c ./Core/Src/robotto_tasks.o
                0x08001b30                createQueues
 .text.createTasks
                0x08001bbc       0xe0 ./Core/Src/robotto_tasks.o
                0x08001bbc                createTasks
 .text.setupRobotto
                0x08001c9c       0x2a ./Core/Src/robotto_tasks.o
                0x08001c9c                setupRobotto
 *fill*         0x08001cc6        0x2 
 .text.HAL_MspInit
                0x08001cc8       0x58 ./Core/Src/stm32f4xx_hal_msp.o
                0x08001cc8                HAL_MspInit
 .text.HAL_I2C_MspInit
                0x08001d20      0x13c ./Core/Src/stm32f4xx_hal_msp.o
                0x08001d20                HAL_I2C_MspInit
 .text.HAL_TIM_Base_MspInit
                0x08001e5c       0x44 ./Core/Src/stm32f4xx_hal_msp.o
                0x08001e5c                HAL_TIM_Base_MspInit
 .text.HAL_TIM_MspPostInit
                0x08001ea0       0x74 ./Core/Src/stm32f4xx_hal_msp.o
                0x08001ea0                HAL_TIM_MspPostInit
 .text.HAL_InitTick
                0x08001f14       0xf8 ./Core/Src/stm32f4xx_hal_timebase_tim.o
                0x08001f14                HAL_InitTick
 .text.NMI_Handler
                0x0800200c        0x8 ./Core/Src/stm32f4xx_it.o
                0x0800200c                NMI_Handler
 .text.HardFault_Handler
                0x08002014        0x8 ./Core/Src/stm32f4xx_it.o
                0x08002014                HardFault_Handler
 .text.MemManage_Handler
                0x0800201c        0x8 ./Core/Src/stm32f4xx_it.o
                0x0800201c                MemManage_Handler
 .text.BusFault_Handler
                0x08002024        0x8 ./Core/Src/stm32f4xx_it.o
                0x08002024                BusFault_Handler
 .text.UsageFault_Handler
                0x0800202c        0x8 ./Core/Src/stm32f4xx_it.o
                0x0800202c                UsageFault_Handler
 .text.DebugMon_Handler
                0x08002034        0xe ./Core/Src/stm32f4xx_it.o
                0x08002034                DebugMon_Handler
 .text.EXTI15_10_IRQHandler
                0x08002042       0x10 ./Core/Src/stm32f4xx_it.o
                0x08002042                EXTI15_10_IRQHandler
 *fill*         0x08002052        0x2 
 .text.TIM7_IRQHandler
                0x08002054       0x14 ./Core/Src/stm32f4xx_it.o
                0x08002054                TIM7_IRQHandler
 .text.SystemInit
                0x08002068       0x24 ./Core/Src/system_stm32f4xx.o
                0x08002068                SystemInit
 .text.readAngleAndUpdateWheelsStatus
                0x0800208c       0x72 ./Core/Src/wheels_control.o
                0x0800208c                readAngleAndUpdateWheelsStatus
 *fill*         0x080020fe        0x2 
 .text.runWheelsControlStatusInit
                0x08002100       0xb8 ./Core/Src/wheels_control.o
                0x08002100                runWheelsControlStatusInit
 .text.runWheelsControlStatusRunning
                0x080021b8      0x134 ./Core/Src/wheels_control.o
                0x080021b8                runWheelsControlStatusRunning
 .text.runWheelsControlStateMachine
                0x080022ec       0x74 ./Core/Src/wheels_control.o
                0x080022ec                runWheelsControlStateMachine
 .text.Reset_Handler
                0x08002360       0x50 ./Core/Startup/startup_stm32f446retx.o
                0x08002360                Reset_Handler
 .text.Default_Handler
                0x080023b0        0x2 ./Core/Startup/startup_stm32f446retx.o
                0x080023b0                RTC_Alarm_IRQHandler
                0x080023b0                EXTI2_IRQHandler
                0x080023b0                TIM8_CC_IRQHandler
                0x080023b0                FMPI2C1_EV_IRQHandler
                0x080023b0                SPI4_IRQHandler
                0x080023b0                TIM1_CC_IRQHandler
                0x080023b0                DMA2_Stream5_IRQHandler
                0x080023b0                DMA1_Stream5_IRQHandler
                0x080023b0                PVD_IRQHandler
                0x080023b0                SDIO_IRQHandler
                0x080023b0                TAMP_STAMP_IRQHandler
                0x080023b0                CAN2_RX1_IRQHandler
                0x080023b0                EXTI3_IRQHandler
                0x080023b0                TIM8_TRG_COM_TIM14_IRQHandler
                0x080023b0                TIM1_UP_TIM10_IRQHandler
                0x080023b0                TIM8_UP_TIM13_IRQHandler
                0x080023b0                I2C3_ER_IRQHandler
                0x080023b0                EXTI0_IRQHandler
                0x080023b0                I2C2_EV_IRQHandler
                0x080023b0                DMA1_Stream2_IRQHandler
                0x080023b0                CAN1_RX0_IRQHandler
                0x080023b0                FPU_IRQHandler
                0x080023b0                OTG_HS_WKUP_IRQHandler
                0x080023b0                CAN2_SCE_IRQHandler
                0x080023b0                DMA2_Stream2_IRQHandler
                0x080023b0                SPI1_IRQHandler
                0x080023b0                TIM6_DAC_IRQHandler
                0x080023b0                TIM1_BRK_TIM9_IRQHandler
                0x080023b0                DCMI_IRQHandler
                0x080023b0                CAN2_RX0_IRQHandler
                0x080023b0                DMA2_Stream3_IRQHandler
                0x080023b0                SAI2_IRQHandler
                0x080023b0                USART6_IRQHandler
                0x080023b0                USART3_IRQHandler
                0x080023b0                CAN1_RX1_IRQHandler
                0x080023b0                UART5_IRQHandler
                0x080023b0                DMA2_Stream0_IRQHandler
                0x080023b0                TIM4_IRQHandler
                0x080023b0                QUADSPI_IRQHandler
                0x080023b0                I2C1_EV_IRQHandler
                0x080023b0                DMA1_Stream6_IRQHandler
                0x080023b0                DMA1_Stream1_IRQHandler
                0x080023b0                UART4_IRQHandler
                0x080023b0                TIM3_IRQHandler
                0x080023b0                RCC_IRQHandler
                0x080023b0                TIM8_BRK_TIM12_IRQHandler
                0x080023b0                Default_Handler
                0x080023b0                CEC_IRQHandler
                0x080023b0                ADC_IRQHandler
                0x080023b0                DMA1_Stream7_IRQHandler
                0x080023b0                CAN2_TX_IRQHandler
                0x080023b0                TIM5_IRQHandler
                0x080023b0                DMA2_Stream7_IRQHandler
                0x080023b0                I2C3_EV_IRQHandler
                0x080023b0                EXTI9_5_IRQHandler
                0x080023b0                RTC_WKUP_IRQHandler
                0x080023b0                SPDIF_RX_IRQHandler
                0x080023b0                SPI2_IRQHandler
                0x080023b0                OTG_HS_EP1_IN_IRQHandler
                0x080023b0                DMA1_Stream0_IRQHandler
                0x080023b0                CAN1_TX_IRQHandler
                0x080023b0                FMPI2C1_ER_IRQHandler
                0x080023b0                EXTI4_IRQHandler
                0x080023b0                OTG_HS_EP1_OUT_IRQHandler
                0x080023b0                WWDG_IRQHandler
                0x080023b0                TIM2_IRQHandler
                0x080023b0                OTG_FS_WKUP_IRQHandler
                0x080023b0                TIM1_TRG_COM_TIM11_IRQHandler
                0x080023b0                OTG_HS_IRQHandler
                0x080023b0                EXTI1_IRQHandler
                0x080023b0                USART2_IRQHandler
                0x080023b0                I2C2_ER_IRQHandler
                0x080023b0                DMA2_Stream1_IRQHandler
                0x080023b0                CAN1_SCE_IRQHandler
                0x080023b0                FLASH_IRQHandler
                0x080023b0                DMA2_Stream4_IRQHandler
                0x080023b0                USART1_IRQHandler
                0x080023b0                OTG_FS_IRQHandler
                0x080023b0                SPI3_IRQHandler
                0x080023b0                DMA1_Stream4_IRQHandler
                0x080023b0                I2C1_ER_IRQHandler
                0x080023b0                FMC_IRQHandler
                0x080023b0                DMA2_Stream6_IRQHandler
                0x080023b0                SAI1_IRQHandler
                0x080023b0                DMA1_Stream3_IRQHandler
 *fill*         0x080023b2        0x2 
 .text.HAL_Init
                0x080023b4       0x44 ./Drivers/STM32F4xx_HAL_Driver/Src/stm32f4xx_hal.o
                0x080023b4                HAL_Init
 .text.HAL_IncTick
                0x080023f8       0x28 ./Drivers/STM32F4xx_HAL_Driver/Src/stm32f4xx_hal.o
                0x080023f8                HAL_IncTick
 .text.HAL_GetTick
                0x08002420       0x18 ./Drivers/STM32F4xx_HAL_Driver/Src/stm32f4xx_hal.o
                0x08002420                HAL_GetTick
 .text.__NVIC_SetPriorityGrouping
                0x08002438       0x48 ./Drivers/STM32F4xx_HAL_Driver/Src/stm32f4xx_hal_cortex.o
 .text.__NVIC_GetPriorityGrouping
                0x08002480       0x1c ./Drivers/STM32F4xx_HAL_Driver/Src/stm32f4xx_hal_cortex.o
 .text.__NVIC_EnableIRQ
                0x0800249c       0x3c ./Drivers/STM32F4xx_HAL_Driver/Src/stm32f4xx_hal_cortex.o
 .text.__NVIC_SetPriority
                0x080024d8       0x54 ./Drivers/STM32F4xx_HAL_Driver/Src/stm32f4xx_hal_cortex.o
 .text.NVIC_EncodePriority
                0x0800252c       0x66 ./Drivers/STM32F4xx_HAL_Driver/Src/stm32f4xx_hal_cortex.o
 .text.HAL_NVIC_SetPriorityGrouping
                0x08002592       0x16 ./Drivers/STM32F4xx_HAL_Driver/Src/stm32f4xx_hal_cortex.o
                0x08002592                HAL_NVIC_SetPriorityGrouping
 .text.HAL_NVIC_SetPriority
                0x080025a8       0x38 ./Drivers/STM32F4xx_HAL_Driver/Src/stm32f4xx_hal_cortex.o
                0x080025a8                HAL_NVIC_SetPriority
 .text.HAL_NVIC_EnableIRQ
                0x080025e0       0x1c ./Drivers/STM32F4xx_HAL_Driver/Src/stm32f4xx_hal_cortex.o
                0x080025e0                HAL_NVIC_EnableIRQ
 .text.HAL_GPIO_Init
                0x080025fc      0x328 ./Drivers/STM32F4xx_HAL_Driver/Src/stm32f4xx_hal_gpio.o
                0x080025fc                HAL_GPIO_Init
 .text.HAL_GPIO_WritePin
                0x08002924       0x32 ./Drivers/STM32F4xx_HAL_Driver/Src/stm32f4xx_hal_gpio.o
                0x08002924                HAL_GPIO_WritePin
 .text.HAL_GPIO_TogglePin
                0x08002956       0x34 ./Drivers/STM32F4xx_HAL_Driver/Src/stm32f4xx_hal_gpio.o
                0x08002956                HAL_GPIO_TogglePin
 *fill*         0x0800298a        0x2 
 .text.HAL_GPIO_EXTI_IRQHandler
                0x0800298c       0x30 ./Drivers/STM32F4xx_HAL_Driver/Src/stm32f4xx_hal_gpio.o
                0x0800298c                HAL_GPIO_EXTI_IRQHandler
 .text.HAL_I2C_Init
                0x080029bc      0x288 ./Drivers/STM32F4xx_HAL_Driver/Src/stm32f4xx_hal_i2c.o
                0x080029bc                HAL_I2C_Init
 .text.HAL_I2C_Mem_Read
                0x08002c44      0x464 ./Drivers/STM32F4xx_HAL_Driver/Src/stm32f4xx_hal_i2c.o
                0x08002c44                HAL_I2C_Mem_Read
 .text.I2C_RequestMemoryRead
                0x080030a8      0x1d0 ./Drivers/STM32F4xx_HAL_Driver/Src/stm32f4xx_hal_i2c.o
 .text.I2C_WaitOnFlagUntilTimeout
                0x08003278       0xf4 ./Drivers/STM32F4xx_HAL_Driver/Src/stm32f4xx_hal_i2c.o
 .text.I2C_WaitOnMasterAddressFlagUntilTimeout
                0x0800336c      0x140 ./Drivers/STM32F4xx_HAL_Driver/Src/stm32f4xx_hal_i2c.o
 .text.I2C_WaitOnTXEFlagUntilTimeout
                0x080034ac       0x90 ./Drivers/STM32F4xx_HAL_Driver/Src/stm32f4xx_hal_i2c.o
 .text.I2C_WaitOnRXNEFlagUntilTimeout
                0x0800353c       0xba ./Drivers/STM32F4xx_HAL_Driver/Src/stm32f4xx_hal_i2c.o
 .text.I2C_IsAcknowledgeFailed
                0x080035f6       0x5e ./Drivers/STM32F4xx_HAL_Driver/Src/stm32f4xx_hal_i2c.o
 .text.HAL_RCC_ClockConfig
                0x08003654      0x1cc ./Drivers/STM32F4xx_HAL_Driver/Src/stm32f4xx_hal_rcc.o
                0x08003654                HAL_RCC_ClockConfig
 .text.HAL_RCC_GetHCLKFreq
                0x08003820       0x18 ./Drivers/STM32F4xx_HAL_Driver/Src/stm32f4xx_hal_rcc.o
                0x08003820                HAL_RCC_GetHCLKFreq
 .text.HAL_RCC_GetPCLK1Freq
                0x08003838       0x28 ./Drivers/STM32F4xx_HAL_Driver/Src/stm32f4xx_hal_rcc.o
                0x08003838                HAL_RCC_GetPCLK1Freq
 .text.HAL_RCC_GetClockConfig
                0x08003860       0x64 ./Drivers/STM32F4xx_HAL_Driver/Src/stm32f4xx_hal_rcc.o
                0x08003860                HAL_RCC_GetClockConfig
 .text.HAL_RCC_GetSysClockFreq
                0x080038c4      0x354 ./Drivers/STM32F4xx_HAL_Driver/Src/stm32f4xx_hal_rcc_ex.o
                0x080038c4                HAL_RCC_GetSysClockFreq
 .text.HAL_RCC_OscConfig
                0x08003c18      0x53c ./Drivers/STM32F4xx_HAL_Driver/Src/stm32f4xx_hal_rcc_ex.o
                0x08003c18                HAL_RCC_OscConfig
 .text.HAL_TIM_Base_Init
                0x08004154       0x9e ./Drivers/STM32F4xx_HAL_Driver/Src/stm32f4xx_hal_tim.o
                0x08004154                HAL_TIM_Base_Init
 *fill*         0x080041f2        0x2 
 .text.HAL_TIM_Base_Start_IT
                0x080041f4       0xe0 ./Drivers/STM32F4xx_HAL_Driver/Src/stm32f4xx_hal_tim.o
                0x080041f4                HAL_TIM_Base_Start_IT
 .text.HAL_TIM_PWM_Init
                0x080042d4       0x9e ./Drivers/STM32F4xx_HAL_Driver/Src/stm32f4xx_hal_tim.o
                0x080042d4                HAL_TIM_PWM_Init
 .text.HAL_TIM_PWM_MspInit
                0x08004372       0x14 ./Drivers/STM32F4xx_HAL_Driver/Src/stm32f4xx_hal_tim.o
                0x08004372                HAL_TIM_PWM_MspInit
 *fill*         0x08004386        0x2 
 .text.HAL_TIM_PWM_Start
                0x08004388      0x190 ./Drivers/STM32F4xx_HAL_Driver/Src/stm32f4xx_hal_tim.o
                0x08004388                HAL_TIM_PWM_Start
 .text.HAL_TIM_IRQHandler
                0x08004518      0x1e0 ./Drivers/STM32F4xx_HAL_Driver/Src/stm32f4xx_hal_tim.o
                0x08004518                HAL_TIM_IRQHandler
 .text.HAL_TIM_PWM_ConfigChannel
                0x080046f8      0x184 ./Drivers/STM32F4xx_HAL_Driver/Src/stm32f4xx_hal_tim.o
                0x080046f8                HAL_TIM_PWM_ConfigChannel
 .text.HAL_TIM_ConfigClockSource
                0x0800487c      0x18e ./Drivers/STM32F4xx_HAL_Driver/Src/stm32f4xx_hal_tim.o
                0x0800487c                HAL_TIM_ConfigClockSource
 .text.HAL_TIM_OC_DelayElapsedCallback
                0x08004a0a       0x14 ./Drivers/STM32F4xx_HAL_Driver/Src/stm32f4xx_hal_tim.o
                0x08004a0a                HAL_TIM_OC_DelayElapsedCallback
 .text.HAL_TIM_IC_CaptureCallback
                0x08004a1e       0x14 ./Drivers/STM32F4xx_HAL_Driver/Src/stm32f4xx_hal_tim.o
                0x08004a1e                HAL_TIM_IC_CaptureCallback
 .text.HAL_TIM_PWM_PulseFinishedCallback
                0x08004a32       0x14 ./Drivers/STM32F4xx_HAL_Driver/Src/stm32f4xx_hal_tim.o
                0x08004a32                HAL_TIM_PWM_PulseFinishedCallback
 .text.HAL_TIM_TriggerCallback
                0x08004a46       0x14 ./Drivers/STM32F4xx_HAL_Driver/Src/stm32f4xx_hal_tim.o
                0x08004a46                HAL_TIM_TriggerCallback
 *fill*         0x08004a5a        0x2 
 .text.TIM_Base_SetConfig
                0x08004a5c      0x14c ./Drivers/STM32F4xx_HAL_Driver/Src/stm32f4xx_hal_tim.o
                0x08004a5c                TIM_Base_SetConfig
 .text.TIM_OC1_SetConfig
                0x08004ba8       0xe0 ./Drivers/STM32F4xx_HAL_Driver/Src/stm32f4xx_hal_tim.o
 .text.TIM_OC2_SetConfig
                0x08004c88       0xec ./Drivers/STM32F4xx_HAL_Driver/Src/stm32f4xx_hal_tim.o
                0x08004c88                TIM_OC2_SetConfig
 .text.TIM_OC3_SetConfig
                0x08004d74       0xe8 ./Drivers/STM32F4xx_HAL_Driver/Src/stm32f4xx_hal_tim.o
 .text.TIM_OC4_SetConfig
                0x08004e5c       0xac ./Drivers/STM32F4xx_HAL_Driver/Src/stm32f4xx_hal_tim.o
 .text.TIM_TI1_ConfigInputStage
                0x08004f08       0x5e ./Drivers/STM32F4xx_HAL_Driver/Src/stm32f4xx_hal_tim.o
 .text.TIM_TI2_ConfigInputStage
                0x08004f66       0x60 ./Drivers/STM32F4xx_HAL_Driver/Src/stm32f4xx_hal_tim.o
 .text.TIM_ITRx_SetConfig
                0x08004fc6       0x36 ./Drivers/STM32F4xx_HAL_Driver/Src/stm32f4xx_hal_tim.o
 .text.TIM_ETR_SetConfig
                0x08004ffc       0x40 ./Drivers/STM32F4xx_HAL_Driver/Src/stm32f4xx_hal_tim.o
                0x08004ffc                TIM_ETR_SetConfig
 .text.TIM_CCxChannelCmd
                0x0800503c       0x4a ./Drivers/STM32F4xx_HAL_Driver/Src/stm32f4xx_hal_tim.o
                0x0800503c                TIM_CCxChannelCmd
 *fill*         0x08005086        0x2 
 .text.HAL_TIMEx_MasterConfigSynchronization
                0x08005088       0xf8 ./Drivers/STM32F4xx_HAL_Driver/Src/stm32f4xx_hal_tim_ex.o
                0x08005088                HAL_TIMEx_MasterConfigSynchronization
 .text.HAL_TIMEx_ConfigBreakDeadTime
                0x08005180       0xa4 ./Drivers/STM32F4xx_HAL_Driver/Src/stm32f4xx_hal_tim_ex.o
                0x08005180                HAL_TIMEx_ConfigBreakDeadTime
 .text.HAL_TIMEx_CommutCallback
                0x08005224       0x14 ./Drivers/STM32F4xx_HAL_Driver/Src/stm32f4xx_hal_tim_ex.o
                0x08005224                HAL_TIMEx_CommutCallback
 .text.HAL_TIMEx_BreakCallback
                0x08005238       0x14 ./Drivers/STM32F4xx_HAL_Driver/Src/stm32f4xx_hal_tim_ex.o
                0x08005238                HAL_TIMEx_BreakCallback
 *fill*         0x0800524c        0x4 
 .text.updateOdometry
                0x08005250      0x168 ./Logic/src/odometry.o
                0x08005250                updateOdometry
 .text.calculatePIDResponse
                0x080053b8       0xe4 ./Logic/src/pid_motor_controller.o
                0x080053b8                calculatePIDResponse
 .text.calculateRequiredDutyCycle
                0x0800549c       0x68 ./Logic/src/pid_motor_controller.o
                0x0800549c                calculateRequiredDutyCycle
 .text.resetController
                0x08005504       0x28 ./Logic/src/pid_motor_controller.o
                0x08005504                resetController
 *fill*         0x0800552c        0x4 
 .text.updateWheelStatusEstimation
                0x08005530      0x1ac ./Logic/src/wheel_status_estimator.o
                0x08005530                updateWheelStatusEstimation
 .text.getEncoderDevice
                0x080056dc       0x22 ./SensorsAndActuators/src/encoder_reader.o
                0x080056dc                getEncoderDevice
 *fill*         0x080056fe        0x2 
 .text.readAngleRad
                0x08005700       0xcc ./SensorsAndActuators/src/encoder_reader.o
                0x08005700                readAngleRad
 .text.readFullEncoder
                0x080057cc       0xd8 ./SensorsAndActuators/src/encoder_reader.o
                0x080057cc                readFullEncoder
 .text.toFloat  0x080058a4       0x54 ./SensorsAndActuators/src/imu_reader.o
                0x080058a4                toFloat
 .text.readIMUData
                0x080058f8       0xd4 ./SensorsAndActuators/src/imu_reader.o
                0x080058f8                readIMUData
 .text.initializeMotorDriver
                0x080059cc       0x34 ./SensorsAndActuators/src/motor_driver.o
                0x080059cc                initializeMotorDriver
 .text.setWheelDirection
                0x08005a00       0x8c ./SensorsAndActuators/src/motor_driver.o
                0x08005a00                setWheelDirection
 .text.setMotorDutyCycle
                0x08005a8c       0xa8 ./SensorsAndActuators/src/motor_driver.o
                0x08005a8c                setMotorDutyCycle
 .text.vListInitialise
                0x08005b34       0x44 ./ThirdParty/FreeRTOS/list.o
                0x08005b34                vListInitialise
 .text.vListInitialiseItem
                0x08005b78       0x1e ./ThirdParty/FreeRTOS/list.o
                0x08005b78                vListInitialiseItem
 .text.vListInsert
                0x08005b96       0x76 ./ThirdParty/FreeRTOS/list.o
                0x08005b96                vListInsert
 .text.uxListRemove
                0x08005c0c       0x5e ./ThirdParty/FreeRTOS/list.o
                0x08005c0c                uxListRemove
 *fill*         0x08005c6a        0x2 
 .text.xQueueGenericReset
                0x08005c6c      0x12c ./ThirdParty/FreeRTOS/queue.o
                0x08005c6c                xQueueGenericReset
 .text.xQueueGenericCreateStatic
                0x08005d98       0xd4 ./ThirdParty/FreeRTOS/queue.o
                0x08005d98                xQueueGenericCreateStatic
 .text.xQueueGenericCreate
                0x08005e6c       0xb8 ./ThirdParty/FreeRTOS/queue.o
                0x08005e6c                xQueueGenericCreate
 .text.prvInitialiseNewQueue
                0x08005f24       0x46 ./ThirdParty/FreeRTOS/queue.o
 .text.prvInitialiseMutex
                0x08005f6a       0x34 ./ThirdParty/FreeRTOS/queue.o
 .text.xQueueCreateMutex
                0x08005f9e       0x42 ./ThirdParty/FreeRTOS/queue.o
                0x08005f9e                xQueueCreateMutex
 .text.xQueueGenericSend
                0x08005fe0      0x21c ./ThirdParty/FreeRTOS/queue.o
                0x08005fe0                xQueueGenericSend
 .text.xQueueReceive
                0x080061fc      0x1dc ./ThirdParty/FreeRTOS/queue.o
                0x080061fc                xQueueReceive
 .text.xQueueSemaphoreTake
                0x080063d8      0x218 ./ThirdParty/FreeRTOS/queue.o
                0x080063d8                xQueueSemaphoreTake
 .text.xQueuePeek
                0x080065f0      0x1e4 ./ThirdParty/FreeRTOS/queue.o
                0x080065f0                xQueuePeek
 .text.uxQueueMessagesWaiting
                0x080067d4       0x46 ./ThirdParty/FreeRTOS/queue.o
                0x080067d4                uxQueueMessagesWaiting
 .text.prvGetDisinheritPriorityAfterTimeout
                0x0800681a       0x30 ./ThirdParty/FreeRTOS/queue.o
 .text.prvCopyDataToQueue
                0x0800684a       0xd4 ./ThirdParty/FreeRTOS/queue.o
 .text.prvCopyDataFromQueue
                0x0800691e       0x4c ./ThirdParty/FreeRTOS/queue.o
 .text.prvUnlockQueue
                0x0800696a       0xa4 ./ThirdParty/FreeRTOS/queue.o
 .text.prvIsQueueEmpty
                0x08006a0e       0x2c ./ThirdParty/FreeRTOS/queue.o
 .text.prvIsQueueFull
                0x08006a3a       0x30 ./ThirdParty/FreeRTOS/queue.o
 *fill*         0x08006a6a        0x2 
 .text.vQueueAddToRegistry
                0x08006a6c       0xa0 ./ThirdParty/FreeRTOS/queue.o
                0x08006a6c                vQueueAddToRegistry
 .text.vQueueWaitForMessageRestricted
                0x08006b0c       0x6e ./ThirdParty/FreeRTOS/queue.o
                0x08006b0c                vQueueWaitForMessageRestricted
 .text.prvCreateStaticTask
                0x08006b7a       0xc2 ./ThirdParty/FreeRTOS/tasks.o
 .text.xTaskCreateStatic
                0x08006c3c       0x5a ./ThirdParty/FreeRTOS/tasks.o
                0x08006c3c                xTaskCreateStatic
 .text.prvCreateTask
                0x08006c96       0x80 ./ThirdParty/FreeRTOS/tasks.o
 .text.xTaskCreate
                0x08006d16       0x50 ./ThirdParty/FreeRTOS/tasks.o
                0x08006d16                xTaskCreate
 *fill*         0x08006d66        0x2 
 .text.prvInitialiseNewTask
                0x08006d68      0x14c ./ThirdParty/FreeRTOS/tasks.o
 .text.prvAddNewTaskToReadyList
                0x08006eb4      0x170 ./ThirdParty/FreeRTOS/tasks.o
 .text.xTaskDelayUntil
                0x08007024      0x10c ./ThirdParty/FreeRTOS/tasks.o
                0x08007024                xTaskDelayUntil
 .text.prvCreateIdleTasks
                0x08007130       0xd0 ./ThirdParty/FreeRTOS/tasks.o
 .text.vTaskStartScheduler
                0x08007200       0xc0 ./ThirdParty/FreeRTOS/tasks.o
                0x08007200                vTaskStartScheduler
 .text.vTaskSuspendAll
                0x080072c0       0x1c ./ThirdParty/FreeRTOS/tasks.o
                0x080072c0                vTaskSuspendAll
 .text.xTaskResumeAll
                0x080072dc      0x224 ./ThirdParty/FreeRTOS/tasks.o
                0x080072dc                xTaskResumeAll
 .text.xTaskGetTickCount
                0x08007500       0x24 ./ThirdParty/FreeRTOS/tasks.o
                0x08007500                xTaskGetTickCount
 .text.xTaskGetTickCountFromISR
                0x08007524       0x2c ./ThirdParty/FreeRTOS/tasks.o
                0x08007524                xTaskGetTickCountFromISR
 .text.xTaskIncrementTick
                0x08007550      0x22c ./ThirdParty/FreeRTOS/tasks.o
                0x08007550                xTaskIncrementTick
 .text.vTaskSwitchContext
                0x0800777c       0xe8 ./ThirdParty/FreeRTOS/tasks.o
                0x0800777c                vTaskSwitchContext
 .text.vTaskPlaceOnEventList
                0x08007864       0x50 ./ThirdParty/FreeRTOS/tasks.o
                0x08007864                vTaskPlaceOnEventList
 .text.vTaskPlaceOnEventListRestricted
                0x080078b4       0x94 ./ThirdParty/FreeRTOS/tasks.o
                0x080078b4                vTaskPlaceOnEventListRestricted
 .text.xTaskRemoveFromEventList
                0x08007948      0x1c4 ./ThirdParty/FreeRTOS/tasks.o
                0x08007948                xTaskRemoveFromEventList
 .text.vTaskInternalSetTimeOutState
                0x08007b0c       0x30 ./ThirdParty/FreeRTOS/tasks.o
                0x08007b0c                vTaskInternalSetTimeOutState
 .text.xTaskCheckForTimeOut
                0x08007b3c       0xd8 ./ThirdParty/FreeRTOS/tasks.o
                0x08007b3c                xTaskCheckForTimeOut
 .text.vTaskMissedYield
                0x08007c14       0x18 ./ThirdParty/FreeRTOS/tasks.o
                0x08007c14                vTaskMissedYield
 .text.prvIdleTask
                0x08007c2c       0x30 ./ThirdParty/FreeRTOS/tasks.o
 .text.prvInitialiseTaskLists
                0x08007c5c       0x80 ./ThirdParty/FreeRTOS/tasks.o
 .text.prvCheckTasksWaitingTermination
                0x08007cdc       0x5c ./ThirdParty/FreeRTOS/tasks.o
 .text.prvDeleteTCB
                0x08007d38       0x6a ./ThirdParty/FreeRTOS/tasks.o
 *fill*         0x08007da2        0x2 
 .text.prvResetNextTaskUnblockTime
                0x08007da4       0x38 ./ThirdParty/FreeRTOS/tasks.o
 .text.xTaskGetSchedulerState
                0x08007ddc       0x44 ./ThirdParty/FreeRTOS/tasks.o
                0x08007ddc                xTaskGetSchedulerState
 .text.xTaskPriorityInherit
                0x08007e20      0x138 ./ThirdParty/FreeRTOS/tasks.o
                0x08007e20                xTaskPriorityInherit
 .text.xTaskPriorityDisinherit
                0x08007f58      0x148 ./ThirdParty/FreeRTOS/tasks.o
                0x08007f58                xTaskPriorityDisinherit
 .text.vTaskPriorityDisinheritAfterTimeout
                0x080080a0      0x16c ./ThirdParty/FreeRTOS/tasks.o
                0x080080a0                vTaskPriorityDisinheritAfterTimeout
 .text.pvTaskIncrementMutexHeldCount
                0x0800820c       0x3c ./ThirdParty/FreeRTOS/tasks.o
                0x0800820c                pvTaskIncrementMutexHeldCount
 .text.ulTaskGenericNotifyTake
                0x08008248       0xfc ./ThirdParty/FreeRTOS/tasks.o
                0x08008248                ulTaskGenericNotifyTake
 .text.vTaskGenericNotifyGiveFromISR
                0x08008344      0x228 ./ThirdParty/FreeRTOS/tasks.o
                0x08008344                vTaskGenericNotifyGiveFromISR
 .text.prvAddCurrentTaskToDelayedList
                0x0800856c       0xf8 ./ThirdParty/FreeRTOS/tasks.o
 .text.vApplicationGetIdleTaskMemory
                0x08008664       0x34 ./ThirdParty/FreeRTOS/tasks.o
                0x08008664                vApplicationGetIdleTaskMemory
 .text.vApplicationGetTimerTaskMemory
                0x08008698       0x34 ./ThirdParty/FreeRTOS/tasks.o
                0x08008698                vApplicationGetTimerTaskMemory
 .text.xTimerCreateTimerTask
                0x080086cc       0xa0 ./ThirdParty/FreeRTOS/timers.o
                0x080086cc                xTimerCreateTimerTask
 .text.prvReloadTimer
                0x0800876c       0x42 ./ThirdParty/FreeRTOS/timers.o
 *fill*         0x080087ae        0x2 
 .text.prvProcessExpiredTimer
                0x080087b0       0x60 ./ThirdParty/FreeRTOS/timers.o
 .text.prvTimerTask
                0x08008810       0x26 ./ThirdParty/FreeRTOS/timers.o
 *fill*         0x08008836        0x2 
 .text.prvProcessTimerOrBlockTask
                0x08008838       0x9c ./ThirdParty/FreeRTOS/timers.o
 .text.prvGetNextExpireTime
                0x080088d4       0x48 ./ThirdParty/FreeRTOS/timers.o
 .text.prvSampleTimeNow
                0x0800891c       0x40 ./ThirdParty/FreeRTOS/timers.o
 .text.prvInsertTimerInActiveList
                0x0800895c       0x84 ./ThirdParty/FreeRTOS/timers.o
 .text.prvProcessReceivedCommands
                0x080089e0      0x190 ./ThirdParty/FreeRTOS/timers.o
 .text.prvSwitchTimerLists
                0x08008b70       0x4c ./ThirdParty/FreeRTOS/timers.o
 .text.prvCheckForValidListAndQueue
                0x08008bbc       0x80 ./ThirdParty/FreeRTOS/timers.o
 .text.pxPortInitialiseStack
                0x08008c3c       0x68 ./ThirdParty/FreeRTOS/portable/GCC/ARM_CM4F/port.o
                0x08008c3c                pxPortInitialiseStack
 .text.prvTaskExitError
                0x08008ca4       0x5c ./ThirdParty/FreeRTOS/portable/GCC/ARM_CM4F/port.o
 .text.SVC_Handler
                0x08008d00       0x28 ./ThirdParty/FreeRTOS/portable/GCC/ARM_CM4F/port.o
                0x08008d00                SVC_Handler
 .text.prvPortStartFirstTask
                0x08008d28       0x2c ./ThirdParty/FreeRTOS/portable/GCC/ARM_CM4F/port.o
 .text.xPortStartScheduler
                0x08008d54      0x1e0 ./ThirdParty/FreeRTOS/portable/GCC/ARM_CM4F/port.o
                0x08008d54                xPortStartScheduler
 .text.vPortEnterCritical
                0x08008f34       0x64 ./ThirdParty/FreeRTOS/portable/GCC/ARM_CM4F/port.o
                0x08008f34                vPortEnterCritical
 .text.vPortExitCritical
                0x08008f98       0x54 ./ThirdParty/FreeRTOS/portable/GCC/ARM_CM4F/port.o
                0x08008f98                vPortExitCritical
 *fill*         0x08008fec        0x4 
 .text.PendSV_Handler
                0x08008ff0       0x68 ./ThirdParty/FreeRTOS/portable/GCC/ARM_CM4F/port.o
                0x08008ff0                PendSV_Handler
 .text.SysTick_Handler
                0x08009058       0x54 ./ThirdParty/FreeRTOS/portable/GCC/ARM_CM4F/port.o
                0x08009058                SysTick_Handler
 .text.vPortSetupTimerInterrupt
                0x080090ac       0x48 ./ThirdParty/FreeRTOS/portable/GCC/ARM_CM4F/port.o
                0x080090ac                vPortSetupTimerInterrupt
 .text.vPortEnableVFP
                0x080090f4       0x18 ./ThirdParty/FreeRTOS/portable/GCC/ARM_CM4F/port.o
 .text.vPortValidateInterruptPriority
                0x0800910c       0x84 ./ThirdParty/FreeRTOS/portable/GCC/ARM_CM4F/port.o
                0x0800910c                vPortValidateInterruptPriority
 .text.pvPortMalloc
                0x08009190      0x264 ./ThirdParty/FreeRTOS/portable/MemMang/heap_4.o
                0x08009190                pvPortMalloc
 .text.vPortFree
                0x080093f4      0x10c ./ThirdParty/FreeRTOS/portable/MemMang/heap_4.o
                0x080093f4                vPortFree
 .text.prvHeapInit
                0x08009500       0xb4 ./ThirdParty/FreeRTOS/portable/MemMang/heap_4.o
 .text.prvInsertBlockIntoFreeList
                0x080095b4       0xf4 ./ThirdParty/FreeRTOS/portable/MemMang/heap_4.o
 .text._DoInit  0x080096a8       0xb4 ./ThirdParty/RTT/RTT/SEGGER_RTT.o
 .text._WriteBlocking
                0x0800975c       0xba ./ThirdParty/RTT/RTT/SEGGER_RTT.o
 .text._WriteNoCheck
                0x08009816       0x90 ./ThirdParty/RTT/RTT/SEGGER_RTT.o
 .text._GetAvailWriteSpace
                0x080098a6       0x46 ./ThirdParty/RTT/RTT/SEGGER_RTT.o
 .text.SEGGER_RTT_ReadNoLock
                0x080098ec      0x10c ./ThirdParty/RTT/RTT/SEGGER_RTT.o
                0x080098ec                SEGGER_RTT_ReadNoLock
 .text.SEGGER_RTT_WriteNoLock
                0x080099f8       0xa0 ./ThirdParty/RTT/RTT/SEGGER_RTT.o
                0x080099f8                SEGGER_RTT_WriteNoLock
 .text.SEGGER_RTT_Write
                0x08009a98       0x4c ./ThirdParty/RTT/RTT/SEGGER_RTT.o
                0x08009a98                SEGGER_RTT_Write
 .text.SEGGER_RTT_AllocUpBuffer
                0x08009ae4      0x108 ./ThirdParty/RTT/RTT/SEGGER_RTT.o
                0x08009ae4                SEGGER_RTT_AllocUpBuffer
 .text.SEGGER_RTT_ConfigDownBuffer
                0x08009bec       0x98 ./ThirdParty/RTT/RTT/SEGGER_RTT.o
                0x08009bec                SEGGER_RTT_ConfigDownBuffer
 .text._StoreChar
                0x08009c84       0x7c ./ThirdParty/RTT/RTT/SEGGER_RTT_printf.o
 .text._PrintUnsigned
                0x08009d00      0x158 ./ThirdParty/RTT/RTT/SEGGER_RTT_printf.o
 .text._PrintInt
                0x08009e58      0x14e ./ThirdParty/RTT/RTT/SEGGER_RTT_printf.o
 *fill*         0x08009fa6        0x2 
 .text.SEGGER_RTT_vprintf
                0x08009fa8      0x420 ./ThirdParty/RTT/RTT/SEGGER_RTT_printf.o
                0x08009fa8                SEGGER_RTT_vprintf
 .text.SEGGER_RTT_printf
                0x0800a3c8       0x30 ./ThirdParty/RTT/RTT/SEGGER_RTT_printf.o
                0x0800a3c8                SEGGER_RTT_printf
 .text._cbSendSystemDesc
                0x0800a3f8       0x1c ./ThirdParty/SystemView/Config/SEGGER_SYSVIEW_Config_FreeRTOS.o
 .text.SEGGER_SYSVIEW_Conf
                0x0800a414       0x2c ./ThirdParty/SystemView/Config/SEGGER_SYSVIEW_Config_FreeRTOS.o
                0x0800a414                SEGGER_SYSVIEW_Conf
 .text._cbSendTaskList
                0x0800a440       0x90 ./ThirdParty/SystemView/FreeRTOSV11/SEGGER_SYSVIEW_FreeRTOS.o
 .text._cbGetTime
                0x0800a4d0       0x86 ./ThirdParty/SystemView/FreeRTOSV11/SEGGER_SYSVIEW_FreeRTOS.o
 *fill*         0x0800a556        0x2 
 .text.SYSVIEW_AddTask
                0x0800a558       0xd0 ./ThirdParty/SystemView/FreeRTOSV11/SEGGER_SYSVIEW_FreeRTOS.o
                0x0800a558                SYSVIEW_AddTask
 .text.SYSVIEW_SendTaskInfo
                0x0800a628       0x42 ./ThirdParty/SystemView/FreeRTOSV11/SEGGER_SYSVIEW_FreeRTOS.o
                0x0800a628                SYSVIEW_SendTaskInfo
 .text._EncodeStr
                0x0800a66a       0x72 ./ThirdParty/SystemView/SYSVIEW/SEGGER_SYSVIEW.o
 .text._PreparePacket
                0x0800a6dc       0x18 ./ThirdParty/SystemView/SYSVIEW/SEGGER_SYSVIEW.o
 .text._HandleIncomingPacket
                0x0800a6f4       0xdc ./ThirdParty/SystemView/SYSVIEW/SEGGER_SYSVIEW.o
 .text._TrySendOverflowPacket
                0x0800a7d0       0xe4 ./ThirdParty/SystemView/SYSVIEW/SEGGER_SYSVIEW.o
 .text._SendPacket
                0x0800a8b4      0x2dc ./ThirdParty/SystemView/SYSVIEW/SEGGER_SYSVIEW.o
 .text._StoreChar
                0x0800ab90       0xf6 ./ThirdParty/SystemView/SYSVIEW/SEGGER_SYSVIEW.o
 *fill*         0x0800ac86        0x2 
 .text._PrintUnsigned
                0x0800ac88      0x12c ./ThirdParty/SystemView/SYSVIEW/SEGGER_SYSVIEW.o
 .text._PrintInt
                0x0800adb4      0x11e ./ThirdParty/SystemView/SYSVIEW/SEGGER_SYSVIEW.o
 *fill*         0x0800aed2        0x2 
 .text._VPrintTarget
                0x0800aed4      0x440 ./ThirdParty/SystemView/SYSVIEW/SEGGER_SYSVIEW.o
 .text.SEGGER_SYSVIEW_Init
                0x0800b314       0x88 ./ThirdParty/SystemView/SYSVIEW/SEGGER_SYSVIEW.o
                0x0800b314                SEGGER_SYSVIEW_Init
 .text.SEGGER_SYSVIEW_SetRAMBase
                0x0800b39c       0x20 ./ThirdParty/SystemView/SYSVIEW/SEGGER_SYSVIEW.o
                0x0800b39c                SEGGER_SYSVIEW_SetRAMBase
 .text.SEGGER_SYSVIEW_RecordVoid
                0x0800b3bc       0x3c ./ThirdParty/SystemView/SYSVIEW/SEGGER_SYSVIEW.o
                0x0800b3bc                SEGGER_SYSVIEW_RecordVoid
 .text.SEGGER_SYSVIEW_RecordU32
                0x0800b3f8       0x78 ./ThirdParty/SystemView/SYSVIEW/SEGGER_SYSVIEW.o
                0x0800b3f8                SEGGER_SYSVIEW_RecordU32
 .text.SEGGER_SYSVIEW_RecordU32x2
                0x0800b470       0xb4 ./ThirdParty/SystemView/SYSVIEW/SEGGER_SYSVIEW.o
                0x0800b470                SEGGER_SYSVIEW_RecordU32x2
 .text.SEGGER_SYSVIEW_Start
                0x0800b524      0x174 ./ThirdParty/SystemView/SYSVIEW/SEGGER_SYSVIEW.o
                0x0800b524                SEGGER_SYSVIEW_Start
 .text.SEGGER_SYSVIEW_Stop
                0x0800b698       0x4c ./ThirdParty/SystemView/SYSVIEW/SEGGER_SYSVIEW.o
                0x0800b698                SEGGER_SYSVIEW_Stop
 .text.SEGGER_SYSVIEW_GetSysDesc
                0x0800b6e4      0x134 ./ThirdParty/SystemView/SYSVIEW/SEGGER_SYSVIEW.o
                0x0800b6e4                SEGGER_SYSVIEW_GetSysDesc
 .text.SEGGER_SYSVIEW_SendTaskInfo
                0x0800b818      0x1c8 ./ThirdParty/SystemView/SYSVIEW/SEGGER_SYSVIEW.o
                0x0800b818                SEGGER_SYSVIEW_SendTaskInfo
 .text.SEGGER_SYSVIEW_SendTaskList
                0x0800b9e0       0x28 ./ThirdParty/SystemView/SYSVIEW/SEGGER_SYSVIEW.o
                0x0800b9e0                SEGGER_SYSVIEW_SendTaskList
 .text.SEGGER_SYSVIEW_SendSysDesc
                0x0800ba08       0x48 ./ThirdParty/SystemView/SYSVIEW/SEGGER_SYSVIEW.o
                0x0800ba08                SEGGER_SYSVIEW_SendSysDesc
 .text.SEGGER_SYSVIEW_RecordSystime
                0x0800ba50       0x64 ./ThirdParty/SystemView/SYSVIEW/SEGGER_SYSVIEW.o
                0x0800ba50                SEGGER_SYSVIEW_RecordSystime
 .text.SEGGER_SYSVIEW_RecordEnterISR
                0x0800bab4       0x84 ./ThirdParty/SystemView/SYSVIEW/SEGGER_SYSVIEW.o
                0x0800bab4                SEGGER_SYSVIEW_RecordEnterISR
 .text.SEGGER_SYSVIEW_RecordExitISR
                0x0800bb38       0x38 ./ThirdParty/SystemView/SYSVIEW/SEGGER_SYSVIEW.o
                0x0800bb38                SEGGER_SYSVIEW_RecordExitISR
 .text.SEGGER_SYSVIEW_RecordExitISRToScheduler
                0x0800bb70       0x38 ./ThirdParty/SystemView/SYSVIEW/SEGGER_SYSVIEW.o
                0x0800bb70                SEGGER_SYSVIEW_RecordExitISRToScheduler
 .text.SEGGER_SYSVIEW_RecordEndCall
                0x0800bba8       0x78 ./ThirdParty/SystemView/SYSVIEW/SEGGER_SYSVIEW.o
                0x0800bba8                SEGGER_SYSVIEW_RecordEndCall
 .text.SEGGER_SYSVIEW_RecordEndCallU32
                0x0800bc20       0xb0 ./ThirdParty/SystemView/SYSVIEW/SEGGER_SYSVIEW.o
                0x0800bc20                SEGGER_SYSVIEW_RecordEndCallU32
 .text.SEGGER_SYSVIEW_OnIdle
                0x0800bcd0       0x38 ./ThirdParty/SystemView/SYSVIEW/SEGGER_SYSVIEW.o
                0x0800bcd0                SEGGER_SYSVIEW_OnIdle
 .text.SEGGER_SYSVIEW_OnTaskCreate
                0x0800bd08       0x84 ./ThirdParty/SystemView/SYSVIEW/SEGGER_SYSVIEW.o
                0x0800bd08                SEGGER_SYSVIEW_OnTaskCreate
 .text.SEGGER_SYSVIEW_OnTaskStartExec
                0x0800bd8c       0x84 ./ThirdParty/SystemView/SYSVIEW/SEGGER_SYSVIEW.o
                0x0800bd8c                SEGGER_SYSVIEW_OnTaskStartExec
 .text.SEGGER_SYSVIEW_OnTaskStartReady
                0x0800be10       0x84 ./ThirdParty/SystemView/SYSVIEW/SEGGER_SYSVIEW.o
                0x0800be10                SEGGER_SYSVIEW_OnTaskStartReady
 .text.SEGGER_SYSVIEW_OnTaskStopReady
                0x0800be94       0xc0 ./ThirdParty/SystemView/SYSVIEW/SEGGER_SYSVIEW.o
                0x0800be94                SEGGER_SYSVIEW_OnTaskStopReady
 .text.SEGGER_SYSVIEW_MarkStart
                0x0800bf54       0x78 ./ThirdParty/SystemView/SYSVIEW/SEGGER_SYSVIEW.o
                0x0800bf54                SEGGER_SYSVIEW_MarkStart
 .text.SEGGER_SYSVIEW_MarkStop
                0x0800bfcc       0x78 ./ThirdParty/SystemView/SYSVIEW/SEGGER_SYSVIEW.o
                0x0800bfcc                SEGGER_SYSVIEW_MarkStop
 .text.SEGGER_SYSVIEW_ShrinkId
                0x0800c044       0x20 ./ThirdParty/SystemView/SYSVIEW/SEGGER_SYSVIEW.o
                0x0800c044                SEGGER_SYSVIEW_ShrinkId
 .text.SEGGER_SYSVIEW_SendModule
                0x0800c064      0x114 ./ThirdParty/SystemView/SYSVIEW/SEGGER_SYSVIEW.o
                0x0800c064                SEGGER_SYSVIEW_SendModule
 .text.SEGGER_SYSVIEW_SendModuleDescription
                0x0800c178       0x3c ./ThirdParty/SystemView/SYSVIEW/SEGGER_SYSVIEW.o
                0x0800c178                SEGGER_SYSVIEW_SendModuleDescription
 .text.SEGGER_SYSVIEW_SendNumModules
                0x0800c1b4       0x7c ./ThirdParty/SystemView/SYSVIEW/SEGGER_SYSVIEW.o
                0x0800c1b4                SEGGER_SYSVIEW_SendNumModules
 .text.SEGGER_SYSVIEW_WarnfTarget
                0x0800c230       0x28 ./ThirdParty/SystemView/SYSVIEW/SEGGER_SYSVIEW.o
                0x0800c230                SEGGER_SYSVIEW_WarnfTarget
 .text.SEGGER_SYSVIEW_ErrorfTarget
                0x0800c258       0x28 ./ThirdParty/SystemView/SYSVIEW/SEGGER_SYSVIEW.o
                0x0800c258                SEGGER_SYSVIEW_ErrorfTarget
 .text.SEGGER_SYSVIEW_Warn
                0x0800c280       0xb8 ./ThirdParty/SystemView/SYSVIEW/SEGGER_SYSVIEW.o
                0x0800c280                SEGGER_SYSVIEW_Warn
 .text.memcmp   0x0800c338       0x20 /opt/st/stm32cubeide_1.19.0/plugins/com.st.stm32cube.ide.mcu.externaltools.gnu-tools-for-stm32.13.3.rel1.linux64_1.0.0.202410170706/tools/bin/../lib/gcc/arm-none-eabi/13.3.1/../../../../arm-none-eabi/lib/thumb/v7e-m+fp/hard/libc_nano.a(libc_a-memcmp.o)
                0x0800c338                memcmp
 .text.memset   0x0800c358       0x10 /opt/st/stm32cubeide_1.19.0/plugins/com.st.stm32cube.ide.mcu.externaltools.gnu-tools-for-stm32.13.3.rel1.linux64_1.0.0.202410170706/tools/bin/../lib/gcc/arm-none-eabi/13.3.1/../../../../arm-none-eabi/lib/thumb/v7e-m+fp/hard/libc_nano.a(libc_a-memset.o)
                0x0800c358                memset
 .text._reclaim_reent
                0x0800c368       0xbc /opt/st/stm32cubeide_1.19.0/plugins/com.st.stm32cube.ide.mcu.externaltools.gnu-tools-for-stm32.13.3.rel1.linux64_1.0.0.202410170706/tools/bin/../lib/gcc/arm-none-eabi/13.3.1/../../../../arm-none-eabi/lib/thumb/v7e-m+fp/hard/libc_nano.a(libc_a-reent.o)
                0x0800c368                _reclaim_reent
 .text.__libc_init_array
                0x0800c424       0x48 /opt/st/stm32cubeide_1.19.0/plugins/com.st.stm32cube.ide.mcu.externaltools.gnu-tools-for-stm32.13.3.rel1.linux64_1.0.0.202410170706/tools/bin/../lib/gcc/arm-none-eabi/13.3.1/../../../../arm-none-eabi/lib/thumb/v7e-m+fp/hard/libc_nano.a(libc_a-init.o)
                0x0800c424                __libc_init_array
 .text.__retarget_lock_acquire_recursive
                0x0800c46c        0x2 /opt/st/stm32cubeide_1.19.0/plugins/com.st.stm32cube.ide.mcu.externaltools.gnu-tools-for-stm32.13.3.rel1.linux64_1.0.0.202410170706/tools/bin/../lib/gcc/arm-none-eabi/13.3.1/../../../../arm-none-eabi/lib/thumb/v7e-m+fp/hard/libc_nano.a(libc_a-lock.o)
                0x0800c46c                __retarget_lock_acquire_recursive
 .text.__retarget_lock_release_recursive
                0x0800c46e        0x2 /opt/st/stm32cubeide_1.19.0/plugins/com.st.stm32cube.ide.mcu.externaltools.gnu-tools-for-stm32.13.3.rel1.linux64_1.0.0.202410170706/tools/bin/../lib/gcc/arm-none-eabi/13.3.1/../../../../arm-none-eabi/lib/thumb/v7e-m+fp/hard/libc_nano.a(libc_a-lock.o)
                0x0800c46e                __retarget_lock_release_recursive
 .text.memcpy   0x0800c470       0x1c /opt/st/stm32cubeide_1.19.0/plugins/com.st.stm32cube.ide.mcu.externaltools.gnu-tools-for-stm32.13.3.rel1.linux64_1.0.0.202410170706/tools/bin/../lib/gcc/arm-none-eabi/13.3.1/../../../../arm-none-eabi/lib/thumb/v7e-m+fp/hard/libc_nano.a(libc_a-memcpy-stub.o)
                0x0800c470                memcpy
 .text._free_r  0x0800c48c       0x94 /opt/st/stm32cubeide_1.19.0/plugins/com.st.stm32cube.ide.mcu.externaltools.gnu-tools-for-stm32.13.3.rel1.linux64_1.0.0.202410170706/tools/bin/../lib/gcc/arm-none-eabi/13.3.1/../../../../arm-none-eabi/lib/thumb/v7e-m+fp/hard/libc_nano.a(libc_a-freer.o)
                0x0800c48c                _free_r
 .text.__malloc_lock
                0x0800c520        0xc /opt/st/stm32cubeide_1.19.0/plugins/com.st.stm32cube.ide.mcu.externaltools.gnu-tools-for-stm32.13.3.rel1.linux64_1.0.0.202410170706/tools/bin/../lib/gcc/arm-none-eabi/13.3.1/../../../../arm-none-eabi/lib/thumb/v7e-m+fp/hard/libc_nano.a(libc_a-mlock.o)
                0x0800c520                __malloc_lock
 .text.__malloc_unlock
                0x0800c52c        0xc /opt/st/stm32cubeide_1.19.0/plugins/com.st.stm32cube.ide.mcu.externaltools.gnu-tools-for-stm32.13.3.rel1.linux64_1.0.0.202410170706/tools/bin/../lib/gcc/arm-none-eabi/13.3.1/../../../../arm-none-eabi/lib/thumb/v7e-m+fp/hard/libc_nano.a(libc_a-mlock.o)
                0x0800c52c                __malloc_unlock
 .text.cosf     0x0800c538       0x88 /opt/st/stm32cubeide_1.19.0/plugins/com.st.stm32cube.ide.mcu.externaltools.gnu-tools-for-stm32.13.3.rel1.linux64_1.0.0.202410170706/tools/bin/../lib/gcc/arm-none-eabi/13.3.1/../../../../arm-none-eabi/lib/thumb/v7e-m+fp/hard/libm.a(libm_a-sf_cos.o)
                0x0800c538                cosf
 .text.sinf     0x0800c5c0       0x8c /opt/st/stm32cubeide_1.19.0/plugins/com.st.stm32cube.ide.mcu.externaltools.gnu-tools-for-stm32.13.3.rel1.linux64_1.0.0.202410170706/tools/bin/../lib/gcc/arm-none-eabi/13.3.1/../../../../arm-none-eabi/lib/thumb/v7e-m+fp/hard/libm.a(libm_a-sf_sin.o)
                0x0800c5c0                sinf
 .text.__kernel_cosf
                0x0800c64c       0xb0 /opt/st/stm32cubeide_1.19.0/plugins/com.st.stm32cube.ide.mcu.externaltools.gnu-tools-for-stm32.13.3.rel1.linux64_1.0.0.202410170706/tools/bin/../lib/gcc/arm-none-eabi/13.3.1/../../../../arm-none-eabi/lib/thumb/v7e-m+fp/hard/libm.a(libm_a-kf_cos.o)
                0x0800c64c                __kernel_cosf
 .text.__kernel_sinf
                0x0800c6fc       0x90 /opt/st/stm32cubeide_1.19.0/plugins/com.st.stm32cube.ide.mcu.externaltools.gnu-tools-for-stm32.13.3.rel1.linux64_1.0.0.202410170706/tools/bin/../lib/gcc/arm-none-eabi/13.3.1/../../../../arm-none-eabi/lib/thumb/v7e-m+fp/hard/libm.a(libm_a-kf_sin.o)
                0x0800c6fc                __kernel_sinf
 .text.__ieee754_rem_pio2f
                0x0800c78c      0x260 /opt/st/stm32cubeide_1.19.0/plugins/com.st.stm32cube.ide.mcu.externaltools.gnu-tools-for-stm32.13.3.rel1.linux64_1.0.0.202410170706/tools/bin/../lib/gcc/arm-none-eabi/13.3.1/../../../../arm-none-eabi/lib/thumb/v7e-m+fp/hard/libm.a(libm_a-ef_rem_pio2.o)
                0x0800c78c                __ieee754_rem_pio2f
 .text.fabsf    0x0800c9ec        0xe /opt/st/stm32cubeide_1.19.0/plugins/com.st.stm32cube.ide.mcu.externaltools.gnu-tools-for-stm32.13.3.rel1.linux64_1.0.0.202410170706/tools/bin/../lib/gcc/arm-none-eabi/13.3.1/../../../../arm-none-eabi/lib/thumb/v7e-m+fp/hard/libm.a(libm_a-sf_fabs.o)
                0x0800c9ec                fabsf
 *fill*         0x0800c9fa        0x2 
 .text.__kernel_rem_pio2f
                0x0800c9fc      0x4d0 /opt/st/stm32cubeide_1.19.0/plugins/com.st.stm32cube.ide.mcu.externaltools.gnu-tools-for-stm32.13.3.rel1.linux64_1.0.0.202410170706/tools/bin/../lib/gcc/arm-none-eabi/13.3.1/../../../../arm-none-eabi/lib/thumb/v7e-m+fp/hard/libm.a(libm_a-kf_rem_pio2.o)
                0x0800c9fc                __kernel_rem_pio2f
 .text.scalbnf  0x0800cecc       0xcc /opt/st/stm32cubeide_1.19.0/plugins/com.st.stm32cube.ide.mcu.externaltools.gnu-tools-for-stm32.13.3.rel1.linux64_1.0.0.202410170706/tools/bin/../lib/gcc/arm-none-eabi/13.3.1/../../../../arm-none-eabi/lib/thumb/v7e-m+fp/hard/libm.a(libm_a-sf_scalbn.o)
                0x0800cecc                scalbnf
 .text.floorf   0x0800cf98       0x88 /opt/st/stm32cubeide_1.19.0/plugins/com.st.stm32cube.ide.mcu.externaltools.gnu-tools-for-stm32.13.3.rel1.linux64_1.0.0.202410170706/tools/bin/../lib/gcc/arm-none-eabi/13.3.1/../../../../arm-none-eabi/lib/thumb/v7e-m+fp/hard/libm.a(libm_a-sf_floor.o)
                0x0800cf98                floorf
 *(.glue_7)
 .glue_7        0x0800d020        0x0 linker stubs
 *(.glue_7t)
 .glue_7t       0x0800d020        0x0 linker stubs
 *(.eh_frame)
 .eh_frame      0x0800d020        0x0 /opt/st/stm32cubeide_1.19.0/plugins/com.st.stm32cube.ide.mcu.externaltools.gnu-tools-for-stm32.13.3.rel1.linux64_1.0.0.202410170706/tools/bin/../lib/gcc/arm-none-eabi/13.3.1/thumb/v7e-m+fp/hard/crtbegin.o
 *(.init)
 .init          0x0800d020        0x4 /opt/st/stm32cubeide_1.19.0/plugins/com.st.stm32cube.ide.mcu.externaltools.gnu-tools-for-stm32.13.3.rel1.linux64_1.0.0.202410170706/tools/bin/../lib/gcc/arm-none-eabi/13.3.1/thumb/v7e-m+fp/hard/crti.o
                0x0800d020                _init
 .init          0x0800d024        0x8 /opt/st/stm32cubeide_1.19.0/plugins/com.st.stm32cube.ide.mcu.externaltools.gnu-tools-for-stm32.13.3.rel1.linux64_1.0.0.202410170706/tools/bin/../lib/gcc/arm-none-eabi/13.3.1/thumb/v7e-m+fp/hard/crtn.o
 *(.fini)
 .fini          0x0800d02c        0x4 /opt/st/stm32cubeide_1.19.0/plugins/com.st.stm32cube.ide.mcu.externaltools.gnu-tools-for-stm32.13.3.rel1.linux64_1.0.0.202410170706/tools/bin/../lib/gcc/arm-none-eabi/13.3.1/thumb/v7e-m+fp/hard/crti.o
                0x0800d02c                _fini
 .fini          0x0800d030        0x8 /opt/st/stm32cubeide_1.19.0/plugins/com.st.stm32cube.ide.mcu.externaltools.gnu-tools-for-stm32.13.3.rel1.linux64_1.0.0.202410170706/tools/bin/../lib/gcc/arm-none-eabi/13.3.1/thumb/v7e-m+fp/hard/crtn.o
                0x0800d038                        . = ALIGN (0x4)
                0x0800d038                        _etext = .

.vfp11_veneer   0x0800d038        0x0
 .vfp11_veneer  0x0800d038        0x0 linker stubs

.v4_bx          0x0800d038        0x0
 .v4_bx         0x0800d038        0x0 linker stubs

.iplt           0x0800d038        0x0
 .iplt          0x0800d038        0x0 /opt/st/stm32cubeide_1.19.0/plugins/com.st.stm32cube.ide.mcu.externaltools.gnu-tools-for-stm32.13.3.rel1.linux64_1.0.0.202410170706/tools/bin/../lib/gcc/arm-none-eabi/13.3.1/thumb/v7e-m+fp/hard/crtbegin.o

.rodata         0x0800d038      0x808
                0x0800d038                        . = ALIGN (0x4)
 *(.rodata)
 .rodata        0x0800d038       0xa9 ./Core/Src/motion_planning.o
 *fill*         0x0800d0e1        0x3 
 .rodata        0x0800d0e4       0xaa ./Core/Src/pose_estimation.o
 *fill*         0x0800d18e        0x2 
 .rodata        0x0800d190       0x58 ./Core/Src/robotto_tasks.o
 .rodata        0x0800d1e8      0x153 ./Core/Src/wheels_control.o
 *fill*         0x0800d33b        0x1 
 .rodata        0x0800d33c        0x5 ./ThirdParty/FreeRTOS/tasks.o
 *fill*         0x0800d341        0x3 
 .rodata        0x0800d344        0xd ./ThirdParty/FreeRTOS/timers.o
 *fill*         0x0800d351        0x3 
 .rodata        0x0800d354        0x9 ./ThirdParty/RTT/RTT/SEGGER_RTT.o
 *fill*         0x0800d35d        0x3 
 .rodata        0x0800d360        0x7 ./ThirdParty/RTT/RTT/SEGGER_RTT_printf.o
 *fill*         0x0800d367        0x1 
 .rodata        0x0800d368       0x39 ./ThirdParty/SystemView/Config/SEGGER_SYSVIEW_Config_FreeRTOS.o
 *fill*         0x0800d3a1        0x3 
 .rodata        0x0800d3a4       0x58 ./ThirdParty/SystemView/FreeRTOSV11/SEGGER_SYSVIEW_FreeRTOS.o
 .rodata        0x0800d3fc       0x10 ./ThirdParty/SystemView/SYSVIEW/SEGGER_SYSVIEW.o
 *(.rodata*)
 .rodata.AHBPrescTable
                0x0800d40c       0x10 ./Core/Src/system_stm32f4xx.o
                0x0800d40c                AHBPrescTable
 .rodata.APBPrescTable
                0x0800d41c        0x8 ./Core/Src/system_stm32f4xx.o
                0x0800d41c                APBPrescTable
 .rodata.uxTopUsedPriority
                0x0800d424        0x4 ./ThirdParty/FreeRTOS/tasks.o
 .rodata._aInitStr.0
                0x0800d428       0x11 ./ThirdParty/RTT/RTT/SEGGER_RTT.o
 *fill*         0x0800d439        0x3 
 .rodata._aV2C.0
                0x0800d43c       0x10 ./ThirdParty/RTT/RTT/SEGGER_RTT_printf.o
 .rodata.SYSVIEW_X_OS_TraceAPI
                0x0800d44c        0x8 ./ThirdParty/SystemView/FreeRTOSV11/SEGGER_SYSVIEW_FreeRTOS.o
                0x0800d44c                SYSVIEW_X_OS_TraceAPI
 .rodata._abSync
                0x0800d454        0xa ./ThirdParty/SystemView/SYSVIEW/SEGGER_SYSVIEW.o
 *fill*         0x0800d45e        0x2 
 .rodata._aV2C.0
                0x0800d460       0x10 ./ThirdParty/SystemView/SYSVIEW/SEGGER_SYSVIEW.o
 .rodata.npio2_hw
                0x0800d470       0x80 /opt/st/stm32cubeide_1.19.0/plugins/com.st.stm32cube.ide.mcu.externaltools.gnu-tools-for-stm32.13.3.rel1.linux64_1.0.0.202410170706/tools/bin/../lib/gcc/arm-none-eabi/13.3.1/../../../../arm-none-eabi/lib/thumb/v7e-m+fp/hard/libm.a(libm_a-ef_rem_pio2.o)
 .rodata.two_over_pi
                0x0800d4f0      0x318 /opt/st/stm32cubeide_1.19.0/plugins/com.st.stm32cube.ide.mcu.externaltools.gnu-tools-for-stm32.13.3.rel1.linux64_1.0.0.202410170706/tools/bin/../lib/gcc/arm-none-eabi/13.3.1/../../../../arm-none-eabi/lib/thumb/v7e-m+fp/hard/libm.a(libm_a-ef_rem_pio2.o)
 .rodata.PIo2   0x0800d808       0x2c /opt/st/stm32cubeide_1.19.0/plugins/com.st.stm32cube.ide.mcu.externaltools.gnu-tools-for-stm32.13.3.rel1.linux64_1.0.0.202410170706/tools/bin/../lib/gcc/arm-none-eabi/13.3.1/../../../../arm-none-eabi/lib/thumb/v7e-m+fp/hard/libm.a(libm_a-kf_rem_pio2.o)
 .rodata.init_jk
                0x0800d834        0xc /opt/st/stm32cubeide_1.19.0/plugins/com.st.stm32cube.ide.mcu.externaltools.gnu-tools-for-stm32.13.3.rel1.linux64_1.0.0.202410170706/tools/bin/../lib/gcc/arm-none-eabi/13.3.1/../../../../arm-none-eabi/lib/thumb/v7e-m+fp/hard/libm.a(libm_a-kf_rem_pio2.o)
                0x0800d840                        . = ALIGN (0x4)

.ARM.extab      0x0800d840        0x0
                0x0800d840                        . = ALIGN (0x4)
 *(.ARM.extab* .gnu.linkonce.armextab.*)
                0x0800d840                        . = ALIGN (0x4)

.ARM            0x0800d840        0x8
                0x0800d840                        . = ALIGN (0x4)
                0x0800d840                        __exidx_start = .
 *(.ARM.exidx*)
 .ARM.exidx     0x0800d840        0x8 /opt/st/stm32cubeide_1.19.0/plugins/com.st.stm32cube.ide.mcu.externaltools.gnu-tools-for-stm32.13.3.rel1.linux64_1.0.0.202410170706/tools/bin/../lib/gcc/arm-none-eabi/13.3.1/thumb/v7e-m+fp/hard/libgcc.a(_udivmoddi4.o)
                0x0800d848                        __exidx_end = .
                0x0800d848                        . = ALIGN (0x4)

.preinit_array  0x0800d848        0x0
                0x0800d848                        . = ALIGN (0x4)
                0x0800d848                        PROVIDE (__preinit_array_start = .)
 *(.preinit_array*)
                0x0800d848                        PROVIDE (__preinit_array_end = .)
                0x0800d848                        . = ALIGN (0x4)

.init_array     0x0800d848        0x4
                0x0800d848                        . = ALIGN (0x4)
                0x0800d848                        PROVIDE (__init_array_start = .)
 *(SORT_BY_NAME(.init_array.*))
 *(.init_array*)
 .init_array    0x0800d848        0x4 /opt/st/stm32cubeide_1.19.0/plugins/com.st.stm32cube.ide.mcu.externaltools.gnu-tools-for-stm32.13.3.rel1.linux64_1.0.0.202410170706/tools/bin/../lib/gcc/arm-none-eabi/13.3.1/thumb/v7e-m+fp/hard/crtbegin.o
                0x0800d84c                        PROVIDE (__init_array_end = .)
                0x0800d84c                        . = ALIGN (0x4)

.fini_array     0x0800d84c        0x4
                0x0800d84c                        . = ALIGN (0x4)
                [!provide]                        PROVIDE (__fini_array_start = .)
 *(SORT_BY_NAME(.fini_array.*))
 *(.fini_array*)
 .fini_array    0x0800d84c        0x4 /opt/st/stm32cubeide_1.19.0/plugins/com.st.stm32cube.ide.mcu.externaltools.gnu-tools-for-stm32.13.3.rel1.linux64_1.0.0.202410170706/tools/bin/../lib/gcc/arm-none-eabi/13.3.1/thumb/v7e-m+fp/hard/crtbegin.o
                [!provide]                        PROVIDE (__fini_array_end = .)
                0x0800d850                        . = ALIGN (0x4)
                0x0800d850                        _sidata = LOADADDR (.data)

.rel.dyn        0x0800d850        0x0
 .rel.iplt      0x0800d850        0x0 /opt/st/stm32cubeide_1.19.0/plugins/com.st.stm32cube.ide.mcu.externaltools.gnu-tools-for-stm32.13.3.rel1.linux64_1.0.0.202410170706/tools/bin/../lib/gcc/arm-none-eabi/13.3.1/thumb/v7e-m+fp/hard/crtbegin.o

.data           0x20000000       0x98 load address 0x0800d850
                0x20000000                        . = ALIGN (0x4)
                0x20000000                        _sdata = .
 *(.data)
 *(.data*)
 .data.device_hi2c_mapping
                0x20000000        0xc ./Common/src/i2c_busses.o
                0x20000000                device_hi2c_mapping
 .data.device_mutex_mapping
                0x2000000c        0xc ./Common/src/i2c_busses.o
                0x2000000c                device_mutex_mapping
 .data.SystemCoreClock
                0x20000018        0x4 ./Core/Src/system_stm32f4xx.o
                0x20000018                SystemCoreClock
 .data.uwTickPrio
                0x2000001c        0x4 ./Drivers/STM32F4xx_HAL_Driver/Src/stm32f4xx_hal.o
                0x2000001c                uwTickPrio
 .data.uwTickFreq
                0x20000020        0x1 ./Drivers/STM32F4xx_HAL_Driver/Src/stm32f4xx_hal.o
                0x20000020                uwTickFreq
 *fill*         0x20000021        0x3 
 .data.pid_left
                0x20000024       0x10 ./Logic/src/pid_motor_controller.o
 .data.pid_right
                0x20000034       0x10 ./Logic/src/pid_motor_controller.o
 .data.uxCriticalNesting
                0x20000044        0x4 ./ThirdParty/FreeRTOS/portable/GCC/ARM_CM4F/port.o
 .data._impure_ptr
                0x20000048        0x4 /opt/st/stm32cubeide_1.19.0/plugins/com.st.stm32cube.ide.mcu.externaltools.gnu-tools-for-stm32.13.3.rel1.linux64_1.0.0.202410170706/tools/bin/../lib/gcc/arm-none-eabi/13.3.1/../../../../arm-none-eabi/lib/thumb/v7e-m+fp/hard/libc_nano.a(libc_a-impure.o)
                0x20000048                _impure_ptr
 .data._impure_data
                0x2000004c       0x4c /opt/st/stm32cubeide_1.19.0/plugins/com.st.stm32cube.ide.mcu.externaltools.gnu-tools-for-stm32.13.3.rel1.linux64_1.0.0.202410170706/tools/bin/../lib/gcc/arm-none-eabi/13.3.1/../../../../arm-none-eabi/lib/thumb/v7e-m+fp/hard/libc_nano.a(libc_a-impure.o)
                0x2000004c                _impure_data
 *(.RamFunc)
 *(.RamFunc*)
                0x20000098                        . = ALIGN (0x4)
                0x20000098                        _edata = .

.igot.plt       0x20000098        0x0 load address 0x0800d8e8
 .igot.plt      0x20000098        0x0 /opt/st/stm32cubeide_1.19.0/plugins/com.st.stm32cube.ide.mcu.externaltools.gnu-tools-for-stm32.13.3.rel1.linux64_1.0.0.202410170706/tools/bin/../lib/gcc/arm-none-eabi/13.3.1/thumb/v7e-m+fp/hard/crtbegin.o
                0x20000098                        . = ALIGN (0x4)

.bss            0x20000098     0x53c4 load address 0x0800d8e8
                0x20000098                        _sbss = .
                0x20000098                        __bss_start__ = _sbss
 *(.bss)
 .bss           0x20000098       0x1c /opt/st/stm32cubeide_1.19.0/plugins/com.st.stm32cube.ide.mcu.externaltools.gnu-tools-for-stm32.13.3.rel1.linux64_1.0.0.202410170706/tools/bin/../lib/gcc/arm-none-eabi/13.3.1/thumb/v7e-m+fp/hard/crtbegin.o
 *(.bss*)
 .bss.i2c1_mutex
                0x200000b4        0x4 ./Common/src/i2c_busses.o
                0x200000b4                i2c1_mutex
 .bss.i2c2_mutex
                0x200000b8        0x4 ./Common/src/i2c_busses.o
                0x200000b8                i2c2_mutex
 .bss.hi2c1     0x200000bc       0x54 ./Core/Src/main.o
                0x200000bc                hi2c1
 .bss.hi2c2     0x20000110       0x54 ./Core/Src/main.o
                0x20000110                hi2c2
 .bss.htim1     0x20000164       0x48 ./Core/Src/main.o
                0x20000164                htim1
 .bss.last_error
                0x200001ac        0x4 ./Core/Src/motion_planning.o
 .bss.activity_status.0
                0x200001b0        0x1 ./Core/Src/motion_planning.o
 *fill*         0x200001b1        0x3 
 .bss.last_error
                0x200001b4        0x4 ./Core/Src/pose_estimation.o
 .bss.imu_bias  0x200001b8       0x1c ./Core/Src/pose_estimation.o
 .bss.counter.2
                0x200001d4        0x4 ./Core/Src/pose_estimation.o
 .bss.estimated_pose.1
                0x200001d8       0x10 ./Core/Src/pose_estimation.o
 .bss.activity_status.0
                0x200001e8        0x1 ./Core/Src/pose_estimation.o
 *fill*         0x200001e9        0x3 
 .bss.led_task_handle
                0x200001ec        0x4 ./Core/Src/robotto_tasks.o
                0x200001ec                led_task_handle
 .bss.motor_task_handle
                0x200001f0        0x4 ./Core/Src/robotto_tasks.o
                0x200001f0                motor_task_handle
 .bss.motion_planning_handle
                0x200001f4        0x4 ./Core/Src/robotto_tasks.o
                0x200001f4                motion_planning_handle
 .bss.buttonTaskHandle
                0x200001f8        0x4 ./Core/Src/robotto_tasks.o
                0x200001f8                buttonTaskHandle
 .bss.pose_estimation_handles
                0x200001fc        0x4 ./Core/Src/robotto_tasks.o
                0x200001fc                pose_estimation_handles
 .bss.behavior_queue_handle
                0x20000200        0x4 ./Core/Src/robotto_tasks.o
                0x20000200                behavior_queue_handle
 .bss.wheels_speed_set_points_queue_handle
                0x20000204        0x4 ./Core/Src/robotto_tasks.o
                0x20000204                wheels_speed_set_points_queue_handle
 .bss.wheels_status_queue_handle
                0x20000208        0x4 ./Core/Src/robotto_tasks.o
                0x20000208                wheels_status_queue_handle
 .bss.robotto_pose_queue_handle
                0x2000020c        0x4 ./Core/Src/robotto_tasks.o
                0x2000020c                robotto_pose_queue_handle
 .bss.last.1    0x20000210        0x4 ./Core/Src/robotto_tasks.o
 .bss.behavior.0
                0x20000214        0x1 ./Core/Src/robotto_tasks.o
 *fill*         0x20000215        0x3 
 .bss.htim7     0x20000218       0x48 ./Core/Src/stm32f4xx_hal_timebase_tim.o
                0x20000218                htim7
 .bss.last_error
                0x20000260        0x4 ./Core/Src/wheels_control.o
 .bss.speed_set_point.4
                0x20000264        0xc ./Core/Src/wheels_control.o
 .bss.missing_setpoint_counter.3
                0x20000270        0x4 ./Core/Src/wheels_control.o
 .bss.activity_status.2
                0x20000274        0x1 ./Core/Src/wheels_control.o
 *fill*         0x20000275        0x3 
 .bss.left_wheel_status.1
                0x20000278       0x18 ./Core/Src/wheels_control.o
 .bss.right_wheel_status.0
                0x20000290       0x18 ./Core/Src/wheels_control.o
 .bss.uwTick    0x200002a8        0x4 ./Drivers/STM32F4xx_HAL_Driver/Src/stm32f4xx_hal.o
                0x200002a8                uwTick
 .bss.xQueueRegistry
                0x200002ac       0x40 ./ThirdParty/FreeRTOS/queue.o
                0x200002ac                xQueueRegistry
 .bss.pxCurrentTCB
                0x200002ec        0x4 ./ThirdParty/FreeRTOS/tasks.o
                0x200002ec                pxCurrentTCB
 .bss.pxReadyTasksLists
                0x200002f0       0xa0 ./ThirdParty/FreeRTOS/tasks.o
 .bss.xDelayedTaskList1
                0x20000390       0x14 ./ThirdParty/FreeRTOS/tasks.o
 .bss.xDelayedTaskList2
                0x200003a4       0x14 ./ThirdParty/FreeRTOS/tasks.o
 .bss.pxDelayedTaskList
                0x200003b8        0x4 ./ThirdParty/FreeRTOS/tasks.o
 .bss.pxOverflowDelayedTaskList
                0x200003bc        0x4 ./ThirdParty/FreeRTOS/tasks.o
 .bss.xPendingReadyList
                0x200003c0       0x14 ./ThirdParty/FreeRTOS/tasks.o
 .bss.xTasksWaitingTermination
                0x200003d4       0x14 ./ThirdParty/FreeRTOS/tasks.o
 .bss.uxDeletedTasksWaitingCleanUp
                0x200003e8        0x4 ./ThirdParty/FreeRTOS/tasks.o
 .bss.xSuspendedTaskList
                0x200003ec       0x14 ./ThirdParty/FreeRTOS/tasks.o
 .bss.uxCurrentNumberOfTasks
                0x20000400        0x4 ./ThirdParty/FreeRTOS/tasks.o
 .bss.xTickCount
                0x20000404        0x4 ./ThirdParty/FreeRTOS/tasks.o
 .bss.uxTopReadyPriority
                0x20000408        0x4 ./ThirdParty/FreeRTOS/tasks.o
 .bss.xSchedulerRunning
                0x2000040c        0x4 ./ThirdParty/FreeRTOS/tasks.o
 .bss.xPendedTicks
                0x20000410        0x4 ./ThirdParty/FreeRTOS/tasks.o
 .bss.xYieldPendings
                0x20000414        0x4 ./ThirdParty/FreeRTOS/tasks.o
 .bss.xNumOfOverflows
                0x20000418        0x4 ./ThirdParty/FreeRTOS/tasks.o
 .bss.uxTaskNumber
                0x2000041c        0x4 ./ThirdParty/FreeRTOS/tasks.o
 .bss.xNextTaskUnblockTime
                0x20000420        0x4 ./ThirdParty/FreeRTOS/tasks.o
 .bss.xIdleTaskHandles
                0x20000424        0x4 ./ThirdParty/FreeRTOS/tasks.o
 .bss.uxSchedulerSuspended
                0x20000428        0x4 ./ThirdParty/FreeRTOS/tasks.o
 .bss.xIdleTaskTCB.3
                0x2000042c       0xa8 ./ThirdParty/FreeRTOS/tasks.o
 .bss.uxIdleTaskStack.2
                0x200004d4      0x200 ./ThirdParty/FreeRTOS/tasks.o
 .bss.xTimerTaskTCB.1
                0x200006d4       0xa8 ./ThirdParty/FreeRTOS/tasks.o
 .bss.uxTimerTaskStack.0
                0x2000077c      0x400 ./ThirdParty/FreeRTOS/tasks.o
 .bss.xActiveTimerList1
                0x20000b7c       0x14 ./ThirdParty/FreeRTOS/timers.o
 .bss.xActiveTimerList2
                0x20000b90       0x14 ./ThirdParty/FreeRTOS/timers.o
 .bss.pxCurrentTimerList
                0x20000ba4        0x4 ./ThirdParty/FreeRTOS/timers.o
 .bss.pxOverflowTimerList
                0x20000ba8        0x4 ./ThirdParty/FreeRTOS/timers.o
 .bss.xTimerQueue
                0x20000bac        0x4 ./ThirdParty/FreeRTOS/timers.o
 .bss.xTimerTaskHandle
                0x20000bb0        0x4 ./ThirdParty/FreeRTOS/timers.o
 .bss.xLastTime.2
                0x20000bb4        0x4 ./ThirdParty/FreeRTOS/timers.o
 .bss.ucStaticTimerQueueStorage.1
                0x20000bb8       0x78 ./ThirdParty/FreeRTOS/timers.o
 .bss.xStaticTimerQueue.0
                0x20000c30       0x50 ./ThirdParty/FreeRTOS/timers.o
 .bss.ucMaxSysCallPriority
                0x20000c80        0x1 ./ThirdParty/FreeRTOS/portable/GCC/ARM_CM4F/port.o
 *fill*         0x20000c81        0x3 
 .bss.ulMaxPRIGROUPValue
                0x20000c84        0x4 ./ThirdParty/FreeRTOS/portable/GCC/ARM_CM4F/port.o
 .bss.ucHeap    0x20000c88     0x3c00 ./ThirdParty/FreeRTOS/portable/MemMang/heap_4.o
 .bss.xStart    0x20004888        0x8 ./ThirdParty/FreeRTOS/portable/MemMang/heap_4.o
 .bss.pxEnd     0x20004890        0x4 ./ThirdParty/FreeRTOS/portable/MemMang/heap_4.o
 .bss.xFreeBytesRemaining
                0x20004894        0x4 ./ThirdParty/FreeRTOS/portable/MemMang/heap_4.o
 .bss.xMinimumEverFreeBytesRemaining
                0x20004898        0x4 ./ThirdParty/FreeRTOS/portable/MemMang/heap_4.o
 .bss.xNumberOfSuccessfulAllocations
                0x2000489c        0x4 ./ThirdParty/FreeRTOS/portable/MemMang/heap_4.o
 .bss.xNumberOfSuccessfulFrees
                0x200048a0        0x4 ./ThirdParty/FreeRTOS/portable/MemMang/heap_4.o
 .bss._SEGGER_RTT
                0x200048a4       0xa8 ./ThirdParty/RTT/RTT/SEGGER_RTT.o
                0x200048a4                _SEGGER_RTT
 .bss._acUpBuffer
                0x2000494c      0x400 ./ThirdParty/RTT/RTT/SEGGER_RTT.o
 .bss._acDownBuffer
                0x20004d4c       0x10 ./ThirdParty/RTT/RTT/SEGGER_RTT.o
 .bss._aTasks   0x20004d5c       0xa0 ./ThirdParty/SystemView/FreeRTOSV11/SEGGER_SYSVIEW_FreeRTOS.o
 .bss._NumTasks
                0x20004dfc        0x4 ./ThirdParty/SystemView/FreeRTOSV11/SEGGER_SYSVIEW_FreeRTOS.o
 .bss._UpBuffer
                0x20004e00      0x400 ./ThirdParty/SystemView/SYSVIEW/SEGGER_SYSVIEW.o
 .bss._DownBuffer
                0x20005200        0x8 ./ThirdParty/SystemView/SYSVIEW/SEGGER_SYSVIEW.o
 .bss._SYSVIEW_Globals
                0x20005208       0x28 ./ThirdParty/SystemView/SYSVIEW/SEGGER_SYSVIEW.o
 .bss._pFirstModule
                0x20005230        0x4 ./ThirdParty/SystemView/SYSVIEW/SEGGER_SYSVIEW.o
 .bss._NumModules
                0x20005234        0x1 ./ThirdParty/SystemView/SYSVIEW/SEGGER_SYSVIEW.o
 *fill*         0x20005235        0x3 
 .bss._aPacket  0x20005238       0xe3 ./ThirdParty/SystemView/SYSVIEW/SEGGER_SYSVIEW.o
 *fill*         0x2000531b        0x1 
 .bss.__sf      0x2000531c      0x138 /opt/st/stm32cubeide_1.19.0/plugins/com.st.stm32cube.ide.mcu.externaltools.gnu-tools-for-stm32.13.3.rel1.linux64_1.0.0.202410170706/tools/bin/../lib/gcc/arm-none-eabi/13.3.1/../../../../arm-none-eabi/lib/thumb/v7e-m+fp/hard/libc_nano.a(libc_a-findfp.o)
                0x2000531c                __sf
 .bss.__lock___malloc_recursive_mutex
                0x20005454        0x1 /opt/st/stm32cubeide_1.19.0/plugins/com.st.stm32cube.ide.mcu.externaltools.gnu-tools-for-stm32.13.3.rel1.linux64_1.0.0.202410170706/tools/bin/../lib/gcc/arm-none-eabi/13.3.1/../../../../arm-none-eabi/lib/thumb/v7e-m+fp/hard/libc_nano.a(libc_a-lock.o)
                0x20005454                __lock___malloc_recursive_mutex
 *fill*         0x20005455        0x3 
 .bss.__malloc_free_list
                0x20005458        0x4 /opt/st/stm32cubeide_1.19.0/plugins/com.st.stm32cube.ide.mcu.externaltools.gnu-tools-for-stm32.13.3.rel1.linux64_1.0.0.202410170706/tools/bin/../lib/gcc/arm-none-eabi/13.3.1/../../../../arm-none-eabi/lib/thumb/v7e-m+fp/hard/libc_nano.a(libc_a-mallocr.o)
                0x20005458                __malloc_free_list
 *(COMMON)
                0x2000545c                        . = ALIGN (0x4)
                0x2000545c                        _ebss = .
                0x2000545c                        __bss_end__ = _ebss

._user_heap_stack
                0x2000545c      0x604 load address 0x0800d8e8
                0x20005460                        . = ALIGN (0x8)
 *fill*         0x2000545c        0x4 
                [!provide]                        PROVIDE (end = .)
                0x20005460                        PROVIDE (_end = .)
                0x20005660                        . = (. + _Min_Heap_Size)
 *fill*         0x20005460      0x200 
                0x20005a60                        . = (. + _Min_Stack_Size)
 *fill*         0x20005660      0x400 
                0x20005a60                        . = ALIGN (0x8)

/DISCARD/
 libc.a(*)
 libm.a(*)
 libgcc.a(*)

.ARM.attributes
                0x00000000       0x30
 *(.ARM.attributes)
 .ARM.attributes
                0x00000000       0x22 /opt/st/stm32cubeide_1.19.0/plugins/com.st.stm32cube.ide.mcu.externaltools.gnu-tools-for-stm32.13.3.rel1.linux64_1.0.0.202410170706/tools/bin/../lib/gcc/arm-none-eabi/13.3.1/thumb/v7e-m+fp/hard/crti.o
 .ARM.attributes
                0x00000022       0x34 /opt/st/stm32cubeide_1.19.0/plugins/com.st.stm32cube.ide.mcu.externaltools.gnu-tools-for-stm32.13.3.rel1.linux64_1.0.0.202410170706/tools/bin/../lib/gcc/arm-none-eabi/13.3.1/thumb/v7e-m+fp/hard/crtbegin.o
 .ARM.attributes
                0x00000056       0x34 ./Common/src/i2c_busses.o
 .ARM.attributes
                0x0000008a       0x34 ./Core/Src/main.o
 .ARM.attributes
                0x000000be       0x34 ./Core/Src/motion_planning.o
 .ARM.attributes
                0x000000f2       0x34 ./Core/Src/pose_estimation.o
 .ARM.attributes
                0x00000126       0x34 ./Core/Src/robotto_tasks.o
 .ARM.attributes
                0x0000015a       0x34 ./Core/Src/stm32f4xx_hal_msp.o
 .ARM.attributes
                0x0000018e       0x34 ./Core/Src/stm32f4xx_hal_timebase_tim.o
 .ARM.attributes
                0x000001c2       0x34 ./Core/Src/stm32f4xx_it.o
 .ARM.attributes
                0x000001f6       0x34 ./Core/Src/system_stm32f4xx.o
 .ARM.attributes
                0x0000022a       0x34 ./Core/Src/wheels_control.o
 .ARM.attributes
                0x0000025e       0x21 ./Core/Startup/startup_stm32f446retx.o
 .ARM.attributes
                0x0000027f       0x34 ./Drivers/STM32F4xx_HAL_Driver/Src/stm32f4xx_hal.o
 .ARM.attributes
                0x000002b3       0x34 ./Drivers/STM32F4xx_HAL_Driver/Src/stm32f4xx_hal_cortex.o
 .ARM.attributes
                0x000002e7       0x34 ./Drivers/STM32F4xx_HAL_Driver/Src/stm32f4xx_hal_gpio.o
 .ARM.attributes
                0x0000031b       0x34 ./Drivers/STM32F4xx_HAL_Driver/Src/stm32f4xx_hal_i2c.o
 .ARM.attributes
                0x0000034f       0x34 ./Drivers/STM32F4xx_HAL_Driver/Src/stm32f4xx_hal_rcc.o
 .ARM.attributes
                0x00000383       0x34 ./Drivers/STM32F4xx_HAL_Driver/Src/stm32f4xx_hal_rcc_ex.o
 .ARM.attributes
                0x000003b7       0x34 ./Drivers/STM32F4xx_HAL_Driver/Src/stm32f4xx_hal_tim.o
 .ARM.attributes
                0x000003eb       0x34 ./Drivers/STM32F4xx_HAL_Driver/Src/stm32f4xx_hal_tim_ex.o
 .ARM.attributes
                0x0000041f       0x34 ./Logic/src/odometry.o
 .ARM.attributes
                0x00000453       0x34 ./Logic/src/pid_motor_controller.o
 .ARM.attributes
                0x00000487       0x34 ./Logic/src/wheel_status_estimator.o
 .ARM.attributes
                0x000004bb       0x34 ./SensorsAndActuators/src/encoder_reader.o
 .ARM.attributes
                0x000004ef       0x34 ./SensorsAndActuators/src/imu_reader.o
 .ARM.attributes
                0x00000523       0x34 ./SensorsAndActuators/src/motor_driver.o
 .ARM.attributes
                0x00000557       0x34 ./ThirdParty/FreeRTOS/list.o
 .ARM.attributes
                0x0000058b       0x34 ./ThirdParty/FreeRTOS/queue.o
 .ARM.attributes
                0x000005bf       0x34 ./ThirdParty/FreeRTOS/tasks.o
 .ARM.attributes
                0x000005f3       0x34 ./ThirdParty/FreeRTOS/timers.o
 .ARM.attributes
                0x00000627       0x34 ./ThirdParty/FreeRTOS/portable/GCC/ARM_CM4F/port.o
 .ARM.attributes
                0x0000065b       0x34 ./ThirdParty/FreeRTOS/portable/MemMang/heap_4.o
 .ARM.attributes
                0x0000068f       0x34 ./ThirdParty/RTT/RTT/SEGGER_RTT.o
 .ARM.attributes
                0x000006c3       0x20 ./ThirdParty/RTT/RTT/SEGGER_RTT_ASM_ARMv7M.o
 .ARM.attributes
                0x000006e3       0x34 ./ThirdParty/RTT/RTT/SEGGER_RTT_printf.o
 .ARM.attributes
                0x00000717       0x34 ./ThirdParty/SystemView/Config/SEGGER_SYSVIEW_Config_FreeRTOS.o
 .ARM.attributes
                0x0000074b       0x34 ./ThirdParty/SystemView/FreeRTOSV11/SEGGER_SYSVIEW_FreeRTOS.o
 .ARM.attributes
                0x0000077f       0x34 ./ThirdParty/SystemView/SYSVIEW/SEGGER_SYSVIEW.o
 .ARM.attributes
                0x000007b3       0x34 /opt/st/stm32cubeide_1.19.0/plugins/com.st.stm32cube.ide.mcu.externaltools.gnu-tools-for-stm32.13.3.rel1.linux64_1.0.0.202410170706/tools/bin/../lib/gcc/arm-none-eabi/13.3.1/../../../../arm-none-eabi/lib/thumb/v7e-m+fp/hard/libc_nano.a(libc_a-findfp.o)
 .ARM.attributes
                0x000007e7       0x34 /opt/st/stm32cubeide_1.19.0/plugins/com.st.stm32cube.ide.mcu.externaltools.gnu-tools-for-stm32.13.3.rel1.linux64_1.0.0.202410170706/tools/bin/../lib/gcc/arm-none-eabi/13.3.1/../../../../arm-none-eabi/lib/thumb/v7e-m+fp/hard/libc_nano.a(libc_a-memcmp.o)
 .ARM.attributes
                0x0000081b       0x34 /opt/st/stm32cubeide_1.19.0/plugins/com.st.stm32cube.ide.mcu.externaltools.gnu-tools-for-stm32.13.3.rel1.linux64_1.0.0.202410170706/tools/bin/../lib/gcc/arm-none-eabi/13.3.1/../../../../arm-none-eabi/lib/thumb/v7e-m+fp/hard/libc_nano.a(libc_a-memset.o)
 .ARM.attributes
                0x0000084f       0x34 /opt/st/stm32cubeide_1.19.0/plugins/com.st.stm32cube.ide.mcu.externaltools.gnu-tools-for-stm32.13.3.rel1.linux64_1.0.0.202410170706/tools/bin/../lib/gcc/arm-none-eabi/13.3.1/../../../../arm-none-eabi/lib/thumb/v7e-m+fp/hard/libc_nano.a(libc_a-reent.o)
 .ARM.attributes
                0x00000883       0x34 /opt/st/stm32cubeide_1.19.0/plugins/com.st.stm32cube.ide.mcu.externaltools.gnu-tools-for-stm32.13.3.rel1.linux64_1.0.0.202410170706/tools/bin/../lib/gcc/arm-none-eabi/13.3.1/../../../../arm-none-eabi/lib/thumb/v7e-m+fp/hard/libc_nano.a(libc_a-impure.o)
 .ARM.attributes
                0x000008b7       0x34 /opt/st/stm32cubeide_1.19.0/plugins/com.st.stm32cube.ide.mcu.externaltools.gnu-tools-for-stm32.13.3.rel1.linux64_1.0.0.202410170706/tools/bin/../lib/gcc/arm-none-eabi/13.3.1/../../../../arm-none-eabi/lib/thumb/v7e-m+fp/hard/libc_nano.a(libc_a-init.o)
 .ARM.attributes
                0x000008eb       0x34 /opt/st/stm32cubeide_1.19.0/plugins/com.st.stm32cube.ide.mcu.externaltools.gnu-tools-for-stm32.13.3.rel1.linux64_1.0.0.202410170706/tools/bin/../lib/gcc/arm-none-eabi/13.3.1/../../../../arm-none-eabi/lib/thumb/v7e-m+fp/hard/libc_nano.a(libc_a-lock.o)
 .ARM.attributes
                0x0000091f       0x34 /opt/st/stm32cubeide_1.19.0/plugins/com.st.stm32cube.ide.mcu.externaltools.gnu-tools-for-stm32.13.3.rel1.linux64_1.0.0.202410170706/tools/bin/../lib/gcc/arm-none-eabi/13.3.1/../../../../arm-none-eabi/lib/thumb/v7e-m+fp/hard/libc_nano.a(libc_a-memcpy-stub.o)
 .ARM.attributes
                0x00000953       0x34 /opt/st/stm32cubeide_1.19.0/plugins/com.st.stm32cube.ide.mcu.externaltools.gnu-tools-for-stm32.13.3.rel1.linux64_1.0.0.202410170706/tools/bin/../lib/gcc/arm-none-eabi/13.3.1/../../../../arm-none-eabi/lib/thumb/v7e-m+fp/hard/libc_nano.a(libc_a-freer.o)
 .ARM.attributes
                0x00000987       0x34 /opt/st/stm32cubeide_1.19.0/plugins/com.st.stm32cube.ide.mcu.externaltools.gnu-tools-for-stm32.13.3.rel1.linux64_1.0.0.202410170706/tools/bin/../lib/gcc/arm-none-eabi/13.3.1/../../../../arm-none-eabi/lib/thumb/v7e-m+fp/hard/libc_nano.a(libc_a-mallocr.o)
 .ARM.attributes
                0x000009bb       0x34 /opt/st/stm32cubeide_1.19.0/plugins/com.st.stm32cube.ide.mcu.externaltools.gnu-tools-for-stm32.13.3.rel1.linux64_1.0.0.202410170706/tools/bin/../lib/gcc/arm-none-eabi/13.3.1/../../../../arm-none-eabi/lib/thumb/v7e-m+fp/hard/libc_nano.a(libc_a-mlock.o)
 .ARM.attributes
                0x000009ef       0x34 /opt/st/stm32cubeide_1.19.0/plugins/com.st.stm32cube.ide.mcu.externaltools.gnu-tools-for-stm32.13.3.rel1.linux64_1.0.0.202410170706/tools/bin/../lib/gcc/arm-none-eabi/13.3.1/../../../../arm-none-eabi/lib/thumb/v7e-m+fp/hard/libm.a(libm_a-sf_cos.o)
 .ARM.attributes
                0x00000a23       0x34 /opt/st/stm32cubeide_1.19.0/plugins/com.st.stm32cube.ide.mcu.externaltools.gnu-tools-for-stm32.13.3.rel1.linux64_1.0.0.202410170706/tools/bin/../lib/gcc/arm-none-eabi/13.3.1/../../../../arm-none-eabi/lib/thumb/v7e-m+fp/hard/libm.a(libm_a-sf_sin.o)
 .ARM.attributes