Archive member included to satisfy reference by file (symbol)

/opt/st/stm32cubeide_1.19.0/plugins/com.st.stm32cube.ide.mcu.externaltools.gnu-tools-for-stm32.13.3.rel1.linux64_1.0.0.202410170706/tools/bin/../lib/gcc/arm-none-eabi/13.3.1/../../../../arm-none-eabi/lib/thumb/v7e-m+fp/hard/libc_nano.a(libc_a-exit.o)
                              /opt/st/stm32cubeide_1.19.0/plugins/com.st.stm32cube.ide.mcu.externaltools.gnu-tools-for-stm32.13.3.rel1.linux64_1.0.0.202410170706/tools/bin/../lib/gcc/arm-none-eabi/13.3.1/../../../../arm-none-eabi/lib/thumb/v7e-m+fp/hard/crt0.o (exit)
/opt/st/stm32cubeide_1.19.0/plugins/com.st.stm32cube.ide.mcu.externaltools.gnu-tools-for-stm32.13.3.rel1.linux64_1.0.0.202410170706/tools/bin/../lib/gcc/arm-none-eabi/13.3.1/../../../../arm-none-eabi/lib/thumb/v7e-m+fp/hard/libc_nano.a(libc_a-findfp.o)
                              ./ThirdParty/FreeRTOS/tasks.o (__sf)
/opt/st/stm32cubeide_1.19.0/plugins/com.st.stm32cube.ide.mcu.externaltools.gnu-tools-for-stm32.13.3.rel1.linux64_1.0.0.202410170706/tools/bin/../lib/gcc/arm-none-eabi/13.3.1/../../../../arm-none-eabi/lib/thumb/v7e-m+fp/hard/libc_nano.a(libc_a-fwalk.o)
                              /opt/st/stm32cubeide_1.19.0/plugins/com.st.stm32cube.ide.mcu.externaltools.gnu-tools-for-stm32.13.3.rel1.linux64_1.0.0.202410170706/tools/bin/../lib/gcc/arm-none-eabi/13.3.1/../../../../arm-none-eabi/lib/thumb/v7e-m+fp/hard/libc_nano.a(libc_a-findfp.o) (_fwalk_sglue)
/opt/st/stm32cubeide_1.19.0/plugins/com.st.stm32cube.ide.mcu.externaltools.gnu-tools-for-stm32.13.3.rel1.linux64_1.0.0.202410170706/tools/bin/../lib/gcc/arm-none-eabi/13.3.1/../../../../arm-none-eabi/lib/thumb/v7e-m+fp/hard/libc_nano.a(libc_a-stdio.o)
                              /opt/st/stm32cubeide_1.19.0/plugins/com.st.stm32cube.ide.mcu.externaltools.gnu-tools-for-stm32.13.3.rel1.linux64_1.0.0.202410170706/tools/bin/../lib/gcc/arm-none-eabi/13.3.1/../../../../arm-none-eabi/lib/thumb/v7e-m+fp/hard/libc_nano.a(libc_a-findfp.o) (__sread)
/opt/st/stm32cubeide_1.19.0/plugins/com.st.stm32cube.ide.mcu.externaltools.gnu-tools-for-stm32.13.3.rel1.linux64_1.0.0.202410170706/tools/bin/../lib/gcc/arm-none-eabi/13.3.1/../../../../arm-none-eabi/lib/thumb/v7e-m+fp/hard/libc_nano.a(libc_a-memcmp.o)
                              ./ThirdParty/SystemView/FreeRTOSV11/SEGGER_SYSVIEW_FreeRTOS.o (memcmp)
/opt/st/stm32cubeide_1.19.0/plugins/com.st.stm32cube.ide.mcu.externaltools.gnu-tools-for-stm32.13.3.rel1.linux64_1.0.0.202410170706/tools/bin/../lib/gcc/arm-none-eabi/13.3.1/../../../../arm-none-eabi/lib/thumb/v7e-m+fp/hard/libc_nano.a(libc_a-memset.o)
                              /opt/st/stm32cubeide_1.19.0/plugins/com.st.stm32cube.ide.mcu.externaltools.gnu-tools-for-stm32.13.3.rel1.linux64_1.0.0.202410170706/tools/bin/../lib/gcc/arm-none-eabi/13.3.1/../../../../arm-none-eabi/lib/thumb/v7e-m+fp/hard/crt0.o (memset)
/opt/st/stm32cubeide_1.19.0/plugins/com.st.stm32cube.ide.mcu.externaltools.gnu-tools-for-stm32.13.3.rel1.linux64_1.0.0.202410170706/tools/bin/../lib/gcc/arm-none-eabi/13.3.1/../../../../arm-none-eabi/lib/thumb/v7e-m+fp/hard/libc_nano.a(libc_a-closer.o)
                              /opt/st/stm32cubeide_1.19.0/plugins/com.st.stm32cube.ide.mcu.externaltools.gnu-tools-for-stm32.13.3.rel1.linux64_1.0.0.202410170706/tools/bin/../lib/gcc/arm-none-eabi/13.3.1/../../../../arm-none-eabi/lib/thumb/v7e-m+fp/hard/libc_nano.a(libc_a-stdio.o) (_close_r)
/opt/st/stm32cubeide_1.19.0/plugins/com.st.stm32cube.ide.mcu.externaltools.gnu-tools-for-stm32.13.3.rel1.linux64_1.0.0.202410170706/tools/bin/../lib/gcc/arm-none-eabi/13.3.1/../../../../arm-none-eabi/lib/thumb/v7e-m+fp/hard/libc_nano.a(libc_a-reent.o)
                              ./ThirdParty/FreeRTOS/tasks.o (_reclaim_reent)
/opt/st/stm32cubeide_1.19.0/plugins/com.st.stm32cube.ide.mcu.externaltools.gnu-tools-for-stm32.13.3.rel1.linux64_1.0.0.202410170706/tools/bin/../lib/gcc/arm-none-eabi/13.3.1/../../../../arm-none-eabi/lib/thumb/v7e-m+fp/hard/libc_nano.a(libc_a-impure.o)
                              ./ThirdParty/FreeRTOS/tasks.o (_impure_ptr)
/opt/st/stm32cubeide_1.19.0/plugins/com.st.stm32cube.ide.mcu.externaltools.gnu-tools-for-stm32.13.3.rel1.linux64_1.0.0.202410170706/tools/bin/../lib/gcc/arm-none-eabi/13.3.1/../../../../arm-none-eabi/lib/thumb/v7e-m+fp/hard/libc_nano.a(libc_a-lseekr.o)
                              /opt/st/stm32cubeide_1.19.0/plugins/com.st.stm32cube.ide.mcu.externaltools.gnu-tools-for-stm32.13.3.rel1.linux64_1.0.0.202410170706/tools/bin/../lib/gcc/arm-none-eabi/13.3.1/../../../../arm-none-eabi/lib/thumb/v7e-m+fp/hard/libc_nano.a(libc_a-stdio.o) (_lseek_r)
/opt/st/stm32cubeide_1.19.0/plugins/com.st.stm32cube.ide.mcu.externaltools.gnu-tools-for-stm32.13.3.rel1.linux64_1.0.0.202410170706/tools/bin/../lib/gcc/arm-none-eabi/13.3.1/../../../../arm-none-eabi/lib/thumb/v7e-m+fp/hard/libc_nano.a(libc_a-readr.o)
[...]
Memory Configuration

Name             Origin             Length             Attributes
RAM              0x20000000         0x00020000         xrw
FLASH            0x08000000         0x00080000         xr
*default*        0x00000000         0xffffffff

Linker script and memory map

LOAD /opt/st/stm32cubeide_1.19.0/plugins/com.st.stm32cube.ide.mcu.externaltools.gnu-tools-for-stm32.13.3.rel1.linux64_1.0.0.202410170706/tools/bin/../lib/gcc/arm-none-eabi/13.3.1/thumb/v7e-m+fp/hard/crti.o
LOAD /opt/st/stm32cubeide_1.19.0/plugins/com.st.stm32cube.ide.mcu.externaltools.gnu-tools-for-stm32.13.3.rel1.linux64_1.0.0.202410170706/tools/bin/../lib/gcc/arm-none-eabi/13.3.1/thumb/v7e-m+fp/hard/crtbegin.o
LOAD /opt/st/stm32cubeide_1.19.0/plugins/com.st.stm32cube.ide.mcu.externaltools.gnu-tools-for-stm32.13.3.rel1.linux64_1.0.0.202410170706/tools/bin/../lib/gcc/arm-none-eabi/13.3.1/../../../../arm-none-eabi/lib/thumb/v7e-m+fp/hard/crt0.o
LOAD ./Common/src/at_state_machine.o
LOAD ./Common/src/i2c_busses.o
LOAD ./Common/src/network_communication.o
LOAD ./Common/src/uart_reader.o
LOAD ./Common/src/uart_writer.o
LOAD ./Core/Src/main.o
LOAD ./Core/Src/stm32f4xx_hal_msp.o
LOAD ./Core/Src/stm32f4xx_hal_timebase_tim.o
LOAD ./Core/Src/stm32f4xx_it.o
LOAD ./Core/Src/syscalls.o
LOAD ./Core/Src/sysmem.o
LOAD ./Core/Src/system_stm32f4xx.o
LOAD ./Core/Startup/startup_stm32f446retx.o
LOAD ./Drivers/STM32F4xx_HAL_Driver/Src/stm32f4xx_hal.o
LOAD ./Drivers/STM32F4xx_HAL_Driver/Src/stm32f4xx_hal_cortex.o
LOAD ./Drivers/STM32F4xx_HAL_Driver/Src/stm32f4xx_hal_dma.o
LOAD ./Drivers/STM32F4xx_HAL_Driver/Src/stm32f4xx_hal_dma_ex.o
LOAD ./Drivers/STM32F4xx_HAL_Driver/Src/stm32f4xx_hal_exti.o
LOAD ./Drivers/STM32F4xx_HAL_Driver/Src/stm32f4xx_hal_flash.o
LOAD ./Drivers/STM32F4xx_HAL_Driver/Src/stm32f4xx_hal_flash_ex.o
LOAD ./Drivers/STM32F4xx_HAL_Driver/Src/stm32f4xx_hal_flash_ramfunc.o
LOAD ./Drivers/STM32F4xx_HAL_Driver/Src/stm32f4xx_hal_gpio.o
LOAD ./Drivers/STM32F4xx_HAL_Driver/Src/stm32f4xx_hal_i2c.o
LOAD ./Drivers/STM32F4xx_HAL_Driver/Src/stm32f4xx_hal_i2c_ex.o
LOAD ./Drivers/STM32F4xx_HAL_Driver/Src/stm32f4xx_hal_pwr.o
LOAD ./Drivers/STM32F4xx_HAL_Driver/Src/stm32f4xx_hal_pwr_ex.o
LOAD ./Drivers/STM32F4xx_HAL_Driver/Src/stm32f4xx_hal_rcc.o
LOAD ./Drivers/STM32F4xx_HAL_Driver/Src/stm32f4xx_hal_rcc_ex.o
LOAD ./Drivers/STM32F4xx_HAL_Driver/Src/stm32f4xx_hal_tim.o
LOAD ./Drivers/STM32F4xx_HAL_Driver/Src/stm32f4xx_hal_tim_ex.o
LOAD ./Drivers/STM32F4xx_HAL_Driver/Src/stm32f4xx_hal_uart.o
LOAD ./Logic/src/odometry.o
LOAD ./Logic/src/pid_motor_controller.o
LOAD ./Logic/src/wheel_status_estimator.o
LOAD ./SensorsAndActuators/src/encoder_reader.o
LOAD ./SensorsAndActuators/src/imu_reader.o
LOAD ./SensorsAndActuators/src/motor_driver.o
LOAD ./Tasks/src/communication_manager.o
LOAD ./Tasks/src/motion_planning.o
LOAD ./Tasks/src/pose_estimation.o
LOAD ./Tasks/src/robotto_tasks.o
LOAD ./Tasks/src/wheels_control.o
LOAD ./ThirdParty/FreeRTOS/croutine.o
LOAD ./ThirdParty/FreeRTOS/event_groups.o
LOAD ./ThirdParty/FreeRTOS/list.o
LOAD ./ThirdParty/FreeRTOS/queue.o
LOAD ./ThirdParty/FreeRTOS/stream_buffer.o
LOAD ./ThirdParty/FreeRTOS/tasks.o
LOAD ./ThirdParty/FreeRTOS/timers.o
LOAD ./ThirdParty/FreeRTOS/portable/GCC/ARM_CM4F/port.o
LOAD ./ThirdParty/FreeRTOS/portable/MemMang/heap_4.o
LOAD ./ThirdParty/RTT/RTT/SEGGER_RTT.o
LOAD ./ThirdParty/RTT/RTT/SEGGER_RTT_ASM_ARMv7M.o
LOAD ./ThirdParty/RTT/RTT/SEGGER_RTT_printf.o
LOAD ./ThirdParty/RTT/Syscalls/SEGGER_RTT_Syscalls_GCC.o
LOAD ./ThirdParty/SystemView/Config/SEGGER_SYSVIEW_Config_FreeRTOS.o
LOAD ./ThirdParty/SystemView/FreeRTOSV11/SEGGER_SYSVIEW_FreeRTOS.o
LOAD ./ThirdParty/SystemView/SYSVIEW/SEGGER_SYSVIEW.o
START GROUP
LOAD /opt/st/stm32cubeide_1.19.0/plugins/com.st.stm32cube.ide.mcu.externaltools.gnu-tools-for-stm32.13.3.rel1.linux64_1.0.0.202410170706/tools/bin/../lib/gcc/arm-none-eabi/13.3.1/../../../../arm-none-eabi/lib/thumb/v7e-m+fp/hard/libc_nano.a
LOAD /opt/st/stm32cubeide_1.19.0/plugins/com.st.stm32cube.ide.mcu.externaltools.gnu-tools-for-stm32.13.3.rel1.linux64_1.0.0.202410170706/tools/bin/../lib/gcc/arm-none-eabi/13.3.1/../../../../arm-none-eabi/lib/thumb/v7e-m+fp/hard/libm.a
END GROUP
START GROUP
LOAD /opt/st/stm32cubeide_1.19.0/plugins/com.st.stm32cube.ide.mcu.externaltools.gnu-tools-for-stm32.13.3.rel1.linux64_1.0.0.202410170706/tools/bin/../lib/gcc/arm-none-eabi/13.3.1/thumb/v7e-m+fp/hard/libgcc.a
LOAD /opt/st/stm32cubeide_1.19.0/plugins/com.st.stm32cube.ide.mcu.externaltools.gnu-tools-for-stm32.13.3.rel1.linux64_1.0.0.202410170706/tools/bin/../lib/gcc/arm-none-eabi/13.3.1/../../../../arm-none-eabi/lib/thumb/v7e-m+fp/hard/libc_nano.a
END GROUP
START GROUP
LOAD /opt/st/stm32cubeide_1.19.0/plugins/com.st.stm32cube.ide.mcu.externaltools.gnu-tools-for-stm32.13.3.rel1.linux64_1.0.0.202410170706/tools/bin/../lib/gcc/arm-none-eabi/13.3.1/thumb/v7e-m+fp/hard/libgcc.a
LOAD /opt/st/stm32cubeide_1.19.0/plugins/com.st.stm32cube.ide.mcu.externaltools.gnu-tools-for-stm32.13.3.rel1.linux64_1.0.0.202410170706/tools/bin/../lib/gcc/arm-none-eabi/13.3.1/../../../../arm-none-eabi/lib/thumb/v7e-m+fp/hard/libc_nano.a
LOAD /opt/st/stm32cubeide_1.19.0/plugins/com.st.stm32cube.ide.mcu.externaltools.gnu-tools-for-stm32.13.3.rel1.linux64_1.0.0.202410170706/tools/bin/../lib/gcc/arm-none-eabi/13.3.1/../../../../arm-none-eabi/lib/thumb/v7e-m+fp/hard/libnosys.a
END GROUP
START GROUP
LOAD /opt/st/stm32cubeide_1.19.0/plugins/com.st.stm32cube.ide.mcu.externaltools.gnu-tools-for-stm32.13.3.rel1.linux64_1.0.0.202410170706/tools/bin/../lib/gcc/arm-none-eabi/13.3.1/thumb/v7e-m+fp/hard/libgcc.a
LOAD /opt/st/stm32cubeide_1.19.0/plugins/com.st.stm32cube.ide.mcu.externaltools.gnu-tools-for-stm32.13.3.rel1.linux64_1.0.0.202410170706/tools/bin/../lib/gcc/arm-none-eabi/13.3.1/../../../../arm-none-eabi/lib/thumb/v7e-m+fp/hard/libc_nano.a
LOAD /opt/st/stm32cubeide_1.19.0/plugins/com.st.stm32cube.ide.mcu.externaltools.gnu-tools-for-stm32.13.3.rel1.linux64_1.0.0.202410170706/tools/bin/../lib/gcc/arm-none-eabi/13.3.1/../../../../arm-none-eabi/lib/thumb/v7e-m+fp/hard/libnosys.a
END GROUP
LOAD /opt/st/stm32cubeide_1.19.0/plugins/com.st.stm32cube.ide.mcu.externaltools.gnu-tools-for-stm32.13.3.rel1.linux64_1.0.0.202410170706/tools/bin/../lib/gcc/arm-none-eabi/13.3.1/thumb/v7e-m+fp/hard/crtend.o
LOAD /opt/st/stm32cubeide_1.19.0/plugins/com.st.stm32cube.ide.mcu.externaltools.gnu-tools-for-stm32.13.3.rel1.linux64_1.0.0.202410170706/tools/bin/../lib/gcc/arm-none-eabi/13.3.1/thumb/v7e-m+fp/hard/crtn.o
                0x20020000                        _estack = (ORIGIN (RAM) + LENGTH (RAM))
                0x00000200                        _Min_Heap_Size = 0x200
                0x00000400                        _Min_Stack_Size = 0x400

.isr_vector     0x08000000      0x1c4
                0x08000000                        . = ALIGN (0x4)
 *(.isr_vector)
 .isr_vector    0x08000000      0x1c4 ./Core/Startup/startup_stm32f446retx.o
                0x08000000                g_pfnVectors
                0x080001c4                        . = ALIGN (0x4)

.text           0x080001d0     0xf43c
                0x080001d0                        . = ALIGN (0x4)
 *(.text)
 .text          0x080001d0       0x40 /opt/st/stm32cubeide_1.19.0/plugins/com.st.stm32cube.ide.mcu.externaltools.gnu-tools-for-stm32.13.3.rel1.linux64_1.0.0.202410170706/tools/bin/../lib/gcc/arm-none-eabi/13.3.1/thumb/v7e-m+fp/hard/crtbegin.o
 .text          0x08000210       0x94 ./ThirdParty/RTT/RTT/SEGGER_RTT_ASM_ARMv7M.o
                0x08000210                SEGGER_RTT_ASM_WriteSkipNoLock
 .text          0x080002a4       0x14 /opt/st/stm32cubeide_1.19.0/plugins/com.st.stm32cube.ide.mcu.externaltools.gnu-tools-for-stm32.13.3.rel1.linux64_1.0.0.202410170706/tools/bin/../lib/gcc/arm-none-eabi/13.3.1/../../../../arm-none-eabi/lib/thumb/v7e-m+fp/hard/libc_nano.a(libc_a-strcmp.o)
                0x080002a4                strcmp
 .text          0x080002b8       0x10 /opt/st/stm32cubeide_1.19.0/plugins/com.st.stm32cube.ide.mcu.externaltools.gnu-tools-for-stm32.13.3.rel1.linux64_1.0.0.202410170706/tools/bin/../lib/gcc/arm-none-eabi/13.3.1/../../../../arm-none-eabi/lib/thumb/v7e-m+fp/hard/libc_nano.a(libc_a-strlen.o)
                0x080002b8                strlen
 .text          0x080002c8      0x378 /opt/st/stm32cubeide_1.19.0/plugins/com.st.stm32cube.ide.mcu.externaltools.gnu-tools-for-stm32.13.3.rel1.linux64_1.0.0.202410170706/tools/bin/../lib/gcc/arm-none-eabi/13.3.1/thumb/v7e-m+fp/hard/libgcc.a(_arm_addsubdf3.o)
                0x080002c8                __aeabi_drsub
                0x080002d0                __aeabi_dsub
                0x080002d0                __subdf3
                0x080002d4                __adddf3
                0x080002d4                __aeabi_dadd
                0x0800054c                __aeabi_ui2d
                0x0800054c                __floatunsidf
                0x0800056c                __floatsidf
                0x0800056c                __aeabi_i2d
                0x08000590                __extendsfdf2
                0x08000590                __aeabi_f2d
                0x080005d4                __aeabi_ul2d
                0x080005d4                __floatundidf
                0x080005e4                __floatdidf
                0x080005e4                __aeabi_l2d
 .text          0x08000640      0x424 /opt/st/stm32cubeide_1.19.0/plugins/com.st.stm32cube.ide.mcu.externaltools.gnu-tools-for-stm32.13.3.rel1.linux64_1.0.0.202410170706/tools/bin/../lib/gcc/arm-none-eabi/13.3.1/thumb/v7e-m+fp/hard/libgcc.a(_arm_muldivdf3.o)
                0x08000640                __aeabi_dmul
                0x08000640                __muldf3
                0x08000894                __aeabi_ddiv
                0x08000894                __divdf3
 .text          0x08000a64      0x110 /opt/st/stm32cubeide_1.19.0/plugins/com.st.stm32cube.ide.mcu.externaltools.gnu-tools-for-stm32.13.3.rel1.linux64_1.0.0.202410170706/tools/bin/../lib/gcc/arm-none-eabi/13.3.1/thumb/v7e-m+fp/hard/libgcc.a(_arm_cmpdf2.o)
                0x08000a64                __gtdf2
                0x08000a64                __gedf2
                0x08000a6c                __ltdf2
                0x08000a6c                __ledf2
                0x08000a74                __cmpdf2
                0x08000a74                __eqdf2
                0x08000a74                __nedf2
                0x08000af0                __aeabi_cdrcmple
                0x08000b00                __aeabi_cdcmple
                0x08000b00                __aeabi_cdcmpeq
                0x08000b10                __aeabi_dcmpeq
                0x08000b24                __aeabi_dcmplt
                0x08000b38                __aeabi_dcmple
                0x08000b4c                __aeabi_dcmpge
                0x08000b60                __aeabi_dcmpgt
 .text          0x08000b74       0xa0 /opt/st/stm32cubeide_1.19.0/plugins/com.st.stm32cube.ide.mcu.externaltools.gnu-tools-for-stm32.13.3.rel1.linux64_1.0.0.202410170706/tools/bin/../lib/gcc/arm-none-eabi/13.3.1/thumb/v7e-m+fp/hard/libgcc.a(_arm_truncdfsf2.o)
                0x08000b74                __aeabi_d2f
                0x08000b74                __truncdfsf2
 .text          0x08000c14       0x30 /opt/st/stm32cubeide_1.19.0/plugins/com.st.stm32cube.ide.mcu.externaltools.gnu-tools-for-stm32.13.3.rel1.linux64_1.0.0.202410170706/tools/bin/../lib/gcc/arm-none-eabi/13.3.1/thumb/v7e-m+fp/hard/libgcc.a(_aeabi_uldivmod.o)
                0x08000c14                __aeabi_uldivmod
 .text          0x08000c44      0x2f8 /opt/st/stm32cubeide_1.19.0/plugins/com.st.stm32cube.ide.mcu.externaltools.gnu-tools-for-stm32.13.3.rel1.linux64_1.0.0.202410170706/tools/bin/../lib/gcc/arm-none-eabi/13.3.1/thumb/v7e-m+fp/hard/libgcc.a(_udivmoddi4.o)
                0x08000c44                __udivmoddi4
 .text          0x08000f3c        0x4 /opt/st/stm32cubeide_1.19.0/plugins/com.st.stm32cube.ide.mcu.externaltools.gnu-tools-for-stm32.13.3.rel1.linux64_1.0.0.202410170706/tools/bin/../lib/gcc/arm-none-eabi/13.3.1/thumb/v7e-m+fp/hard/libgcc.a(_dvmd_tls.o)
                0x08000f3c                __aeabi_ldiv0
                0x08000f3c                __aeabi_idiv0
 *(.text*)
 .text.ATSM_reset
                0x08000f40       0x2c ./Common/src/at_state_machine.o
                0x08000f40                ATSM_reset
 .text.ATSM_runRequest
                0x08000f6c       0x74 ./Common/src/at_state_machine.o
                0x08000f6c                ATSM_runRequest
 .text.parseReplyBuffer
                0x08000fe0       0xe8 ./Common/src/at_state_machine.o
                0x08000fe0                parseReplyBuffer
 .text.ATSM_processNewData
                0x080010c8       0x44 ./Common/src/at_state_machine.o
                0x080010c8                ATSM_processNewData
 .text.ATSM_newRecievedData
                0x0800110c       0x5c ./Common/src/at_state_machine.o
                0x0800110c                ATSM_newRecievedData
 .text.initializeI2CMutexes
                0x08001168       0x28 ./Common/src/i2c_busses.o
                0x08001168                initializeI2CMutexes
 .text.ReadI2C  0x08001190       0x90 ./Common/src/i2c_busses.o
                0x08001190                ReadI2C
 .text.performInitStep
                0x08001220       0x74 ./Common/src/network_communication.o
                0x08001220                performInitStep
 .text.initNetworkCommunication
                0x08001294       0x30 ./Common/src/network_communication.o
                0x08001294                initNetworkCommunication
 .text.parseNewData
                0x080012c4        0xc ./Common/src/network_communication.o
                0x080012c4                parseNewData
 .text.UART4_IRQHandler
                0x080012d0       0x14 ./Common/src/uart_reader.o
                0x080012d0                UART4_IRQHandler
 .text.HAL_UARTEx_RxEventCallback
                0x080012e4       0x68 ./Common/src/uart_reader.o
                0x080012e4                HAL_UARTEx_RxEventCallback
 .text.ESP_UART_RxInit
                0x0800134c       0x1c ./Common/src/uart_reader.o
                0x0800134c                ESP_UART_RxInit
 .text.ESP_UART_fetchAndParseNewData
                0x08001368       0x98 ./Common/src/uart_reader.o
                0x08001368                ESP_UART_fetchAndParseNewData
 .text.SendMessage
                0x08001400       0x80 ./Common/src/uart_writer.o
                0x08001400                SendMessage
 .text.HAL_UART_TxCpltCallback
                0x08001480       0x2c ./Common/src/uart_writer.o
                0x08001480                HAL_UART_TxCpltCallback
 .text.main     0x080014ac       0x3e ./Core/Src/main.o
                0x080014ac                main
 *fill*         0x080014ea        0x2 
 .text.SystemClock_Config
                0x080014ec       0xdc ./Core/Src/main.o
                0x080014ec                SystemClock_Config
 .text.MX_I2C1_Init
                0x080015c8       0x5c ./Core/Src/main.o
 .text.MX_I2C2_Init
                0x08001624       0x5c ./Core/Src/main.o
 .text.MX_TIM1_Init
                0x08001680      0x158 ./Core/Src/main.o
 .text.MX_UART4_Init
                0x080017d8       0x54 ./Core/Src/main.o
 .text.MX_DMA_Init
                0x0800182c       0x50 ./Core/Src/main.o
 .text.MX_GPIO_Init
                0x0800187c       0xf8 ./Core/Src/main.o
 .text.HAL_TIM_PeriodElapsedCallback
                0x08001974       0x24 ./Core/Src/main.o
                0x08001974                HAL_TIM_PeriodElapsedCallback
 .text.Error_Handler
                0x08001998        0xc ./Core/Src/main.o
                0x08001998                Error_Handler
 .text.HAL_MspInit
                0x080019a4       0x58 ./Core/Src/stm32f4xx_hal_msp.o
                0x080019a4                HAL_MspInit
 .text.HAL_I2C_MspInit
                0x080019fc      0x13c ./Core/Src/stm32f4xx_hal_msp.o
                0x080019fc                HAL_I2C_MspInit
 .text.HAL_TIM_Base_MspInit
                0x08001b38       0x44 ./Core/Src/stm32f4xx_hal_msp.o
                0x08001b38                HAL_TIM_Base_MspInit
 .text.HAL_TIM_MspPostInit
                0x08001b7c       0x74 ./Core/Src/stm32f4xx_hal_msp.o
                0x08001b7c                HAL_TIM_MspPostInit
 .text.HAL_UART_MspInit
                0x08001bf0      0x16c ./Core/Src/stm32f4xx_hal_msp.o
                0x08001bf0                HAL_UART_MspInit
 .text.HAL_InitTick
                0x08001d5c       0xf8 ./Core/Src/stm32f4xx_hal_timebase_tim.o
                0x08001d5c                HAL_InitTick
 .text.NMI_Handler
                0x08001e54        0x8 ./Core/Src/stm32f4xx_it.o
                0x08001e54                NMI_Handler
 .text.HardFault_Handler
                0x08001e5c        0x8 ./Core/Src/stm32f4xx_it.o
                0x08001e5c                HardFault_Handler
 .text.MemManage_Handler
                0x08001e64        0x8 ./Core/Src/stm32f4xx_it.o
                0x08001e64                MemManage_Handler
 .text.BusFault_Handler
                0x08001e6c        0x8 ./Core/Src/stm32f4xx_it.o
                0x08001e6c                BusFault_Handler
 .text.UsageFault_Handler
                0x08001e74        0x8 ./Core/Src/stm32f4xx_it.o
                0x08001e74                UsageFault_Handler
 .text.DebugMon_Handler
                0x08001e7c        0xe ./Core/Src/stm32f4xx_it.o
                0x08001e7c                DebugMon_Handler
 *fill*         0x08001e8a        0x2 
 .text.DMA1_Stream2_IRQHandler
                0x08001e8c       0x14 ./Core/Src/stm32f4xx_it.o
                0x08001e8c                DMA1_Stream2_IRQHandler
 .text.DMA1_Stream4_IRQHandler
                0x08001ea0       0x14 ./Core/Src/stm32f4xx_it.o
                0x08001ea0                DMA1_Stream4_IRQHandler
 .text.EXTI15_10_IRQHandler
                0x08001eb4       0x10 ./Core/Src/stm32f4xx_it.o
                0x08001eb4                EXTI15_10_IRQHandler
 .text.TIM7_IRQHandler
                0x08001ec4       0x14 ./Core/Src/stm32f4xx_it.o
                0x08001ec4                TIM7_IRQHandler
 .text.SystemInit
                0x08001ed8       0x24 ./Core/Src/system_stm32f4xx.o
                0x08001ed8                SystemInit
 .text.Reset_Handler
                0x08001efc       0x50 ./Core/Startup/startup_stm32f446retx.o
                0x08001efc                Reset_Handler
 .text.Default_Handler
                0x08001f4c        0x2 ./Core/Startup/startup_stm32f446retx.o
                0x08001f4c                RTC_Alarm_IRQHandler
                0x08001f4c                EXTI2_IRQHandler
                0x08001f4c                TIM8_CC_IRQHandler
                0x08001f4c                FMPI2C1_EV_IRQHandler
                0x08001f4c                SPI4_IRQHandler
                0x08001f4c                TIM1_CC_IRQHandler
                0x08001f4c                DMA2_Stream5_IRQHandler
                0x08001f4c                DMA1_Stream5_IRQHandler
                0x08001f4c                PVD_IRQHandler
                0x08001f4c                SDIO_IRQHandler
                0x08001f4c                TAMP_STAMP_IRQHandler
                0x08001f4c                CAN2_RX1_IRQHandler
                0x08001f4c                EXTI3_IRQHandler
                0x08001f4c                TIM8_TRG_COM_TIM14_IRQHandler
                0x08001f4c                TIM1_UP_TIM10_IRQHandler
                0x08001f4c                TIM8_UP_TIM13_IRQHandler
                0x08001f4c                I2C3_ER_IRQHandler
                0x08001f4c                EXTI0_IRQHandler
                0x08001f4c                I2C2_EV_IRQHandler
                0x08001f4c                CAN1_RX0_IRQHandler
                0x08001f4c                FPU_IRQHandler
                0x08001f4c                OTG_HS_WKUP_IRQHandler
                0x08001f4c                CAN2_SCE_IRQHandler
                0x08001f4c                DMA2_Stream2_IRQHandler
                0x08001f4c                SPI1_IRQHandler
                0x08001f4c                TIM6_DAC_IRQHandler
                0x08001f4c                TIM1_BRK_TIM9_IRQHandler
                0x08001f4c                DCMI_IRQHandler
                0x08001f4c                CAN2_RX0_IRQHandler
                0x08001f4c                DMA2_Stream3_IRQHandler
                0x08001f4c                SAI2_IRQHandler
                0x08001f4c                USART6_IRQHandler
                0x08001f4c                USART3_IRQHandler
                0x08001f4c                CAN1_RX1_IRQHandler
                0x08001f4c                UART5_IRQHandler
                0x08001f4c                DMA2_Stream0_IRQHandler
                0x08001f4c                TIM4_IRQHandler
                0x08001f4c                QUADSPI_IRQHandler
                0x08001f4c                I2C1_EV_IRQHandler
                0x08001f4c                DMA1_Stream6_IRQHandler
                0x08001f4c                DMA1_Stream1_IRQHandler
                0x08001f4c                TIM3_IRQHandler
                0x08001f4c                RCC_IRQHandler
                0x08001f4c                TIM8_BRK_TIM12_IRQHandler
                0x08001f4c                Default_Handler
                0x08001f4c                CEC_IRQHandler
                0x08001f4c                ADC_IRQHandler
                0x08001f4c                DMA1_Stream7_IRQHandler
                0x08001f4c                CAN2_TX_IRQHandler
                0x08001f4c                TIM5_IRQHandler
                0x08001f4c                DMA2_Stream7_IRQHandler
                0x08001f4c                I2C3_EV_IRQHandler
                0x08001f4c                EXTI9_5_IRQHandler
                0x08001f4c                RTC_WKUP_IRQHandler
                0x08001f4c                SPDIF_RX_IRQHandler
                0x08001f4c                SPI2_IRQHandler
                0x08001f4c                OTG_HS_EP1_IN_IRQHandler
                0x08001f4c                DMA1_Stream0_IRQHandler
                0x08001f4c                CAN1_TX_IRQHandler
                0x08001f4c                FMPI2C1_ER_IRQHandler
                0x08001f4c                EXTI4_IRQHandler
                0x08001f4c                OTG_HS_EP1_OUT_IRQHandler
                0x08001f4c                WWDG_IRQHandler
                0x08001f4c                TIM2_IRQHandler
                0x08001f4c                OTG_FS_WKUP_IRQHandler
                0x08001f4c                TIM1_TRG_COM_TIM11_IRQHandler
                0x08001f4c                OTG_HS_IRQHandler
                0x08001f4c                EXTI1_IRQHandler
                0x08001f4c                USART2_IRQHandler
                0x08001f4c                I2C2_ER_IRQHandler
                0x08001f4c                DMA2_Stream1_IRQHandler
                0x08001f4c                CAN1_SCE_IRQHandler
                0x08001f4c                FLASH_IRQHandler
                0x08001f4c                DMA2_Stream4_IRQHandler
                0x08001f4c                USART1_IRQHandler
                0x08001f4c                OTG_FS_IRQHandler
                0x08001f4c                SPI3_IRQHandler
                0x08001f4c                I2C1_ER_IRQHandler
                0x08001f4c                FMC_IRQHandler
                0x08001f4c                DMA2_Stream6_IRQHandler
                0x08001f4c                SAI1_IRQHandler
                0x08001f4c                DMA1_Stream3_IRQHandler
 *fill*         0x08001f4e        0x2 
 .text.HAL_Init
                0x08001f50       0x44 ./Drivers/STM32F4xx_HAL_Driver/Src/stm32f4xx_hal.o
                0x08001f50                HAL_Init
 .text.HAL_IncTick
                0x08001f94       0x28 ./Drivers/STM32F4xx_HAL_Driver/Src/stm32f4xx_hal.o
                0x08001f94                HAL_IncTick
 .text.HAL_GetTick
                0x08001fbc       0x18 ./Drivers/STM32F4xx_HAL_Driver/Src/stm32f4xx_hal.o
                0x08001fbc                HAL_GetTick
 .text.__NVIC_SetPriorityGrouping
                0x08001fd4       0x48 ./Drivers/STM32F4xx_HAL_Driver/Src/stm32f4xx_hal_cortex.o
 .text.__NVIC_GetPriorityGrouping
                0x0800201c       0x1c ./Drivers/STM32F4xx_HAL_Driver/Src/stm32f4xx_hal_cortex.o
 .text.__NVIC_EnableIRQ
                0x08002038       0x3c ./Drivers/STM32F4xx_HAL_Driver/Src/stm32f4xx_hal_cortex.o
 .text.__NVIC_SetPriority
                0x08002074       0x54 ./Drivers/STM32F4xx_HAL_Driver/Src/stm32f4xx_hal_cortex.o
 .text.NVIC_EncodePriority
                0x080020c8       0x66 ./Drivers/STM32F4xx_HAL_Driver/Src/stm32f4xx_hal_cortex.o
 .text.HAL_NVIC_SetPriorityGrouping
                0x0800212e       0x16 ./Drivers/STM32F4xx_HAL_Driver/Src/stm32f4xx_hal_cortex.o
                0x0800212e                HAL_NVIC_SetPriorityGrouping
 .text.HAL_NVIC_SetPriority
                0x08002144       0x38 ./Drivers/STM32F4xx_HAL_Driver/Src/stm32f4xx_hal_cortex.o
                0x08002144                HAL_NVIC_SetPriority
 .text.HAL_NVIC_EnableIRQ
                0x0800217c       0x1c ./Drivers/STM32F4xx_HAL_Driver/Src/stm32f4xx_hal_cortex.o
                0x0800217c                HAL_NVIC_EnableIRQ
 .text.HAL_DMA_Init
                0x08002198      0x15c ./Drivers/STM32F4xx_HAL_Driver/Src/stm32f4xx_hal_dma.o
                0x08002198                HAL_DMA_Init
 .text.HAL_DMA_Start_IT
                0x080022f4       0xb0 ./Drivers/STM32F4xx_HAL_Driver/Src/stm32f4xx_hal_dma.o
                0x080022f4                HAL_DMA_Start_IT
 .text.HAL_DMA_Abort
                0x080023a4       0xe0 ./Drivers/STM32F4xx_HAL_Driver/Src/stm32f4xx_hal_dma.o
                0x080023a4                HAL_DMA_Abort
 .text.HAL_DMA_Abort_IT
                0x08002484       0x44 ./Drivers/STM32F4xx_HAL_Driver/Src/stm32f4xx_hal_dma.o
                0x08002484                HAL_DMA_Abort_IT
 .text.HAL_DMA_IRQHandler
                0x080024c8      0x314 ./Drivers/STM32F4xx_HAL_Driver/Src/stm32f4xx_hal_dma.o
                0x080024c8                HAL_DMA_IRQHandler
 .text.DMA_SetConfig
                0x080027dc       0x5c ./Drivers/STM32F4xx_HAL_Driver/Src/stm32f4xx_hal_dma.o
 .text.DMA_CalcBaseAndBitshift
                0x08002838       0x6c ./Drivers/STM32F4xx_HAL_Driver/Src/stm32f4xx_hal_dma.o
 .text.DMA_CheckFifoParam
                0x080028a4       0xf8 ./Drivers/STM32F4xx_HAL_Driver/Src/stm32f4xx_hal_dma.o
 .text.HAL_GPIO_Init
                0x0800299c      0x328 ./Drivers/STM32F4xx_HAL_Driver/Src/stm32f4xx_hal_gpio.o
                0x0800299c                HAL_GPIO_Init
 .text.HAL_GPIO_WritePin
                0x08002cc4       0x32 ./Drivers/STM32F4xx_HAL_Driver/Src/stm32f4xx_hal_gpio.o
                0x08002cc4                HAL_GPIO_WritePin
 .text.HAL_GPIO_TogglePin
                0x08002cf6       0x34 ./Drivers/STM32F4xx_HAL_Driver/Src/stm32f4xx_hal_gpio.o
                0x08002cf6                HAL_GPIO_TogglePin
 *fill*         0x08002d2a        0x2 
 .text.HAL_GPIO_EXTI_IRQHandler
                0x08002d2c       0x30 ./Drivers/STM32F4xx_HAL_Driver/Src/stm32f4xx_hal_gpio.o
                0x08002d2c                HAL_GPIO_EXTI_IRQHandler
 .text.HAL_I2C_Init
                0x08002d5c      0x288 ./Drivers/STM32F4xx_HAL_Driver/Src/stm32f4xx_hal_i2c.o
                0x08002d5c                HAL_I2C_Init
 .text.HAL_I2C_Mem_Read
                0x08002fe4      0x464 ./Drivers/STM32F4xx_HAL_Driver/Src/stm32f4xx_hal_i2c.o
                0x08002fe4                HAL_I2C_Mem_Read
 .text.I2C_RequestMemoryRead
                0x08003448      0x1d0 ./Drivers/STM32F4xx_HAL_Driver/Src/stm32f4xx_hal_i2c.o
 .text.I2C_WaitOnFlagUntilTimeout
                0x08003618       0xf4 ./Drivers/STM32F4xx_HAL_Driver/Src/stm32f4xx_hal_i2c.o
 .text.I2C_WaitOnMasterAddressFlagUntilTimeout
                0x0800370c      0x140 ./Drivers/STM32F4xx_HAL_Driver/Src/stm32f4xx_hal_i2c.o
 .text.I2C_WaitOnTXEFlagUntilTimeout
                0x0800384c       0x90 ./Drivers/STM32F4xx_HAL_Driver/Src/stm32f4xx_hal_i2c.o
 .text.I2C_WaitOnRXNEFlagUntilTimeout
                0x080038dc       0xba ./Drivers/STM32F4xx_HAL_Driver/Src/stm32f4xx_hal_i2c.o
 .text.I2C_IsAcknowledgeFailed
                0x08003996       0x5e ./Drivers/STM32F4xx_HAL_Driver/Src/stm32f4xx_hal_i2c.o
 .text.HAL_RCC_ClockConfig
                0x080039f4      0x1cc ./Drivers/STM32F4xx_HAL_Driver/Src/stm32f4xx_hal_rcc.o
                0x080039f4                HAL_RCC_ClockConfig
 .text.HAL_RCC_GetHCLKFreq
                0x08003bc0       0x18 ./Drivers/STM32F4xx_HAL_Driver/Src/stm32f4xx_hal_rcc.o
                0x08003bc0                HAL_RCC_GetHCLKFreq
 .text.HAL_RCC_GetPCLK1Freq
                0x08003bd8       0x28 ./Drivers/STM32F4xx_HAL_Driver/Src/stm32f4xx_hal_rcc.o
                0x08003bd8                HAL_RCC_GetPCLK1Freq
 .text.HAL_RCC_GetPCLK2Freq
                0x08003c00       0x28 ./Drivers/STM32F4xx_HAL_Driver/Src/stm32f4xx_hal_rcc.o
                0x08003c00                HAL_RCC_GetPCLK2Freq
 .text.HAL_RCC_GetClockConfig
                0x08003c28       0x64 ./Drivers/STM32F4xx_HAL_Driver/Src/stm32f4xx_hal_rcc.o
                0x08003c28                HAL_RCC_GetClockConfig
 .text.HAL_RCC_GetSysClockFreq
                0x08003c8c      0x354 ./Drivers/STM32F4xx_HAL_Driver/Src/stm32f4xx_hal_rcc_ex.o
                0x08003c8c                HAL_RCC_GetSysClockFreq
 .text.HAL_RCC_OscConfig
                0x08003fe0      0x53c ./Drivers/STM32F4xx_HAL_Driver/Src/stm32f4xx_hal_rcc_ex.o
                0x08003fe0                HAL_RCC_OscConfig
 .text.HAL_TIM_Base_Init
                0x0800451c       0x9e ./Drivers/STM32F4xx_HAL_Driver/Src/stm32f4xx_hal_tim.o
                0x0800451c                HAL_TIM_Base_Init
 *fill*         0x080045ba        0x2 
 .text.HAL_TIM_Base_Start_IT
                0x080045bc       0xe0 ./Drivers/STM32F4xx_HAL_Driver/Src/stm32f4xx_hal_tim.o
                0x080045bc                HAL_TIM_Base_Start_IT
 .text.HAL_TIM_PWM_Init
                0x0800469c       0x9e ./Drivers/STM32F4xx_HAL_Driver/Src/stm32f4xx_hal_tim.o
                0x0800469c                HAL_TIM_PWM_Init
 .text.HAL_TIM_PWM_MspInit
                0x0800473a       0x14 ./Drivers/STM32F4xx_HAL_Driver/Src/stm32f4xx_hal_tim.o
                0x0800473a                HAL_TIM_PWM_MspInit
 *fill*         0x0800474e        0x2 
 .text.HAL_TIM_PWM_Start
                0x08004750      0x190 ./Drivers/STM32F4xx_HAL_Driver/Src/stm32f4xx_hal_tim.o
                0x08004750                HAL_TIM_PWM_Start
 .text.HAL_TIM_IRQHandler
                0x080048e0      0x1e0 ./Drivers/STM32F4xx_HAL_Driver/Src/stm32f4xx_hal_tim.o
                0x080048e0                HAL_TIM_IRQHandler
 .text.HAL_TIM_PWM_ConfigChannel
                0x08004ac0      0x184 ./Drivers/STM32F4xx_HAL_Driver/Src/stm32f4xx_hal_tim.o
                0x08004ac0                HAL_TIM_PWM_ConfigChannel
 .text.HAL_TIM_ConfigClockSource
                0x08004c44      0x18e ./Drivers/STM32F4xx_HAL_Driver/Src/stm32f4xx_hal_tim.o
                0x08004c44                HAL_TIM_ConfigClockSource
 .text.HAL_TIM_OC_DelayElapsedCallback
                0x08004dd2       0x14 ./Drivers/STM32F4xx_HAL_Driver/Src/stm32f4xx_hal_tim.o
                0x08004dd2                HAL_TIM_OC_DelayElapsedCallback
 .text.HAL_TIM_IC_CaptureCallback
                0x08004de6       0x14 ./Drivers/STM32F4xx_HAL_Driver/Src/stm32f4xx_hal_tim.o
                0x08004de6                HAL_TIM_IC_CaptureCallback
 .text.HAL_TIM_PWM_PulseFinishedCallback
                0x08004dfa       0x14 ./Drivers/STM32F4xx_HAL_Driver/Src/stm32f4xx_hal_tim.o
                0x08004dfa                HAL_TIM_PWM_PulseFinishedCallback
 .text.HAL_TIM_TriggerCallback
                0x08004e0e       0x14 ./Drivers/STM32F4xx_HAL_Driver/Src/stm32f4xx_hal_tim.o
                0x08004e0e                HAL_TIM_TriggerCallback
 *fill*         0x08004e22        0x2 
 .text.TIM_Base_SetConfig
                0x08004e24      0x14c ./Drivers/STM32F4xx_HAL_Driver/Src/stm32f4xx_hal_tim.o
                0x08004e24                TIM_Base_SetConfig
 .text.TIM_OC1_SetConfig
                0x08004f70       0xe0 ./Drivers/STM32F4xx_HAL_Driver/Src/stm32f4xx_hal_tim.o
 .text.TIM_OC2_SetConfig
                0x08005050       0xec ./Drivers/STM32F4xx_HAL_Driver/Src/stm32f4xx_hal_tim.o
                0x08005050                TIM_OC2_SetConfig
 .text.TIM_OC3_SetConfig
                0x0800513c       0xe8 ./Drivers/STM32F4xx_HAL_Driver/Src/stm32f4xx_hal_tim.o
 .text.TIM_OC4_SetConfig
                0x08005224       0xac ./Drivers/STM32F4xx_HAL_Driver/Src/stm32f4xx_hal_tim.o
 .text.TIM_TI1_ConfigInputStage
                0x080052d0       0x5e ./Drivers/STM32F4xx_HAL_Driver/Src/stm32f4xx_hal_tim.o
 .text.TIM_TI2_ConfigInputStage
                0x0800532e       0x60 ./Drivers/STM32F4xx_HAL_Driver/Src/stm32f4xx_hal_tim.o
 .text.TIM_ITRx_SetConfig
                0x0800538e       0x36 ./Drivers/STM32F4xx_HAL_Driver/Src/stm32f4xx_hal_tim.o
 .text.TIM_ETR_SetConfig
                0x080053c4       0x40 ./Drivers/STM32F4xx_HAL_Driver/Src/stm32f4xx_hal_tim.o
                0x080053c4                TIM_ETR_SetConfig
 .text.TIM_CCxChannelCmd
                0x08005404       0x4a ./Drivers/STM32F4xx_HAL_Driver/Src/stm32f4xx_hal_tim.o
                0x08005404                TIM_CCxChannelCmd
 *fill*         0x0800544e        0x2 
 .text.HAL_TIMEx_MasterConfigSynchronization
                0x08005450       0xf8 ./Drivers/STM32F4xx_HAL_Driver/Src/stm32f4xx_hal_tim_ex.o
                0x08005450                HAL_TIMEx_MasterConfigSynchronization
 .text.HAL_TIMEx_ConfigBreakDeadTime
                0x08005548       0xa4 ./Drivers/STM32F4xx_HAL_Driver/Src/stm32f4xx_hal_tim_ex.o
                0x08005548                HAL_TIMEx_ConfigBreakDeadTime
 .text.HAL_TIMEx_CommutCallback
                0x080055ec       0x14 ./Drivers/STM32F4xx_HAL_Driver/Src/stm32f4xx_hal_tim_ex.o
                0x080055ec                HAL_TIMEx_CommutCallback
 .text.HAL_TIMEx_BreakCallback
                0x08005600       0x14 ./Drivers/STM32F4xx_HAL_Driver/Src/stm32f4xx_hal_tim_ex.o
                0x08005600                HAL_TIMEx_BreakCallback
 .text.HAL_UART_Init
                0x08005614       0xa0 ./Drivers/STM32F4xx_HAL_Driver/Src/stm32f4xx_hal_uart.o
                0x08005614                HAL_UART_Init
 .text.HAL_UART_Transmit_DMA
                0x080056b4       0xf8 ./Drivers/STM32F4xx_HAL_Driver/Src/stm32f4xx_hal_uart.o
                0x080056b4                HAL_UART_Transmit_DMA
 .text.HAL_UARTEx_ReceiveToIdle_DMA
                0x080057ac       0xb2 ./Drivers/STM32F4xx_HAL_Driver/Src/stm32f4xx_hal_uart.o
                0x080057ac                HAL_UARTEx_ReceiveToIdle_DMA
 *fill*         0x0800585e        0x2 
 .text.HAL_UART_IRQHandler
                0x08005860      0x554 ./Drivers/STM32F4xx_HAL_Driver/Src/stm32f4xx_hal_uart.o
                0x08005860                HAL_UART_IRQHandler
 .text.HAL_UART_TxHalfCpltCallback
                0x08005db4       0x14 ./Drivers/STM32F4xx_HAL_Driver/Src/stm32f4xx_hal_uart.o
                0x08005db4                HAL_UART_TxHalfCpltCallback
 .text.HAL_UART_RxCpltCallback
                0x08005dc8       0x14 ./Drivers/STM32F4xx_HAL_Driver/Src/stm32f4xx_hal_uart.o
                0x08005dc8                HAL_UART_RxCpltCallback
 .text.HAL_UART_RxHalfCpltCallback
                0x08005ddc       0x14 ./Drivers/STM32F4xx_HAL_Driver/Src/stm32f4xx_hal_uart.o
                0x08005ddc                HAL_UART_RxHalfCpltCallback
 .text.HAL_UART_ErrorCallback
                0x08005df0       0x14 ./Drivers/STM32F4xx_HAL_Driver/Src/stm32f4xx_hal_uart.o
                0x08005df0                HAL_UART_ErrorCallback
 .text.UART_DMATransmitCplt
                0x08005e04       0x9a ./Drivers/STM32F4xx_HAL_Driver/Src/stm32f4xx_hal_uart.o
 .text.UART_DMATxHalfCplt
                0x08005e9e       0x1c ./Drivers/STM32F4xx_HAL_Driver/Src/stm32f4xx_hal_uart.o
 .text.UART_DMAReceiveCplt
                0x08005eba      0x12c ./Drivers/STM32F4xx_HAL_Driver/Src/stm32f4xx_hal_uart.o
 .text.UART_DMARxHalfCplt
                0x08005fe6       0x3c ./Drivers/STM32F4xx_HAL_Driver/Src/stm32f4xx_hal_uart.o
 .text.UART_DMAError
                0x08006022       0x94 ./Drivers/STM32F4xx_HAL_Driver/Src/stm32f4xx_hal_uart.o
 *fill*         0x080060b6        0x2 
 .text.UART_Start_Receive_DMA
                0x080060b8      0x14c ./Drivers/STM32F4xx_HAL_Driver/Src/stm32f4xx_hal_uart.o
                0x080060b8                UART_Start_Receive_DMA
 .text.UART_EndTxTransfer
                0x08006204       0x50 ./Drivers/STM32F4xx_HAL_Driver/Src/stm32f4xx_hal_uart.o
 .text.UART_EndRxTransfer
                0x08006254       0xc6 ./Drivers/STM32F4xx_HAL_Driver/Src/stm32f4xx_hal_uart.o
 .text.UART_DMAAbortOnError
                0x0800631a       0x22 ./Drivers/STM32F4xx_HAL_Driver/Src/stm32f4xx_hal_uart.o
 .text.UART_Transmit_IT
                0x0800633c       0xa0 ./Drivers/STM32F4xx_HAL_Driver/Src/stm32f4xx_hal_uart.o
 .text.UART_EndTransmit_IT
                0x080063dc       0x30 ./Drivers/STM32F4xx_HAL_Driver/Src/stm32f4xx_hal_uart.o
 .text.UART_Receive_IT
                0x0800640c      0x17c ./Drivers/STM32F4xx_HAL_Driver/Src/stm32f4xx_hal_uart.o
 .text.UART_SetConfig
                0x08006588      0x4e8 ./Drivers/STM32F4xx_HAL_Driver/Src/stm32f4xx_hal_uart.o
 .text.updateOdometry
                0x08006a70      0x148 ./Logic/src/odometry.o
                0x08006a70                updateOdometry
 .text.calculatePIDResponse
                0x08006bb8       0xe4 ./Logic/src/pid_motor_controller.o
                0x08006bb8                calculatePIDResponse
 .text.calculateRequiredDutyCycle
                0x08006c9c       0x68 ./Logic/src/pid_motor_controller.o
                0x08006c9c                calculateRequiredDutyCycle
 .text.resetController
                0x08006d04       0x28 ./Logic/src/pid_motor_controller.o
                0x08006d04                resetController
 *fill*         0x08006d2c        0x4 
 .text.updateWheelStatusEstimation
                0x08006d30      0x1ac ./Logic/src/wheel_status_estimator.o
                0x08006d30                updateWheelStatusEstimation
 .text.getEncoderDevice
                0x08006edc       0x22 ./SensorsAndActuators/src/encoder_reader.o
                0x08006edc                getEncoderDevice
 *fill*         0x08006efe        0x2 
 .text.readAngleRad
                0x08006f00       0xcc ./SensorsAndActuators/src/encoder_reader.o
                0x08006f00                readAngleRad
 .text.readFullEncoder
                0x08006fcc       0xd8 ./SensorsAndActuators/src/encoder_reader.o
                0x08006fcc                readFullEncoder
 .text.toFloat  0x080070a4       0x54 ./SensorsAndActuators/src/imu_reader.o
                0x080070a4                toFloat
 .text.readIMUData
                0x080070f8       0xd4 ./SensorsAndActuators/src/imu_reader.o
                0x080070f8                readIMUData
 .text.initializeMotorDriver
                0x080071cc       0x34 ./SensorsAndActuators/src/motor_driver.o
                0x080071cc                initializeMotorDriver
 .text.setWheelDirection
                0x08007200       0x8c ./SensorsAndActuators/src/motor_driver.o
                0x08007200                setWheelDirection
 .text.setMotorDutyCycle
                0x0800728c       0xa8 ./SensorsAndActuators/src/motor_driver.o
                0x0800728c                setMotorDutyCycle
 .text.communicationManagerStatusInit
                0x08007334       0x2c ./Tasks/src/communication_manager.o
                0x08007334                communicationManagerStatusInit
 .text.communicationManagerStatusRunning
                0x08007360       0x10 ./Tasks/src/communication_manager.o
                0x08007360                communicationManagerStatusRunning
 .text.runCommunicationManagerStateMachine
                0x08007370       0x50 ./Tasks/src/communication_manager.o
                0x08007370                runCommunicationManagerStateMachine
 .text.motionPlanningStatusInit
                0x080073c0       0x68 ./Tasks/src/motion_planning.o
                0x080073c0                motionPlanningStatusInit
 .text.motionPlanningStatusRunning
                0x08007428       0xcc ./Tasks/src/motion_planning.o
                0x08007428                motionPlanningStatusRunning
 .text.runMotionPlanningStateMachine
                0x080074f4       0x4c ./Tasks/src/motion_planning.o
                0x080074f4                runMotionPlanningStateMachine
 .text.removeBias
                0x08007540       0x9c ./Tasks/src/pose_estimation.o
                0x08007540                removeBias
 .text.addMeasureToBias
                0x080075dc      0x150 ./Tasks/src/pose_estimation.o
                0x080075dc                addMeasureToBias
 .text.poseEstimationStatusInit
                0x0800772c       0xa8 ./Tasks/src/pose_estimation.o
                0x0800772c                poseEstimationStatusInit
 .text.poseEstimationStatusRunning
                0x080077d4      0x110 ./Tasks/src/pose_estimation.o
                0x080077d4                poseEstimationStatusRunning
 .text.runPoseEstimationStateMachine
                0x080078e4       0x4c ./Tasks/src/pose_estimation.o
                0x080078e4                runPoseEstimationStateMachine
 .text.HAL_GPIO_EXTI_Callback
                0x08007930       0x74 ./Tasks/src/robotto_tasks.o
                0x08007930                HAL_GPIO_EXTI_Callback
 .text.ledBlinkTask
                0x080079a4       0x34 ./Tasks/src/robotto_tasks.o
                0x080079a4                ledBlinkTask
 .text.buttonTask
                0x080079d8       0x58 ./Tasks/src/robotto_tasks.o
                0x080079d8                buttonTask
 .text.motionPlanningTask
                0x08007a30       0x28 ./Tasks/src/robotto_tasks.o
                0x08007a30                motionPlanningTask
 .text.wheelsControlTask
                0x08007a58       0x28 ./Tasks/src/robotto_tasks.o
                0x08007a58                wheelsControlTask
 .text.poseEstimationTask
                0x08007a80       0x28 ./Tasks/src/robotto_tasks.o
                0x08007a80                poseEstimationTask
 .text.communicationManagerTask
                0x08007aa8       0x1e ./Tasks/src/robotto_tasks.o
                0x08007aa8                communicationManagerTask
 *fill*         0x08007ac6        0x2 
 .text.createQueues
                0x08007ac8       0x8c ./Tasks/src/robotto_tasks.o
                0x08007ac8                createQueues
 .text.createTasks
                0x08007b54      0x10c ./Tasks/src/robotto_tasks.o
                0x08007b54                createTasks
 .text.setupRobotto
                0x08007c60       0x2a ./Tasks/src/robotto_tasks.o
                0x08007c60                setupRobotto
 .text.readAngleAndUpdateWheelsStatus
                0x08007c8a       0x72 ./Tasks/src/wheels_control.o
                0x08007c8a                readAngleAndUpdateWheelsStatus
 .text.runWheelsControlStatusInit
                0x08007cfc       0xb8 ./Tasks/src/wheels_control.o
                0x08007cfc                runWheelsControlStatusInit
 .text.runWheelsControlStatusRunning
                0x08007db4      0x134 ./Tasks/src/wheels_control.o
                0x08007db4                runWheelsControlStatusRunning
 .text.runWheelsControlStateMachine
                0x08007ee8       0x74 ./Tasks/src/wheels_control.o
                0x08007ee8                runWheelsControlStateMachine
 .text.vListInitialise
                0x08007f5c       0x44 ./ThirdParty/FreeRTOS/list.o
                0x08007f5c                vListInitialise
 .text.vListInitialiseItem
                0x08007fa0       0x1e ./ThirdParty/FreeRTOS/list.o
                0x08007fa0                vListInitialiseItem
 .text.vListInsert
                0x08007fbe       0x76 ./ThirdParty/FreeRTOS/list.o
                0x08007fbe                vListInsert
 .text.uxListRemove
                0x08008034       0x5e ./ThirdParty/FreeRTOS/list.o
                0x08008034                uxListRemove
 *fill*         0x08008092        0x2 
 .text.xQueueGenericReset
                0x08008094      0x12c ./ThirdParty/FreeRTOS/queue.o
                0x08008094                xQueueGenericReset
 .text.xQueueGenericCreateStatic
                0x080081c0       0xd4 ./ThirdParty/FreeRTOS/queue.o
                0x080081c0                xQueueGenericCreateStatic
 .text.xQueueGenericCreate
                0x08008294       0xb8 ./ThirdParty/FreeRTOS/queue.o
                0x08008294                xQueueGenericCreate
 .text.prvInitialiseNewQueue
                0x0800834c       0x46 ./ThirdParty/FreeRTOS/queue.o
 .text.prvInitialiseMutex
                0x08008392       0x34 ./ThirdParty/FreeRTOS/queue.o
 .text.xQueueCreateMutex
                0x080083c6       0x42 ./ThirdParty/FreeRTOS/queue.o
                0x080083c6                xQueueCreateMutex
 .text.xQueueGenericSend
                0x08008408      0x21c ./ThirdParty/FreeRTOS/queue.o
                0x08008408                xQueueGenericSend
 .text.xQueueReceive
                0x08008624      0x1dc ./ThirdParty/FreeRTOS/queue.o
                0x08008624                xQueueReceive
 .text.xQueueSemaphoreTake
                0x08008800      0x218 ./ThirdParty/FreeRTOS/queue.o
                0x08008800                xQueueSemaphoreTake
 .text.xQueuePeek
                0x08008a18      0x1e4 ./ThirdParty/FreeRTOS/queue.o
                0x08008a18                xQueuePeek
 .text.uxQueueMessagesWaiting
                0x08008bfc       0x46 ./ThirdParty/FreeRTOS/queue.o
                0x08008bfc                uxQueueMessagesWaiting
 .text.prvGetDisinheritPriorityAfterTimeout
                0x08008c42       0x30 ./ThirdParty/FreeRTOS/queue.o
 .text.prvCopyDataToQueue
                0x08008c72       0xd4 ./ThirdParty/FreeRTOS/queue.o
 .text.prvCopyDataFromQueue
                0x08008d46       0x4c ./ThirdParty/FreeRTOS/queue.o
 .text.prvUnlockQueue
                0x08008d92       0xa4 ./ThirdParty/FreeRTOS/queue.o
 .text.prvIsQueueEmpty
                0x08008e36       0x2c ./ThirdParty/FreeRTOS/queue.o
 .text.prvIsQueueFull
                0x08008e62       0x30 ./ThirdParty/FreeRTOS/queue.o
 *fill*         0x08008e92        0x2 
 .text.vQueueAddToRegistry
                0x08008e94       0xa0 ./ThirdParty/FreeRTOS/queue.o
                0x08008e94                vQueueAddToRegistry
 .text.vQueueWaitForMessageRestricted
                0x08008f34       0x6e ./ThirdParty/FreeRTOS/queue.o
                0x08008f34                vQueueWaitForMessageRestricted
 .text.prvCreateStaticTask
                0x08008fa2       0xc2 ./ThirdParty/FreeRTOS/tasks.o
 .text.xTaskCreateStatic
                0x08009064       0x5a ./ThirdParty/FreeRTOS/tasks.o
                0x08009064                xTaskCreateStatic
 .text.prvCreateTask
                0x080090be       0x80 ./ThirdParty/FreeRTOS/tasks.o
 .text.xTaskCreate
                0x0800913e       0x50 ./ThirdParty/FreeRTOS/tasks.o
                0x0800913e                xTaskCreate
 *fill*         0x0800918e        0x2 
 .text.prvInitialiseNewTask
                0x08009190      0x14c ./ThirdParty/FreeRTOS/tasks.o
 .text.prvAddNewTaskToReadyList
                0x080092dc      0x170 ./ThirdParty/FreeRTOS/tasks.o
 .text.xTaskDelayUntil
                0x0800944c      0x10c ./ThirdParty/FreeRTOS/tasks.o
                0x0800944c                xTaskDelayUntil
 .text.prvCreateIdleTasks
                0x08009558       0xd0 ./ThirdParty/FreeRTOS/tasks.o
 .text.vTaskStartScheduler
                0x08009628       0xc0 ./ThirdParty/FreeRTOS/tasks.o
                0x08009628                vTaskStartScheduler
 .text.vTaskSuspendAll
                0x080096e8       0x1c ./ThirdParty/FreeRTOS/tasks.o
                0x080096e8                vTaskSuspendAll
 .text.xTaskResumeAll
                0x08009704      0x224 ./ThirdParty/FreeRTOS/tasks.o
                0x08009704                xTaskResumeAll
 .text.xTaskGetTickCount
                0x08009928       0x24 ./ThirdParty/FreeRTOS/tasks.o
                0x08009928                xTaskGetTickCount
 .text.xTaskGetTickCountFromISR
                0x0800994c       0x2c ./ThirdParty/FreeRTOS/tasks.o
                0x0800994c                xTaskGetTickCountFromISR
 .text.xTaskIncrementTick
                0x08009978      0x22c ./ThirdParty/FreeRTOS/tasks.o
                0x08009978                xTaskIncrementTick
 .text.vTaskSwitchContext
                0x08009ba4       0xe8 ./ThirdParty/FreeRTOS/tasks.o
                0x08009ba4                vTaskSwitchContext
 .text.vTaskPlaceOnEventList
                0x08009c8c       0x50 ./ThirdParty/FreeRTOS/tasks.o
                0x08009c8c                vTaskPlaceOnEventList
 .text.vTaskPlaceOnEventListRestricted
                0x08009cdc       0x94 ./ThirdParty/FreeRTOS/tasks.o
                0x08009cdc                vTaskPlaceOnEventListRestricted
 .text.xTaskRemoveFromEventList
                0x08009d70      0x1c4 ./ThirdParty/FreeRTOS/tasks.o
                0x08009d70                xTaskRemoveFromEventList
 .text.vTaskInternalSetTimeOutState
                0x08009f34       0x30 ./ThirdParty/FreeRTOS/tasks.o
                0x08009f34                vTaskInternalSetTimeOutState
 .text.xTaskCheckForTimeOut
                0x08009f64       0xd8 ./ThirdParty/FreeRTOS/tasks.o
                0x08009f64                xTaskCheckForTimeOut
 .text.vTaskMissedYield
                0x0800a03c       0x18 ./ThirdParty/FreeRTOS/tasks.o
                0x0800a03c                vTaskMissedYield
 .text.prvIdleTask
                0x0800a054       0x30 ./ThirdParty/FreeRTOS/tasks.o
 .text.prvInitialiseTaskLists
                0x0800a084       0x80 ./ThirdParty/FreeRTOS/tasks.o
 .text.prvCheckTasksWaitingTermination
                0x0800a104       0x5c ./ThirdParty/FreeRTOS/tasks.o
 .text.prvDeleteTCB
                0x0800a160       0x6a ./ThirdParty/FreeRTOS/tasks.o
 *fill*         0x0800a1ca        0x2 
 .text.prvResetNextTaskUnblockTime
                0x0800a1cc       0x38 ./ThirdParty/FreeRTOS/tasks.o
 .text.xTaskGetSchedulerState
                0x0800a204       0x44 ./ThirdParty/FreeRTOS/tasks.o
                0x0800a204                xTaskGetSchedulerState
 .text.xTaskPriorityInherit
                0x0800a248      0x138 ./ThirdParty/FreeRTOS/tasks.o
                0x0800a248                xTaskPriorityInherit
 .text.xTaskPriorityDisinherit
                0x0800a380      0x148 ./ThirdParty/FreeRTOS/tasks.o
                0x0800a380                xTaskPriorityDisinherit
 .text.vTaskPriorityDisinheritAfterTimeout
                0x0800a4c8      0x16c ./ThirdParty/FreeRTOS/tasks.o
                0x0800a4c8                vTaskPriorityDisinheritAfterTimeout
 .text.pvTaskIncrementMutexHeldCount
                0x0800a634       0x3c ./ThirdParty/FreeRTOS/tasks.o
                0x0800a634                pvTaskIncrementMutexHeldCount
 .text.ulTaskGenericNotifyTake
                0x0800a670       0xfc ./ThirdParty/FreeRTOS/tasks.o
                0x0800a670                ulTaskGenericNotifyTake
 .text.vTaskGenericNotifyGiveFromISR
                0x0800a76c      0x228 ./ThirdParty/FreeRTOS/tasks.o
                0x0800a76c                vTaskGenericNotifyGiveFromISR
 .text.prvAddCurrentTaskToDelayedList
                0x0800a994       0xf8 ./ThirdParty/FreeRTOS/tasks.o
 .text.vApplicationGetIdleTaskMemory
                0x0800aa8c       0x34 ./ThirdParty/FreeRTOS/tasks.o
                0x0800aa8c                vApplicationGetIdleTaskMemory
 .text.vApplicationGetTimerTaskMemory
                0x0800aac0       0x34 ./ThirdParty/FreeRTOS/tasks.o
                0x0800aac0                vApplicationGetTimerTaskMemory
 .text.xTimerCreateTimerTask
                0x0800aaf4       0xa0 ./ThirdParty/FreeRTOS/timers.o
                0x0800aaf4                xTimerCreateTimerTask
 .text.prvReloadTimer
                0x0800ab94       0x42 ./ThirdParty/FreeRTOS/timers.o
 *fill*         0x0800abd6        0x2 
 .text.prvProcessExpiredTimer
                0x0800abd8       0x60 ./ThirdParty/FreeRTOS/timers.o
 .text.prvTimerTask
                0x0800ac38       0x26 ./ThirdParty/FreeRTOS/timers.o
 *fill*         0x0800ac5e        0x2 
 .text.prvProcessTimerOrBlockTask
                0x0800ac60       0x9c ./ThirdParty/FreeRTOS/timers.o
 .text.prvGetNextExpireTime
                0x0800acfc       0x48 ./ThirdParty/FreeRTOS/timers.o
 .text.prvSampleTimeNow
                0x0800ad44       0x40 ./ThirdParty/FreeRTOS/timers.o
 .text.prvInsertTimerInActiveList
                0x0800ad84       0x84 ./ThirdParty/FreeRTOS/timers.o
 .text.prvProcessReceivedCommands
                0x0800ae08      0x190 ./ThirdParty/FreeRTOS/timers.o
 .text.prvSwitchTimerLists
                0x0800af98       0x4c ./ThirdParty/FreeRTOS/timers.o
 .text.prvCheckForValidListAndQueue
                0x0800afe4       0x80 ./ThirdParty/FreeRTOS/timers.o
 .text.pxPortInitialiseStack
                0x0800b064       0x68 ./ThirdParty/FreeRTOS/portable/GCC/ARM_CM4F/port.o
                0x0800b064                pxPortInitialiseStack
 .text.prvTaskExitError
                0x0800b0cc       0x5c ./ThirdParty/FreeRTOS/portable/GCC/ARM_CM4F/port.o
 *fill*         0x0800b128        0x8 
 .text.SVC_Handler
                0x0800b130       0x28 ./ThirdParty/FreeRTOS/portable/GCC/ARM_CM4F/port.o
                0x0800b130                SVC_Handler
 .text.prvPortStartFirstTask
                0x0800b158       0x2c ./ThirdParty/FreeRTOS/portable/GCC/ARM_CM4F/port.o
 .text.xPortStartScheduler
                0x0800b184      0x1e0 ./ThirdParty/FreeRTOS/portable/GCC/ARM_CM4F/port.o
                0x0800b184                xPortStartScheduler
 .text.vPortEnterCritical
                0x0800b364       0x64 ./ThirdParty/FreeRTOS/portable/GCC/ARM_CM4F/port.o
                0x0800b364                vPortEnterCritical
 .text.vPortExitCritical
                0x0800b3c8       0x54 ./ThirdParty/FreeRTOS/portable/GCC/ARM_CM4F/port.o
                0x0800b3c8                vPortExitCritical
 *fill*         0x0800b41c        0x4 
 .text.PendSV_Handler
                0x0800b420       0x68 ./ThirdParty/FreeRTOS/portable/GCC/ARM_CM4F/port.o
                0x0800b420                PendSV_Handler
 .text.SysTick_Handler
                0x0800b488       0x54 ./ThirdParty/FreeRTOS/portable/GCC/ARM_CM4F/port.o
                0x0800b488                SysTick_Handler
 .text.vPortSetupTimerInterrupt
                0x0800b4dc       0x48 ./ThirdParty/FreeRTOS/portable/GCC/ARM_CM4F/port.o
                0x0800b4dc                vPortSetupTimerInterrupt
 .text.vPortEnableVFP
                0x0800b524       0x18 ./ThirdParty/FreeRTOS/portable/GCC/ARM_CM4F/port.o
 .text.vPortValidateInterruptPriority
                0x0800b53c       0x84 ./ThirdParty/FreeRTOS/portable/GCC/ARM_CM4F/port.o
                0x0800b53c                vPortValidateInterruptPriority
 .text.pvPortMalloc
                0x0800b5c0      0x264 ./ThirdParty/FreeRTOS/portable/MemMang/heap_4.o
                0x0800b5c0                pvPortMalloc
 .text.vPortFree
                0x0800b824      0x10c ./ThirdParty/FreeRTOS/portable/MemMang/heap_4.o
                0x0800b824                vPortFree
 .text.prvHeapInit
                0x0800b930       0xb4 ./ThirdParty/FreeRTOS/portable/MemMang/heap_4.o
 .text.prvInsertBlockIntoFreeList
                0x0800b9e4       0xf4 ./ThirdParty/FreeRTOS/portable/MemMang/heap_4.o
 .text._DoInit  0x0800bad8       0xb4 ./ThirdParty/RTT/RTT/SEGGER_RTT.o
 .text._WriteBlocking
                0x0800bb8c       0xba ./ThirdParty/RTT/RTT/SEGGER_RTT.o
 .text._WriteNoCheck
                0x0800bc46       0x90 ./ThirdParty/RTT/RTT/SEGGER_RTT.o
 .text._GetAvailWriteSpace
                0x0800bcd6       0x46 ./ThirdParty/RTT/RTT/SEGGER_RTT.o
 .text.SEGGER_RTT_ReadNoLock
                0x0800bd1c      0x10c ./ThirdParty/RTT/RTT/SEGGER_RTT.o
                0x0800bd1c                SEGGER_RTT_ReadNoLock
 .text.SEGGER_RTT_WriteNoLock
                0x0800be28       0xa0 ./ThirdParty/RTT/RTT/SEGGER_RTT.o
                0x0800be28                SEGGER_RTT_WriteNoLock
 .text.SEGGER_RTT_Write
                0x0800bec8       0x4c ./ThirdParty/RTT/RTT/SEGGER_RTT.o
                0x0800bec8                SEGGER_RTT_Write
 .text.SEGGER_RTT_AllocUpBuffer
                0x0800bf14      0x108 ./ThirdParty/RTT/RTT/SEGGER_RTT.o
                0x0800bf14                SEGGER_RTT_AllocUpBuffer
 .text.SEGGER_RTT_ConfigDownBuffer
                0x0800c01c       0x98 ./ThirdParty/RTT/RTT/SEGGER_RTT.o
                0x0800c01c                SEGGER_RTT_ConfigDownBuffer
 .text._StoreChar
                0x0800c0b4       0x7c ./ThirdParty/RTT/RTT/SEGGER_RTT_printf.o
 .text._PrintUnsigned
                0x0800c130      0x158 ./ThirdParty/RTT/RTT/SEGGER_RTT_printf.o
 .text._PrintInt
                0x0800c288      0x14e ./ThirdParty/RTT/RTT/SEGGER_RTT_printf.o
 *fill*         0x0800c3d6        0x2 
 .text.SEGGER_RTT_vprintf
                0x0800c3d8      0x420 ./ThirdParty/RTT/RTT/SEGGER_RTT_printf.o
                0x0800c3d8                SEGGER_RTT_vprintf
 .text.SEGGER_RTT_printf
                0x0800c7f8       0x30 ./ThirdParty/RTT/RTT/SEGGER_RTT_printf.o
                0x0800c7f8                SEGGER_RTT_printf
 .text._cbSendSystemDesc
                0x0800c828       0x1c ./ThirdParty/SystemView/Config/SEGGER_SYSVIEW_Config_FreeRTOS.o
 .text.SEGGER_SYSVIEW_Conf
                0x0800c844       0x2c ./ThirdParty/SystemView/Config/SEGGER_SYSVIEW_Config_FreeRTOS.o
                0x0800c844                SEGGER_SYSVIEW_Conf
 .text._cbSendTaskList
                0x0800c870       0x90 ./ThirdParty/SystemView/FreeRTOSV11/SEGGER_SYSVIEW_FreeRTOS.o
 .text._cbGetTime
                0x0800c900       0x86 ./ThirdParty/SystemView/FreeRTOSV11/SEGGER_SYSVIEW_FreeRTOS.o
 *fill*         0x0800c986        0x2 
 .text.SYSVIEW_AddTask
                0x0800c988       0xd0 ./ThirdParty/SystemView/FreeRTOSV11/SEGGER_SYSVIEW_FreeRTOS.o
                0x0800c988                SYSVIEW_AddTask
 .text.SYSVIEW_SendTaskInfo
                0x0800ca58       0x42 ./ThirdParty/SystemView/FreeRTOSV11/SEGGER_SYSVIEW_FreeRTOS.o
                0x0800ca58                SYSVIEW_SendTaskInfo
 .text._EncodeStr
                0x0800ca9a       0x72 ./ThirdParty/SystemView/SYSVIEW/SEGGER_SYSVIEW.o
 .text._PreparePacket
                0x0800cb0c       0x18 ./ThirdParty/SystemView/SYSVIEW/SEGGER_SYSVIEW.o
 .text._HandleIncomingPacket
                0x0800cb24       0xdc ./ThirdParty/SystemView/SYSVIEW/SEGGER_SYSVIEW.o
 .text._TrySendOverflowPacket
                0x0800cc00       0xe4 ./ThirdParty/SystemView/SYSVIEW/SEGGER_SYSVIEW.o
 .text._SendPacket
                0x0800cce4      0x2dc ./ThirdParty/SystemView/SYSVIEW/SEGGER_SYSVIEW.o
 .text._VPrintHost
                0x0800cfc0      0x17c ./ThirdParty/SystemView/SYSVIEW/SEGGER_SYSVIEW.o
 .text._StoreChar
                0x0800d13c       0xf6 ./ThirdParty/SystemView/SYSVIEW/SEGGER_SYSVIEW.o
 *fill*         0x0800d232        0x2 
 .text._PrintUnsigned
                0x0800d234      0x12c ./ThirdParty/SystemView/SYSVIEW/SEGGER_SYSVIEW.o
 .text._PrintInt
                0x0800d360      0x11e ./ThirdParty/SystemView/SYSVIEW/SEGGER_SYSVIEW.o
 *fill*         0x0800d47e        0x2 
 .text._VPrintTarget
                0x0800d480      0x440 ./ThirdParty/SystemView/SYSVIEW/SEGGER_SYSVIEW.o
 .text.SEGGER_SYSVIEW_Init
                0x0800d8c0       0x88 ./ThirdParty/SystemView/SYSVIEW/SEGGER_SYSVIEW.o
                0x0800d8c0                SEGGER_SYSVIEW_Init
 .text.SEGGER_SYSVIEW_SetRAMBase
                0x0800d948       0x20 ./ThirdParty/SystemView/SYSVIEW/SEGGER_SYSVIEW.o
                0x0800d948                SEGGER_SYSVIEW_SetRAMBase
 .text.SEGGER_SYSVIEW_RecordVoid
                0x0800d968       0x3c ./ThirdParty/SystemView/SYSVIEW/SEGGER_SYSVIEW.o
                0x0800d968                SEGGER_SYSVIEW_RecordVoid
 .text.SEGGER_SYSVIEW_RecordU32
                0x0800d9a4       0x78 ./ThirdParty/SystemView/SYSVIEW/SEGGER_SYSVIEW.o
                0x0800d9a4                SEGGER_SYSVIEW_RecordU32
 .text.SEGGER_SYSVIEW_RecordU32x2
                0x0800da1c       0xb4 ./ThirdParty/SystemView/SYSVIEW/SEGGER_SYSVIEW.o
                0x0800da1c                SEGGER_SYSVIEW_RecordU32x2
 .text.SEGGER_SYSVIEW_Start
                0x0800dad0      0x174 ./ThirdParty/SystemView/SYSVIEW/SEGGER_SYSVIEW.o
                0x0800dad0                SEGGER_SYSVIEW_Start
 .text.SEGGER_SYSVIEW_Stop
                0x0800dc44       0x4c ./ThirdParty/SystemView/SYSVIEW/SEGGER_SYSVIEW.o
                0x0800dc44                SEGGER_SYSVIEW_Stop
 .text.SEGGER_SYSVIEW_GetSysDesc
                0x0800dc90      0x134 ./ThirdParty/SystemView/SYSVIEW/SEGGER_SYSVIEW.o
                0x0800dc90                SEGGER_SYSVIEW_GetSysDesc
 .text.SEGGER_SYSVIEW_SendTaskInfo
                0x0800ddc4      0x1c8 ./ThirdParty/SystemView/SYSVIEW/SEGGER_SYSVIEW.o
                0x0800ddc4                SEGGER_SYSVIEW_SendTaskInfo
 .text.SEGGER_SYSVIEW_SendTaskList
                0x0800df8c       0x28 ./ThirdParty/SystemView/SYSVIEW/SEGGER_SYSVIEW.o
                0x0800df8c                SEGGER_SYSVIEW_SendTaskList
 .text.SEGGER_SYSVIEW_SendSysDesc
                0x0800dfb4       0x48 ./ThirdParty/SystemView/SYSVIEW/SEGGER_SYSVIEW.o
                0x0800dfb4                SEGGER_SYSVIEW_SendSysDesc
 .text.SEGGER_SYSVIEW_RecordSystime
                0x0800dffc       0x64 ./ThirdParty/SystemView/SYSVIEW/SEGGER_SYSVIEW.o
                0x0800dffc                SEGGER_SYSVIEW_RecordSystime
 .text.SEGGER_SYSVIEW_RecordEnterISR
                0x0800e060       0x84 ./ThirdParty/SystemView/SYSVIEW/SEGGER_SYSVIEW.o
                0x0800e060                SEGGER_SYSVIEW_RecordEnterISR
 .text.SEGGER_SYSVIEW_RecordExitISR
                0x0800e0e4       0x38 ./ThirdParty/SystemView/SYSVIEW/SEGGER_SYSVIEW.o
                0x0800e0e4                SEGGER_SYSVIEW_RecordExitISR
 .text.SEGGER_SYSVIEW_RecordExitISRToScheduler
                0x0800e11c       0x38 ./ThirdParty/SystemView/SYSVIEW/SEGGER_SYSVIEW.o
                0x0800e11c                SEGGER_SYSVIEW_RecordExitISRToScheduler
 .text.SEGGER_SYSVIEW_RecordEndCall
                0x0800e154       0x78 ./ThirdParty/SystemView/SYSVIEW/SEGGER_SYSVIEW.o
                0x0800e154                SEGGER_SYSVIEW_RecordEndCall
 .text.SEGGER_SYSVIEW_RecordEndCallU32
                0x0800e1cc       0xb0 ./ThirdParty/SystemView/SYSVIEW/SEGGER_SYSVIEW.o
                0x0800e1cc                SEGGER_SYSVIEW_RecordEndCallU32
 .text.SEGGER_SYSVIEW_OnIdle
                0x0800e27c       0x38 ./ThirdParty/SystemView/SYSVIEW/SEGGER_SYSVIEW.o
                0x0800e27c                SEGGER_SYSVIEW_OnIdle
 .text.SEGGER_SYSVIEW_OnTaskCreate
                0x0800e2b4       0x84 ./ThirdParty/SystemView/SYSVIEW/SEGGER_SYSVIEW.o
                0x0800e2b4                SEGGER_SYSVIEW_OnTaskCreate
 .text.SEGGER_SYSVIEW_OnTaskStartExec
                0x0800e338       0x84 ./ThirdParty/SystemView/SYSVIEW/SEGGER_SYSVIEW.o
                0x0800e338                SEGGER_SYSVIEW_OnTaskStartExec
 .text.SEGGER_SYSVIEW_OnTaskStartReady
                0x0800e3bc       0x84 ./ThirdParty/SystemView/SYSVIEW/SEGGER_SYSVIEW.o
                0x0800e3bc                SEGGER_SYSVIEW_OnTaskStartReady
 .text.SEGGER_SYSVIEW_OnTaskStopReady
                0x0800e440       0xc0 ./ThirdParty/SystemView/SYSVIEW/SEGGER_SYSVIEW.o
                0x0800e440                SEGGER_SYSVIEW_OnTaskStopReady
 .text.SEGGER_SYSVIEW_MarkStart
                0x0800e500       0x78 ./ThirdParty/SystemView/SYSVIEW/SEGGER_SYSVIEW.o
                0x0800e500                SEGGER_SYSVIEW_MarkStart
 .text.SEGGER_SYSVIEW_MarkStop
                0x0800e578       0x78 ./ThirdParty/SystemView/SYSVIEW/SEGGER_SYSVIEW.o
                0x0800e578                SEGGER_SYSVIEW_MarkStop
 .text.SEGGER_SYSVIEW_ShrinkId
                0x0800e5f0       0x20 ./ThirdParty/SystemView/SYSVIEW/SEGGER_SYSVIEW.o
                0x0800e5f0                SEGGER_SYSVIEW_ShrinkId
 .text.SEGGER_SYSVIEW_SendModule
                0x0800e610      0x114 ./ThirdParty/SystemView/SYSVIEW/SEGGER_SYSVIEW.o
                0x0800e610                SEGGER_SYSVIEW_SendModule
 .text.SEGGER_SYSVIEW_SendModuleDescription
                0x0800e724       0x3c ./ThirdParty/SystemView/SYSVIEW/SEGGER_SYSVIEW.o
                0x0800e724                SEGGER_SYSVIEW_SendModuleDescription
 .text.SEGGER_SYSVIEW_SendNumModules
                0x0800e760       0x7c ./ThirdParty/SystemView/SYSVIEW/SEGGER_SYSVIEW.o
                0x0800e760                SEGGER_SYSVIEW_SendNumModules
 .text.SEGGER_SYSVIEW_PrintfHost
                0x0800e7dc       0x28 ./ThirdParty/SystemView/SYSVIEW/SEGGER_SYSVIEW.o
                0x0800e7dc                SEGGER_SYSVIEW_PrintfHost
 .text.SEGGER_SYSVIEW_WarnfTarget
                0x0800e804       0x28 ./ThirdParty/SystemView/SYSVIEW/SEGGER_SYSVIEW.o
                0x0800e804                SEGGER_SYSVIEW_WarnfTarget
 .text.SEGGER_SYSVIEW_ErrorfTarget
                0x0800e82c       0x28 ./ThirdParty/SystemView/SYSVIEW/SEGGER_SYSVIEW.o
                0x0800e82c                SEGGER_SYSVIEW_ErrorfTarget
 .text.SEGGER_SYSVIEW_Warn
                0x0800e854       0xb8 ./ThirdParty/SystemView/SYSVIEW/SEGGER_SYSVIEW.o
                0x0800e854                SEGGER_SYSVIEW_Warn
 .text.memcmp   0x0800e90c       0x20 /opt/st/stm32cubeide_1.19.0/plugins/com.st.stm32cube.ide.mcu.externaltools.gnu-tools-for-stm32.13.3.rel1.linux64_1.0.0.202410170706/tools/bin/../lib/gcc/arm-none-eabi/13.3.1/../../../../arm-none-eabi/lib/thumb/v7e-m+fp/hard/libc_nano.a(libc_a-memcmp.o)
                0x0800e90c                memcmp
 .text.memset   0x0800e92c       0x10 /opt/st/stm32cubeide_1.19.0/plugins/com.st.stm32cube.ide.mcu.externaltools.gnu-tools-for-stm32.13.3.rel1.linux64_1.0.0.202410170706/tools/bin/../lib/gcc/arm-none-eabi/13.3.1/../../../../arm-none-eabi/lib/thumb/v7e-m+fp/hard/libc_nano.a(libc_a-memset.o)
                0x0800e92c                memset
 .text._reclaim_reent
                0x0800e93c       0xbc /opt/st/stm32cubeide_1.19.0/plugins/com.st.stm32cube.ide.mcu.externaltools.gnu-tools-for-stm32.13.3.rel1.linux64_1.0.0.202410170706/tools/bin/../lib/gcc/arm-none-eabi/13.3.1/../../../../arm-none-eabi/lib/thumb/v7e-m+fp/hard/libc_nano.a(libc_a-reent.o)
                0x0800e93c                _reclaim_reent
 .text.__libc_init_array
                0x0800e9f8       0x48 /opt/st/stm32cubeide_1.19.0/plugins/com.st.stm32cube.ide.mcu.externaltools.gnu-tools-for-stm32.13.3.rel1.linux64_1.0.0.202410170706/tools/bin/../lib/gcc/arm-none-eabi/13.3.1/../../../../arm-none-eabi/lib/thumb/v7e-m+fp/hard/libc_nano.a(libc_a-init.o)
                0x0800e9f8                __libc_init_array
 .text.__retarget_lock_acquire_recursive
                0x0800ea40        0x2 /opt/st/stm32cubeide_1.19.0/plugins/com.st.stm32cube.ide.mcu.externaltools.gnu-tools-for-stm32.13.3.rel1.linux64_1.0.0.202410170706/tools/bin/../lib/gcc/arm-none-eabi/13.3.1/../../../../arm-none-eabi/lib/thumb/v7e-m+fp/hard/libc_nano.a(libc_a-lock.o)
                0x0800ea40                __retarget_lock_acquire_recursive
 .text.__retarget_lock_release_recursive
                0x0800ea42        0x2 /opt/st/stm32cubeide_1.19.0/plugins/com.st.stm32cube.ide.mcu.externaltools.gnu-tools-for-stm32.13.3.rel1.linux64_1.0.0.202410170706/tools/bin/../lib/gcc/arm-none-eabi/13.3.1/../../../../arm-none-eabi/lib/thumb/v7e-m+fp/hard/libc_nano.a(libc_a-lock.o)
                0x0800ea42                __retarget_lock_release_recursive
 .text.memcpy   0x0800ea44       0x1c /opt/st/stm32cubeide_1.19.0/plugins/com.st.stm32cube.ide.mcu.externaltools.gnu-tools-for-stm32.13.3.rel1.linux64_1.0.0.202410170706/tools/bin/../lib/gcc/arm-none-eabi/13.3.1/../../../../arm-none-eabi/lib/thumb/v7e-m+fp/hard/libc_nano.a(libc_a-memcpy-stub.o)
                0x0800ea44                memcpy
 .text._free_r  0x0800ea60       0x94 /opt/st/stm32cubeide_1.19.0/plugins/com.st.stm32cube.ide.mcu.externaltools.gnu-tools-for-stm32.13.3.rel1.linux64_1.0.0.202410170706/tools/bin/../lib/gcc/arm-none-eabi/13.3.1/../../../../arm-none-eabi/lib/thumb/v7e-m+fp/hard/libc_nano.a(libc_a-freer.o)
                0x0800ea60                _free_r
 .text.__malloc_lock
                0x0800eaf4        0xc /opt/st/stm32cubeide_1.19.0/plugins/com.st.stm32cube.ide.mcu.externaltools.gnu-tools-for-stm32.13.3.rel1.linux64_1.0.0.202410170706/tools/bin/../lib/gcc/arm-none-eabi/13.3.1/../../../../arm-none-eabi/lib/thumb/v7e-m+fp/hard/libc_nano.a(libc_a-mlock.o)
                0x0800eaf4                __malloc_lock
 .text.__malloc_unlock
                0x0800eb00        0xc /opt/st/stm32cubeide_1.19.0/plugins/com.st.stm32cube.ide.mcu.externaltools.gnu-tools-for-stm32.13.3.rel1.linux64_1.0.0.202410170706/tools/bin/../lib/gcc/arm-none-eabi/13.3.1/../../../../arm-none-eabi/lib/thumb/v7e-m+fp/hard/libc_nano.a(libc_a-mlock.o)
                0x0800eb00                __malloc_unlock
 .text.cosf     0x0800eb0c       0x88 /opt/st/stm32cubeide_1.19.0/plugins/com.st.stm32cube.ide.mcu.externaltools.gnu-tools-for-stm32.13.3.rel1.linux64_1.0.0.202410170706/tools/bin/../lib/gcc/arm-none-eabi/13.3.1/../../../../arm-none-eabi/lib/thumb/v7e-m+fp/hard/libm.a(libm_a-sf_cos.o)
                0x0800eb0c                cosf
 .text.sinf     0x0800eb94       0x8c /opt/st/stm32cubeide_1.19.0/plugins/com.st.stm32cube.ide.mcu.externaltools.gnu-tools-for-stm32.13.3.rel1.linux64_1.0.0.202410170706/tools/bin/../lib/gcc/arm-none-eabi/13.3.1/../../../../arm-none-eabi/lib/thumb/v7e-m+fp/hard/libm.a(libm_a-sf_sin.o)
                0x0800eb94                sinf
 .text.__kernel_cosf
                0x0800ec20       0xb0 /opt/st/stm32cubeide_1.19.0/plugins/com.st.stm32cube.ide.mcu.externaltools.gnu-tools-for-stm32.13.3.rel1.linux64_1.0.0.202410170706/tools/bin/../lib/gcc/arm-none-eabi/13.3.1/../../../../arm-none-eabi/lib/thumb/v7e-m+fp/hard/libm.a(libm_a-kf_cos.o)
                0x0800ec20                __kernel_cosf
 .text.__kernel_sinf
                0x0800ecd0       0x90 /opt/st/stm32cubeide_1.19.0/plugins/com.st.stm32cube.ide.mcu.externaltools.gnu-tools-for-stm32.13.3.rel1.linux64_1.0.0.202410170706/tools/bin/../lib/gcc/arm-none-eabi/13.3.1/../../../../arm-none-eabi/lib/thumb/v7e-m+fp/hard/libm.a(libm_a-kf_sin.o)
                0x0800ecd0                __kernel_sinf
 .text.__ieee754_rem_pio2f
                0x0800ed60      0x260 /opt/st/stm32cubeide_1.19.0/plugins/com.st.stm32cube.ide.mcu.externaltools.gnu-tools-for-stm32.13.3.rel1.linux64_1.0.0.202410170706/tools/bin/../lib/gcc/arm-none-eabi/13.3.1/../../../../arm-none-eabi/lib/thumb/v7e-m+fp/hard/libm.a(libm_a-ef_rem_pio2.o)
                0x0800ed60                __ieee754_rem_pio2f
 .text.fabsf    0x0800efc0        0xe /opt/st/stm32cubeide_1.19.0/plugins/com.st.stm32cube.ide.mcu.externaltools.gnu-tools-for-stm32.13.3.rel1.linux64_1.0.0.202410170706/tools/bin/../lib/gcc/arm-none-eabi/13.3.1/../../../../arm-none-eabi/lib/thumb/v7e-m+fp/hard/libm.a(libm_a-sf_fabs.o)
                0x0800efc0                fabsf
 *fill*         0x0800efce        0x2 
 .text.__kernel_rem_pio2f
                0x0800efd0      0x4d0 /opt/st/stm32cubeide_1.19.0/plugins/com.st.stm32cube.ide.mcu.externaltools.gnu-tools-for-stm32.13.3.rel1.linux64_1.0.0.202410170706/tools/bin/../lib/gcc/arm-none-eabi/13.3.1/../../../../arm-none-eabi/lib/thumb/v7e-m+fp/hard/libm.a(libm_a-kf_rem_pio2.o)
                0x0800efd0                __kernel_rem_pio2f
 .text.scalbnf  0x0800f4a0       0xcc /opt/st/stm32cubeide_1.19.0/plugins/com.st.stm32cube.ide.mcu.externaltools.gnu-tools-for-stm32.13.3.rel1.linux64_1.0.0.202410170706/tools/bin/../lib/gcc/arm-none-eabi/13.3.1/../../../../arm-none-eabi/lib/thumb/v7e-m+fp/hard/libm.a(libm_a-sf_scalbn.o)
                0x0800f4a0                scalbnf
 .text.floorf   0x0800f56c       0x88 /opt/st/stm32cubeide_1.19.0/plugins/com.st.stm32cube.ide.mcu.externaltools.gnu-tools-for-stm32.13.3.rel1.linux64_1.0.0.202410170706/tools/bin/../lib/gcc/arm-none-eabi/13.3.1/../../../../arm-none-eabi/lib/thumb/v7e-m+fp/hard/libm.a(libm_a-sf_floor.o)
                0x0800f56c                floorf
 *(.glue_7)
 .glue_7        0x0800f5f4        0x0 linker stubs
 *(.glue_7t)
 .glue_7t       0x0800f5f4        0x0 linker stubs
 *(.eh_frame)
 .eh_frame      0x0800f5f4        0x0 /opt/st/stm32cubeide_1.19.0/plugins/com.st.stm32cube.ide.mcu.externaltools.gnu-tools-for-stm32.13.3.rel1.linux64_1.0.0.202410170706/tools/bin/../lib/gcc/arm-none-eabi/13.3.1/thumb/v7e-m+fp/hard/crtbegin.o
 *(.init)
 .init          0x0800f5f4        0x4 /opt/st/stm32cubeide_1.19.0/plugins/com.st.stm32cube.ide.mcu.externaltools.gnu-tools-for-stm32.13.3.rel1.linux64_1.0.0.202410170706/tools/bin/../lib/gcc/arm-none-eabi/13.3.1/thumb/v7e-m+fp/hard/crti.o
                0x0800f5f4                _init
 .init          0x0800f5f8        0x8 /opt/st/stm32cubeide_1.19.0/plugins/com.st.stm32cube.ide.mcu.externaltools.gnu-tools-for-stm32.13.3.rel1.linux64_1.0.0.202410170706/tools/bin/../lib/gcc/arm-none-eabi/13.3.1/thumb/v7e-m+fp/hard/crtn.o
 *(.fini)
 .fini          0x0800f600        0x4 /opt/st/stm32cubeide_1.19.0/plugins/com.st.stm32cube.ide.mcu.externaltools.gnu-tools-for-stm32.13.3.rel1.linux64_1.0.0.202410170706/tools/bin/../lib/gcc/arm-none-eabi/13.3.1/thumb/v7e-m+fp/hard/crti.o
                0x0800f600                _fini
 .fini          0x0800f604        0x8 /opt/st/stm32cubeide_1.19.0/plugins/com.st.stm32cube.ide.mcu.externaltools.gnu-tools-for-stm32.13.3.rel1.linux64_1.0.0.202410170706/tools/bin/../lib/gcc/arm-none-eabi/13.3.1/thumb/v7e-m+fp/hard/crtn.o
                0x0800f60c                        . = ALIGN (0x4)
                0x0800f60c                        _etext = .

.vfp11_veneer   0x0800f60c        0x0
 .vfp11_veneer  0x0800f60c        0x0 linker stubs

.v4_bx          0x0800f60c        0x0
 .v4_bx         0x0800f60c        0x0 linker stubs

.iplt           0x0800f60c        0x0
 .iplt          0x0800f60c        0x0 /opt/st/stm32cubeide_1.19.0/plugins/com.st.stm32cube.ide.mcu.externaltools.gnu-tools-for-stm32.13.3.rel1.linux64_1.0.0.202410170706/tools/bin/../lib/gcc/arm-none-eabi/13.3.1/thumb/v7e-m+fp/hard/crtbegin.o

.rodata         0x0800f60c      0x8fc
                0x0800f60c                        . = ALIGN (0x4)
 *(.rodata)
 .rodata        0x0800f60c        0xf ./Common/src/at_state_machine.o
 *fill*         0x0800f61b        0x1 
 .rodata        0x0800f61c       0xbd ./Common/src/network_communication.o
 *fill*         0x0800f6d9        0x3 
 .rodata        0x0800f6dc        0x4 ./Tasks/src/communication_manager.o
 .rodata        0x0800f6e0       0xa9 ./Tasks/src/motion_planning.o
 *fill*         0x0800f789        0x3 
 .rodata        0x0800f78c       0xaa ./Tasks/src/pose_estimation.o
 *fill*         0x0800f836        0x2 
 .rodata        0x0800f838       0x6e ./Tasks/src/robotto_tasks.o
 *fill*         0x0800f8a6        0x2 
 .rodata        0x0800f8a8      0x153 ./Tasks/src/wheels_control.o
 *fill*         0x0800f9fb        0x1 
 .rodata        0x0800f9fc        0x5 ./ThirdParty/FreeRTOS/tasks.o
 *fill*         0x0800fa01        0x3 
 .rodata        0x0800fa04        0xd ./ThirdParty/FreeRTOS/timers.o
 *fill*         0x0800fa11        0x3 
 .rodata        0x0800fa14        0x9 ./ThirdParty/RTT/RTT/SEGGER_RTT.o
 *fill*         0x0800fa1d        0x3 
 .rodata        0x0800fa20        0x7 ./ThirdParty/RTT/RTT/SEGGER_RTT_printf.o
 *fill*         0x0800fa27        0x1 
 .rodata        0x0800fa28       0x39 ./ThirdParty/SystemView/Config/SEGGER_SYSVIEW_Config_FreeRTOS.o
 *fill*         0x0800fa61        0x3 
 .rodata        0x0800fa64       0x58 ./ThirdParty/SystemView/FreeRTOSV11/SEGGER_SYSVIEW_FreeRTOS.o
 .rodata        0x0800fabc       0x10 ./ThirdParty/SystemView/SYSVIEW/SEGGER_SYSVIEW.o
 *(.rodata*)
 .rodata.AHBPrescTable
                0x0800facc       0x10 ./Core/Src/system_stm32f4xx.o
                0x0800facc                AHBPrescTable
 .rodata.APBPrescTable
                0x0800fadc        0x8 ./Core/Src/system_stm32f4xx.o
                0x0800fadc                APBPrescTable
 .rodata.flagBitshiftOffset.0
                0x0800fae4        0x8 ./Drivers/STM32F4xx_HAL_Driver/Src/stm32f4xx_hal_dma.o
 .rodata.uxTopUsedPriority
                0x0800faec        0x4 ./ThirdParty/FreeRTOS/tasks.o
 .rodata._aInitStr.0
                0x0800faf0       0x11 ./ThirdParty/RTT/RTT/SEGGER_RTT.o
 *fill*         0x0800fb01        0x3 
 .rodata._aV2C.0
                0x0800fb04       0x10 ./ThirdParty/RTT/RTT/SEGGER_RTT_printf.o
 .rodata.SYSVIEW_X_OS_TraceAPI
                0x0800fb14        0x8 ./ThirdParty/SystemView/FreeRTOSV11/SEGGER_SYSVIEW_FreeRTOS.o
                0x0800fb14                SYSVIEW_X_OS_TraceAPI
 .rodata._abSync
                0x0800fb1c        0xa ./ThirdParty/SystemView/SYSVIEW/SEGGER_SYSVIEW.o
 *fill*         0x0800fb26        0x2 
 .rodata._aV2C.0
                0x0800fb28       0x10 ./ThirdParty/SystemView/SYSVIEW/SEGGER_SYSVIEW.o
 .rodata.npio2_hw
                0x0800fb38       0x80 /opt/st/stm32cubeide_1.19.0/plugins/com.st.stm32cube.ide.mcu.externaltools.gnu-tools-for-stm32.13.3.rel1.linux64_1.0.0.202410170706/tools/bin/../lib/gcc/arm-none-eabi/13.3.1/../../../../arm-none-eabi/lib/thumb/v7e-m+fp/hard/libm.a(libm_a-ef_rem_pio2.o)
 .rodata.two_over_pi
                0x0800fbb8      0x318 /opt/st/stm32cubeide_1.19.0/plugins/com.st.stm32cube.ide.mcu.externaltools.gnu-tools-for-stm32.13.3.rel1.linux64_1.0.0.202410170706/tools/bin/../lib/gcc/arm-none-eabi/13.3.1/../../../../arm-none-eabi/lib/thumb/v7e-m+fp/hard/libm.a(libm_a-ef_rem_pio2.o)
 .rodata.PIo2   0x0800fed0       0x2c /opt/st/stm32cubeide_1.19.0/plugins/com.st.stm32cube.ide.mcu.externaltools.gnu-tools-for-stm32.13.3.rel1.linux64_1.0.0.202410170706/tools/bin/../lib/gcc/arm-none-eabi/13.3.1/../../../../arm-none-eabi/lib/thumb/v7e-m+fp/hard/libm.a(libm_a-kf_rem_pio2.o)
 .rodata.init_jk
                0x0800fefc        0xc /opt/st/stm32cubeide_1.19.0/plugins/com.st.stm32cube.ide.mcu.externaltools.gnu-tools-for-stm32.13.3.rel1.linux64_1.0.0.202410170706/tools/bin/../lib/gcc/arm-none-eabi/13.3.1/../../../../arm-none-eabi/lib/thumb/v7e-m+fp/hard/libm.a(libm_a-kf_rem_pio2.o)
                0x0800ff08                        . = ALIGN (0x4)

.ARM.extab      0x0800ff08        0x0
                0x0800ff08                        . = ALIGN (0x4)
 *(.ARM.extab* .gnu.linkonce.armextab.*)
                0x0800ff08                        . = ALIGN (0x4)

.ARM            0x0800ff08        0x8
                0x0800ff08                        . = ALIGN (0x4)
                0x0800ff08                        __exidx_start = .
 *(.ARM.exidx*)
 .ARM.exidx     0x0800ff08        0x8 /opt/st/stm32cubeide_1.19.0/plugins/com.st.stm32cube.ide.mcu.externaltools.gnu-tools-for-stm32.13.3.rel1.linux64_1.0.0.202410170706/tools/bin/../lib/gcc/arm-none-eabi/13.3.1/../../../../arm-none-eabi/lib/thumb/v7e-m+fp/hard/libc_nano.a(libc_a-strcmp.o)
 .ARM.exidx     0x0800ff10        0x0 /opt/st/stm32cubeide_1.19.0/plugins/com.st.stm32cube.ide.mcu.externaltools.gnu-tools-for-stm32.13.3.rel1.linux64_1.0.0.202410170706/tools/bin/../lib/gcc/arm-none-eabi/13.3.1/../../../../arm-none-eabi/lib/thumb/v7e-m+fp/hard/libc_nano.a(libc_a-strlen.o)
                                  0x8 (size before relaxing)
 .ARM.exidx     0x0800ff10        0x0 /opt/st/stm32cubeide_1.19.0/plugins/com.st.stm32cube.ide.mcu.externaltools.gnu-tools-for-stm32.13.3.rel1.linux64_1.0.0.202410170706/tools/bin/../lib/gcc/arm-none-eabi/13.3.1/thumb/v7e-m+fp/hard/libgcc.a(_udivmoddi4.o)
                                  0x8 (size before relaxing)
                0x0800ff10                        __exidx_end = .
                0x0800ff10                        . = ALIGN (0x4)

.preinit_array  0x0800ff10        0x0
                0x0800ff10                        . = ALIGN (0x4)
                0x0800ff10                        PROVIDE (__preinit_array_start = .)
 *(.preinit_array*)
                0x0800ff10                        PROVIDE (__preinit_array_end = .)
                0x0800ff10                        . = ALIGN (0x4)

.init_array     0x0800ff10        0x4
                0x0800ff10                        . = ALIGN (0x4)
                0x0800ff10                        PROVIDE (__init_array_start = .)
 *(SORT_BY_NAME(.init_array.*))
 *(.init_array*)
 .init_array    0x0800ff10        0x4 /opt/st/stm32cubeide_1.19.0/plugins/com.st.stm32cube.ide.mcu.externaltools.gnu-tools-for-stm32.13.3.rel1.linux64_1.0.0.202410170706/tools/bin/../lib/gcc/arm-none-eabi/13.3.1/thumb/v7e-m+fp/hard/crtbegin.o
                0x0800ff14                        PROVIDE (__init_array_end = .)
                0x0800ff14                        . = ALIGN (0x4)

.fini_array     0x0800ff14        0x4
                0x0800ff14                        . = ALIGN (0x4)
                [!provide]                        PROVIDE (__fini_array_start = .)
 *(SORT_BY_NAME(.fini_array.*))
 *(.fini_array*)
 .fini_array    0x0800ff14        0x4 /opt/st/stm32cubeide_1.19.0/plugins/com.st.stm32cube.ide.mcu.externaltools.gnu-tools-for-stm32.13.3.rel1.linux64_1.0.0.202410170706/tools/bin/../lib/gcc/arm-none-eabi/13.3.1/thumb/v7e-m+fp/hard/crtbegin.o
                [!provide]                        PROVIDE (__fini_array_end = .)
                0x0800ff18                        . = ALIGN (0x4)
                0x0800ff18                        _sidata = LOADADDR (.data)

.rel.dyn        0x0800ff18        0x0
 .rel.iplt      0x0800ff18        0x0 /opt/st/stm32cubeide_1.19.0/plugins/com.st.stm32cube.ide.mcu.externaltools.gnu-tools-for-stm32.13.3.rel1.linux64_1.0.0.202410170706/tools/bin/../lib/gcc/arm-none-eabi/13.3.1/thumb/v7e-m+fp/hard/crtbegin.o

.data           0x20000000       0xb4 load address 0x0800ff18
                0x20000000                        . = ALIGN (0x4)
                0x20000000                        _sdata = .
 *(.data)
 *(.data*)
 .data.device_hi2c_mapping
                0x20000000        0xc ./Common/src/i2c_busses.o
                0x20000000                device_hi2c_mapping
 .data.device_mutex_mapping
                0x2000000c        0xc ./Common/src/i2c_busses.o
                0x2000000c                device_mutex_mapping
 .data.init_commands
                0x20000018       0x1c ./Common/src/network_communication.o
 .data.SystemCoreClock
                0x20000034        0x4 ./Core/Src/system_stm32f4xx.o
                0x20000034                SystemCoreClock
 .data.uwTickPrio
                0x20000038        0x4 ./Drivers/STM32F4xx_HAL_Driver/Src/stm32f4xx_hal.o
                0x20000038                uwTickPrio
 .data.uwTickFreq
                0x2000003c        0x1 ./Drivers/STM32F4xx_HAL_Driver/Src/stm32f4xx_hal.o
                0x2000003c                uwTickFreq
 *fill*         0x2000003d        0x3 
 .data.pid_left
                0x20000040       0x10 ./Logic/src/pid_motor_controller.o
 .data.pid_right
                0x20000050       0x10 ./Logic/src/pid_motor_controller.o
 .data.uxCriticalNesting
                0x20000060        0x4 ./ThirdParty/FreeRTOS/portable/GCC/ARM_CM4F/port.o
 .data._impure_ptr
                0x20000064        0x4 /opt/st/stm32cubeide_1.19.0/plugins/com.st.stm32cube.ide.mcu.externaltools.gnu-tools-for-stm32.13.3.rel1.linux64_1.0.0.202410170706/tools/bin/../lib/gcc/arm-none-eabi/13.3.1/../../../../arm-none-eabi/lib/thumb/v7e-m+fp/hard/libc_nano.a(libc_a-impure.o)
                0x20000064                _impure_ptr
 .data._impure_data
                0x20000068       0x4c /opt/st/stm32cubeide_1.19.0/plugins/com.st.stm32cube.ide.mcu.externaltools.gnu-tools-for-stm32.13.3.rel1.linux64_1.0.0.202410170706/tools/bin/../lib/gcc/arm-none-eabi/13.3.1/../../../../arm-none-eabi/lib/thumb/v7e-m+fp/hard/libc_nano.a(libc_a-impure.o)
                0x20000068                _impure_data
 *(.RamFunc)
 *(.RamFunc*)
                0x200000b4                        . = ALIGN (0x4)
                0x200000b4                        _edata = .

.igot.plt       0x200000b4        0x0 load address 0x0800ffcc
 .igot.plt      0x200000b4        0x0 /opt/st/stm32cubeide_1.19.0/plugins/com.st.stm32cube.ide.mcu.externaltools.gnu-tools-for-stm32.13.3.rel1.linux64_1.0.0.202410170706/tools/bin/../lib/gcc/arm-none-eabi/13.3.1/thumb/v7e-m+fp/hard/crtbegin.o
                0x200000b4                        . = ALIGN (0x4)

.bss            0x200000b4     0x60f0 load address 0x0800ffcc
                0x200000b4                        _sbss = .
                0x200000b4                        __bss_start__ = _sbss
 *(.bss)
 .bss           0x200000b4       0x1c /opt/st/stm32cubeide_1.19.0/plugins/com.st.stm32cube.ide.mcu.externaltools.gnu-tools-for-stm32.13.3.rel1.linux64_1.0.0.202410170706/tools/bin/../lib/gcc/arm-none-eabi/13.3.1/thumb/v7e-m+fp/hard/crtbegin.o
 *(.bss*)
 .bss.at_status
                0x200000d0        0x1 ./Common/src/at_state_machine.o
 .bss.latest_answer
                0x200000d1        0x1 ./Common/src/at_state_machine.o
                0x200000d1                latest_answer
 *fill*         0x200000d2        0x2 
 .bss.reply_buffer
                0x200000d4      0x400 ./Common/src/at_state_machine.o
 .bss.reply_len
                0x200004d4        0x2 ./Common/src/at_state_machine.o
 .bss.number_of_unexpected_communications
                0x200004d6        0x2 ./Common/src/at_state_machine.o
 .bss.i2c1_mutex
                0x200004d8        0x4 ./Common/src/i2c_busses.o
                0x200004d8                i2c1_mutex
 .bss.i2c2_mutex
                0x200004dc        0x4 ./Common/src/i2c_busses.o
                0x200004dc                i2c2_mutex
 .bss.counter.1
                0x200004e0        0x1 ./Common/src/network_communication.o
 .bss.command_index.0
                0x200004e1        0x1 ./Common/src/network_communication.o
 *fill*         0x200004e2        0x2 
 .bss.esp_uart_dma_rx_buf
                0x200004e4      0x400 ./Common/src/uart_reader.o
                0x200004e4                esp_uart_dma_rx_buf
 .bss.tail_ptr.0
                0x200008e4        0x2 ./Common/src/uart_reader.o
 *fill*         0x200008e6        0x2 
 .bss.esp_uart_dma_tx_buf
                0x200008e8      0x400 ./Common/src/uart_writer.o
                0x200008e8                esp_uart_dma_tx_buf
 .bss.complete  0x20000ce8        0x1 ./Common/src/uart_writer.o
 *fill*         0x20000ce9        0x3 
 .bss.hi2c1     0x20000cec       0x54 ./Core/Src/main.o
                0x20000cec                hi2c1
 .bss.hi2c2     0x20000d40       0x54 ./Core/Src/main.o
                0x20000d40                hi2c2
 .bss.htim1     0x20000d94       0x48 ./Core/Src/main.o
                0x20000d94                htim1
 .bss.huart4    0x20000ddc       0x48 ./Core/Src/main.o
                0x20000ddc                huart4
 .bss.hdma_uart4_rx
                0x20000e24       0x60 ./Core/Src/main.o
                0x20000e24                hdma_uart4_rx
 .bss.hdma_uart4_tx
                0x20000e84       0x60 ./Core/Src/main.o
                0x20000e84                hdma_uart4_tx
 .bss.htim7     0x20000ee4       0x48 ./Core/Src/stm32f4xx_hal_timebase_tim.o
                0x20000ee4                htim7
 .bss.uwTick    0x20000f2c        0x4 ./Drivers/STM32F4xx_HAL_Driver/Src/stm32f4xx_hal.o
                0x20000f2c                uwTick
 .bss.last_error
                0x20000f30        0x4 ./Tasks/src/communication_manager.o
 .bss.activity_status.0
                0x20000f34        0x1 ./Tasks/src/communication_manager.o
 *fill*         0x20000f35        0x3 
 .bss.last_error
                0x20000f38        0x4 ./Tasks/src/motion_planning.o
 .bss.counter.1
                0x20000f3c        0x4 ./Tasks/src/motion_planning.o
 .bss.activity_status.0
                0x20000f40        0x1 ./Tasks/src/motion_planning.o
 *fill*         0x20000f41        0x3 
 .bss.last_error
                0x20000f44        0x4 ./Tasks/src/pose_estimation.o
 .bss.imu_bias  0x20000f48       0x1c ./Tasks/src/pose_estimation.o
 .bss.counter.2
                0x20000f64        0x4 ./Tasks/src/pose_estimation.o
 .bss.estimated_pose.1
                0x20000f68       0x10 ./Tasks/src/pose_estimation.o
 .bss.activity_status.0
                0x20000f78        0x1 ./Tasks/src/pose_estimation.o
 *fill*         0x20000f79        0x3 
 .bss.led_task_handle
                0x20000f7c        0x4 ./Tasks/src/robotto_tasks.o
                0x20000f7c                led_task_handle
 .bss.motor_task_handle
                0x20000f80        0x4 ./Tasks/src/robotto_tasks.o
                0x20000f80                motor_task_handle
 .bss.motion_planning_handle
                0x20000f84        0x4 ./Tasks/src/robotto_tasks.o
                0x20000f84                motion_planning_handle
 .bss.buttonTaskHandle
                0x20000f88        0x4 ./Tasks/src/robotto_tasks.o
                0x20000f88                buttonTaskHandle
 .bss.pose_estimation_handles
                0x20000f8c        0x4 ./Tasks/src/robotto_tasks.o
                0x20000f8c                pose_estimation_handles
 .bss.communication_manager_handles
                0x20000f90        0x4 ./Tasks/src/robotto_tasks.o
                0x20000f90                communication_manager_handles
 .bss.behavior_queue_handle
                0x20000f94        0x4 ./Tasks/src/robotto_tasks.o
                0x20000f94                behavior_queue_handle
 .bss.wheels_speed_set_points_queue_handle
                0x20000f98        0x4 ./Tasks/src/robotto_tasks.o
                0x20000f98                wheels_speed_set_points_queue_handle
 .bss.wheels_status_queue_handle
                0x20000f9c        0x4 ./Tasks/src/robotto_tasks.o
                0x20000f9c                wheels_status_queue_handle
 .bss.robotto_pose_queue_handle
                0x20000fa0        0x4 ./Tasks/src/robotto_tasks.o
                0x20000fa0                robotto_pose_queue_handle
 .bss.last.1    0x20000fa4        0x4 ./Tasks/src/robotto_tasks.o
 .bss.behavior.0
                0x20000fa8        0x1 ./Tasks/src/robotto_tasks.o
 *fill*         0x20000fa9        0x3 
 .bss.last_error
                0x20000fac        0x4 ./Tasks/src/wheels_control.o
 .bss.speed_set_point.4
                0x20000fb0        0xc ./Tasks/src/wheels_control.o
 .bss.missing_setpoint_counter.3
                0x20000fbc        0x4 ./Tasks/src/wheels_control.o
 .bss.activity_status.2
                0x20000fc0        0x1 ./Tasks/src/wheels_control.o
 *fill*         0x20000fc1        0x3 
 .bss.left_wheel_status.1
                0x20000fc4       0x18 ./Tasks/src/wheels_control.o
 .bss.right_wheel_status.0
                0x20000fdc       0x18 ./Tasks/src/wheels_control.o
 .bss.xQueueRegistry
                0x20000ff4       0x40 ./ThirdParty/FreeRTOS/queue.o
                0x20000ff4                xQueueRegistry
 .bss.pxCurrentTCB
                0x20001034        0x4 ./ThirdParty/FreeRTOS/tasks.o
                0x20001034                pxCurrentTCB
 .bss.pxReadyTasksLists
                0x20001038       0xa0 ./ThirdParty/FreeRTOS/tasks.o
 .bss.xDelayedTaskList1
                0x200010d8       0x14 ./ThirdParty/FreeRTOS/tasks.o
 .bss.xDelayedTaskList2
                0x200010ec       0x14 ./ThirdParty/FreeRTOS/tasks.o
 .bss.pxDelayedTaskList
                0x20001100        0x4 ./ThirdParty/FreeRTOS/tasks.o
 .bss.pxOverflowDelayedTaskList
                0x20001104        0x4 ./ThirdParty/FreeRTOS/tasks.o
 .bss.xPendingReadyList
                0x20001108       0x14 ./ThirdParty/FreeRTOS/tasks.o
 .bss.xTasksWaitingTermination
                0x2000111c       0x14 ./ThirdParty/FreeRTOS/tasks.o
 .bss.uxDeletedTasksWaitingCleanUp
                0x20001130        0x4 ./ThirdParty/FreeRTOS/tasks.o
 .bss.xSuspendedTaskList
                0x20001134       0x14 ./ThirdParty/FreeRTOS/tasks.o
 .bss.uxCurrentNumberOfTasks
                0x20001148        0x4 ./ThirdParty/FreeRTOS/tasks.o
 .bss.xTickCount
                0x2000114c        0x4 ./ThirdParty/FreeRTOS/tasks.o
 .bss.uxTopReadyPriority
                0x20001150        0x4 ./ThirdParty/FreeRTOS/tasks.o
 .bss.xSchedulerRunning
                0x20001154        0x4 ./ThirdParty/FreeRTOS/tasks.o
 .bss.xPendedTicks
                0x20001158        0x4 ./ThirdParty/FreeRTOS/tasks.o
 .bss.xYieldPendings
                0x2000115c        0x4 ./ThirdParty/FreeRTOS/tasks.o
 .bss.xNumOfOverflows
                0x20001160        0x4 ./ThirdParty/FreeRTOS/tasks.o
 .bss.uxTaskNumber
                0x20001164        0x4 ./ThirdParty/FreeRTOS/tasks.o
 .bss.xNextTaskUnblockTime
                0x20001168        0x4 ./ThirdParty/FreeRTOS/tasks.o
 .bss.xIdleTaskHandles
                0x2000116c        0x4 ./ThirdParty/FreeRTOS/tasks.o
 .bss.uxSchedulerSuspended
                0x20001170        0x4 ./ThirdParty/FreeRTOS/tasks.o
 .bss.xIdleTaskTCB.3
                0x20001174       0xa8 ./ThirdParty/FreeRTOS/tasks.o
 .bss.uxIdleTaskStack.2
                0x2000121c      0x200 ./ThirdParty/FreeRTOS/tasks.o
 .bss.xTimerTaskTCB.1
                0x2000141c       0xa8 ./ThirdParty/FreeRTOS/tasks.o
 .bss.uxTimerTaskStack.0
                0x200014c4      0x400 ./ThirdParty/FreeRTOS/tasks.o
 .bss.xActiveTimerList1
                0x200018c4       0x14 ./ThirdParty/FreeRTOS/timers.o
 .bss.xActiveTimerList2
                0x200018d8       0x14 ./ThirdParty/FreeRTOS/timers.o
 .bss.pxCurrentTimerList
                0x200018ec        0x4 ./ThirdParty/FreeRTOS/timers.o
 .bss.pxOverflowTimerList
                0x200018f0        0x4 ./ThirdParty/FreeRTOS/timers.o
 .bss.xTimerQueue
                0x200018f4        0x4 ./ThirdParty/FreeRTOS/timers.o
 .bss.xTimerTaskHandle
                0x200018f8        0x4 ./ThirdParty/FreeRTOS/timers.o
 .bss.xLastTime.2
                0x200018fc        0x4 ./ThirdParty/FreeRTOS/timers.o
 .bss.ucStaticTimerQueueStorage.1
                0x20001900       0x78 ./ThirdParty/FreeRTOS/timers.o
 .bss.xStaticTimerQueue.0
                0x20001978       0x50 ./ThirdParty/FreeRTOS/timers.o