../Core/Src/main.c:85:5:main	8	static
../Core/Src/main.c:141:6:SystemClock_Config	88	static
../Core/Src/main.c:189:13:MX_I2C1_Init	8	static
../Core/Src/main.c:223:13:MX_I2C2_Init	8	static
../Core/Src/main.c:257:13:MX_TIM1_Init	96	static
../Core/Src/main.c:336:13:MX_UART4_Init	8	static
../Core/Src/main.c:367:13:MX_DMA_Init	16	static
../Core/Src/main.c:388:13:MX_GPIO_Init	40	static
../Core/Src/main.c:455:6:HAL_TIM_PeriodElapsedCallback	16	static
../Core/Src/main.c:473:6:Error_Handler	4	static,ignoring_inline_asm
