../Tasks/src/robotto_tasks.c:64:6:HAL_GPIO_EXTI_Callback	24	static,ignoring_inline_asm
../Tasks/src/robotto_tasks.c:86:6:ledBlinkTask	24	static
../Tasks/src/robotto_tasks.c:95:6:buttonTask	16	static
../Tasks/src/robotto_tasks.c:113:6:motionPlanningTask	24	static
../Tasks/src/robotto_tasks.c:125:6:wheelsControlTask	24	static
../Tasks/src/robotto_tasks.c:137:6:poseEstimationTask	24	static
../Tasks/src/robotto_tasks.c:150:6:communicationManagerTask	24	static
../Tasks/src/robotto_tasks.c:164:18:createQueues	8	static
../Tasks/src/robotto_tasks.c:192:18:createTasks	16	static
../Tasks/src/robotto_tasks.c:227:18:setupRobotto	8	static
