../Common/src/at_state_machine.c:43:6:ATSM_reset	8	static
../Common/src/at_state_machine.c:51:6:startNewRequest	16	static
../Common/src/at_state_machine.c:67:6:completeRequest	4	static
../Common/src/at_state_machine.c:73:6:checkTimeout	8	static
../Common/src/at_state_machine.c:82:10:ATSM_runRequest	16	static
../Common/src/at_state_machine.c:104:10:parseReplyBuffer	144	static
../Common/src/at_state_machine.c:148:6:ATSM_processNewData	8	static
../Common/src/at_state_machine.c:164:6:ATSM_newRecievedData	16	static
